
*** Running vivado
    with args -log ublaze_wrapper.vds -m64 -product Vivado -mode batch -messageDb vivado.pb -notrace -source ublaze_wrapper.tcl


****** Vivado v2019.1.2 (64-bit)
  **** SW Build 2615518 on Fri Aug  9 15:55:25 MDT 2019
  **** IP Build 2614745 on Fri Aug  9 20:55:02 MDT 2019
    ** Copyright 1986-2019 Xilinx, Inc. All Rights Reserved.

source ublaze_wrapper.tcl -notrace
INFO: [IP_Flow 19-234] Refreshing IP repositories
INFO: [IP_Flow 19-1704] No user IP repositories specified
INFO: [IP_Flow 19-2313] Loaded Vivado IP repository 'C:/PROGRAMS/Xilinx/Vivado/2019.1/data/ip'.
Command: synth_design -top ublaze_wrapper -part xc7a35tcpg236-1
Starting synth_design
Attempting to get a license for feature 'Synthesis' and/or device 'xc7a35t'
INFO: [Common 17-349] Got license for feature 'Synthesis' and/or device 'xc7a35t'
INFO: [Device 21-403] Loading part xc7a35tcpg236-1
INFO: Launching helper process for spawning children vivado processes
INFO: Helper process launched with PID 16260 
---------------------------------------------------------------------------------
Starting RTL Elaboration : Time (s): cpu = 00:00:03 ; elapsed = 00:00:03 . Memory (MB): peak = 742.031 ; gain = 178.441
---------------------------------------------------------------------------------
INFO: [Synth 8-638] synthesizing module 'ublaze_wrapper' [U:/Documents/SoC/Tutoriel/tutorial/tutorial.srcs/sources_1/bd/ublaze/hdl/ublaze_wrapper.vhd:24]
INFO: [Synth 8-3491] module 'IOBUF' declared at 'C:/PROGRAMS/Xilinx/Vivado/2019.1/scripts/rt/data/unisim_comp.v:36131' bound to instance 'led_16bits_tri_iobuf_0' of component 'IOBUF' [U:/Documents/SoC/Tutoriel/tutorial/tutorial.srcs/sources_1/bd/ublaze/hdl/ublaze_wrapper.vhd:109]
INFO: [Synth 8-6157] synthesizing module 'IOBUF' [C:/PROGRAMS/Xilinx/Vivado/2019.1/scripts/rt/data/unisim_comp.v:36131]
	Parameter DRIVE bound to: 12 - type: integer 
	Parameter IBUF_LOW_PWR bound to: TRUE - type: string 
	Parameter IOSTANDARD bound to: DEFAULT - type: string 
	Parameter SLEW bound to: SLOW - type: string 
INFO: [Synth 8-6155] done synthesizing module 'IOBUF' (1#1) [C:/PROGRAMS/Xilinx/Vivado/2019.1/scripts/rt/data/unisim_comp.v:36131]
INFO: [Synth 8-3491] module 'IOBUF' declared at 'C:/PROGRAMS/Xilinx/Vivado/2019.1/scripts/rt/data/unisim_comp.v:36131' bound to instance 'led_16bits_tri_iobuf_1' of component 'IOBUF' [U:/Documents/SoC/Tutoriel/tutorial/tutorial.srcs/sources_1/bd/ublaze/hdl/ublaze_wrapper.vhd:116]
INFO: [Synth 8-3491] module 'IOBUF' declared at 'C:/PROGRAMS/Xilinx/Vivado/2019.1/scripts/rt/data/unisim_comp.v:36131' bound to instance 'led_16bits_tri_iobuf_10' of component 'IOBUF' [U:/Documents/SoC/Tutoriel/tutorial/tutorial.srcs/sources_1/bd/ublaze/hdl/ublaze_wrapper.vhd:123]
INFO: [Synth 8-3491] module 'IOBUF' declared at 'C:/PROGRAMS/Xilinx/Vivado/2019.1/scripts/rt/data/unisim_comp.v:36131' bound to instance 'led_16bits_tri_iobuf_11' of component 'IOBUF' [U:/Documents/SoC/Tutoriel/tutorial/tutorial.srcs/sources_1/bd/ublaze/hdl/ublaze_wrapper.vhd:130]
INFO: [Synth 8-3491] module 'IOBUF' declared at 'C:/PROGRAMS/Xilinx/Vivado/2019.1/scripts/rt/data/unisim_comp.v:36131' bound to instance 'led_16bits_tri_iobuf_12' of component 'IOBUF' [U:/Documents/SoC/Tutoriel/tutorial/tutorial.srcs/sources_1/bd/ublaze/hdl/ublaze_wrapper.vhd:137]
INFO: [Synth 8-3491] module 'IOBUF' declared at 'C:/PROGRAMS/Xilinx/Vivado/2019.1/scripts/rt/data/unisim_comp.v:36131' bound to instance 'led_16bits_tri_iobuf_13' of component 'IOBUF' [U:/Documents/SoC/Tutoriel/tutorial/tutorial.srcs/sources_1/bd/ublaze/hdl/ublaze_wrapper.vhd:144]
INFO: [Synth 8-3491] module 'IOBUF' declared at 'C:/PROGRAMS/Xilinx/Vivado/2019.1/scripts/rt/data/unisim_comp.v:36131' bound to instance 'led_16bits_tri_iobuf_14' of component 'IOBUF' [U:/Documents/SoC/Tutoriel/tutorial/tutorial.srcs/sources_1/bd/ublaze/hdl/ublaze_wrapper.vhd:151]
INFO: [Synth 8-3491] module 'IOBUF' declared at 'C:/PROGRAMS/Xilinx/Vivado/2019.1/scripts/rt/data/unisim_comp.v:36131' bound to instance 'led_16bits_tri_iobuf_15' of component 'IOBUF' [U:/Documents/SoC/Tutoriel/tutorial/tutorial.srcs/sources_1/bd/ublaze/hdl/ublaze_wrapper.vhd:158]
INFO: [Synth 8-3491] module 'IOBUF' declared at 'C:/PROGRAMS/Xilinx/Vivado/2019.1/scripts/rt/data/unisim_comp.v:36131' bound to instance 'led_16bits_tri_iobuf_2' of component 'IOBUF' [U:/Documents/SoC/Tutoriel/tutorial/tutorial.srcs/sources_1/bd/ublaze/hdl/ublaze_wrapper.vhd:165]
INFO: [Synth 8-3491] module 'IOBUF' declared at 'C:/PROGRAMS/Xilinx/Vivado/2019.1/scripts/rt/data/unisim_comp.v:36131' bound to instance 'led_16bits_tri_iobuf_3' of component 'IOBUF' [U:/Documents/SoC/Tutoriel/tutorial/tutorial.srcs/sources_1/bd/ublaze/hdl/ublaze_wrapper.vhd:172]
INFO: [Synth 8-3491] module 'IOBUF' declared at 'C:/PROGRAMS/Xilinx/Vivado/2019.1/scripts/rt/data/unisim_comp.v:36131' bound to instance 'led_16bits_tri_iobuf_4' of component 'IOBUF' [U:/Documents/SoC/Tutoriel/tutorial/tutorial.srcs/sources_1/bd/ublaze/hdl/ublaze_wrapper.vhd:179]
INFO: [Synth 8-3491] module 'IOBUF' declared at 'C:/PROGRAMS/Xilinx/Vivado/2019.1/scripts/rt/data/unisim_comp.v:36131' bound to instance 'led_16bits_tri_iobuf_5' of component 'IOBUF' [U:/Documents/SoC/Tutoriel/tutorial/tutorial.srcs/sources_1/bd/ublaze/hdl/ublaze_wrapper.vhd:186]
INFO: [Synth 8-3491] module 'IOBUF' declared at 'C:/PROGRAMS/Xilinx/Vivado/2019.1/scripts/rt/data/unisim_comp.v:36131' bound to instance 'led_16bits_tri_iobuf_6' of component 'IOBUF' [U:/Documents/SoC/Tutoriel/tutorial/tutorial.srcs/sources_1/bd/ublaze/hdl/ublaze_wrapper.vhd:193]
INFO: [Synth 8-3491] module 'IOBUF' declared at 'C:/PROGRAMS/Xilinx/Vivado/2019.1/scripts/rt/data/unisim_comp.v:36131' bound to instance 'led_16bits_tri_iobuf_7' of component 'IOBUF' [U:/Documents/SoC/Tutoriel/tutorial/tutorial.srcs/sources_1/bd/ublaze/hdl/ublaze_wrapper.vhd:200]
INFO: [Synth 8-3491] module 'IOBUF' declared at 'C:/PROGRAMS/Xilinx/Vivado/2019.1/scripts/rt/data/unisim_comp.v:36131' bound to instance 'led_16bits_tri_iobuf_8' of component 'IOBUF' [U:/Documents/SoC/Tutoriel/tutorial/tutorial.srcs/sources_1/bd/ublaze/hdl/ublaze_wrapper.vhd:207]
INFO: [Synth 8-3491] module 'IOBUF' declared at 'C:/PROGRAMS/Xilinx/Vivado/2019.1/scripts/rt/data/unisim_comp.v:36131' bound to instance 'led_16bits_tri_iobuf_9' of component 'IOBUF' [U:/Documents/SoC/Tutoriel/tutorial/tutorial.srcs/sources_1/bd/ublaze/hdl/ublaze_wrapper.vhd:214]
INFO: [Synth 8-3491] module 'ublaze' declared at 'U:/Documents/SoC/Tutoriel/tutorial/tutorial.srcs/sources_1/bd/ublaze/synth/ublaze.vhd:1354' bound to instance 'ublaze_i' of component 'ublaze' [U:/Documents/SoC/Tutoriel/tutorial/tutorial.srcs/sources_1/bd/ublaze/hdl/ublaze_wrapper.vhd:221]
INFO: [Synth 8-638] synthesizing module 'ublaze' [U:/Documents/SoC/Tutoriel/tutorial/tutorial.srcs/sources_1/bd/ublaze/synth/ublaze.vhd:1370]
INFO: [Synth 8-3491] module 'ublaze_axi_gpio_0_0' declared at 'U:/Documents/SoC/Tutoriel/tutorial/tutorial.runs/synth_1/.Xil/Vivado-16216-c306-pc1/realtime/ublaze_axi_gpio_0_0_stub.vhdl:5' bound to instance 'axi_gpio_0' of component 'ublaze_axi_gpio_0_0' [U:/Documents/SoC/Tutoriel/tutorial/tutorial.srcs/sources_1/bd/ublaze/synth/ublaze.vhd:1636]
INFO: [Synth 8-638] synthesizing module 'ublaze_axi_gpio_0_0' [U:/Documents/SoC/Tutoriel/tutorial/tutorial.runs/synth_1/.Xil/Vivado-16216-c306-pc1/realtime/ublaze_axi_gpio_0_0_stub.vhdl:33]
INFO: [Synth 8-3491] module 'ublaze_axi_uartlite_0_0' declared at 'U:/Documents/SoC/Tutoriel/tutorial/tutorial.runs/synth_1/.Xil/Vivado-16216-c306-pc1/realtime/ublaze_axi_uartlite_0_0_stub.vhdl:5' bound to instance 'axi_uartlite_0' of component 'ublaze_axi_uartlite_0_0' [U:/Documents/SoC/Tutoriel/tutorial/tutorial.srcs/sources_1/bd/ublaze/synth/ublaze.vhd:1661]
INFO: [Synth 8-638] synthesizing module 'ublaze_axi_uartlite_0_0' [U:/Documents/SoC/Tutoriel/tutorial/tutorial.runs/synth_1/.Xil/Vivado-16216-c306-pc1/realtime/ublaze_axi_uartlite_0_0_stub.vhdl:33]
INFO: [Synth 8-3491] module 'ublaze_clk_wiz_0_0' declared at 'U:/Documents/SoC/Tutoriel/tutorial/tutorial.runs/synth_1/.Xil/Vivado-16216-c306-pc1/realtime/ublaze_clk_wiz_0_0_stub.vhdl:5' bound to instance 'clk_wiz_0' of component 'ublaze_clk_wiz_0_0' [U:/Documents/SoC/Tutoriel/tutorial/tutorial.srcs/sources_1/bd/ublaze/synth/ublaze.vhd:1686]
INFO: [Synth 8-638] synthesizing module 'ublaze_clk_wiz_0_0' [U:/Documents/SoC/Tutoriel/tutorial/tutorial.runs/synth_1/.Xil/Vivado-16216-c306-pc1/realtime/ublaze_clk_wiz_0_0_stub.vhdl:15]
INFO: [Synth 8-3491] module 'ublaze_mdm_1_0' declared at 'U:/Documents/SoC/Tutoriel/tutorial/tutorial.runs/synth_1/.Xil/Vivado-16216-c306-pc1/realtime/ublaze_mdm_1_0_stub.vhdl:5' bound to instance 'mdm_1' of component 'ublaze_mdm_1_0' [U:/Documents/SoC/Tutoriel/tutorial/tutorial.srcs/sources_1/bd/ublaze/synth/ublaze.vhd:1693]
INFO: [Synth 8-638] synthesizing module 'ublaze_mdm_1_0' [U:/Documents/SoC/Tutoriel/tutorial/tutorial.runs/synth_1/.Xil/Vivado-16216-c306-pc1/realtime/ublaze_mdm_1_0_stub.vhdl:21]
INFO: [Synth 8-3491] module 'ublaze_microblaze_0_0' declared at 'U:/Documents/SoC/Tutoriel/tutorial/tutorial.runs/synth_1/.Xil/Vivado-16216-c306-pc1/realtime/ublaze_microblaze_0_0_stub.vhdl:5' bound to instance 'microblaze_0' of component 'ublaze_microblaze_0_0' [U:/Documents/SoC/Tutoriel/tutorial/tutorial.srcs/sources_1/bd/ublaze/synth/ublaze.vhd:1706]
INFO: [Synth 8-638] synthesizing module 'ublaze_microblaze_0_0' [U:/Documents/SoC/Tutoriel/tutorial/tutorial.runs/synth_1/.Xil/Vivado-16216-c306-pc1/realtime/ublaze_microblaze_0_0_stub.vhdl:63]
INFO: [Synth 8-638] synthesizing module 'ublaze_microblaze_0_axi_periph_0' [U:/Documents/SoC/Tutoriel/tutorial/tutorial.srcs/sources_1/bd/ublaze/synth/ublaze.vhd:951]
INFO: [Synth 8-638] synthesizing module 'm00_couplers_imp_1WILQL2' [U:/Documents/SoC/Tutoriel/tutorial/tutorial.srcs/sources_1/bd/ublaze/synth/ublaze.vhd:57]
INFO: [Synth 8-256] done synthesizing module 'm00_couplers_imp_1WILQL2' (2#1) [U:/Documents/SoC/Tutoriel/tutorial/tutorial.srcs/sources_1/bd/ublaze/synth/ublaze.vhd:57]
INFO: [Synth 8-638] synthesizing module 'm01_couplers_imp_OKYVYF' [U:/Documents/SoC/Tutoriel/tutorial/tutorial.srcs/sources_1/bd/ublaze/synth/ublaze.vhd:158]
INFO: [Synth 8-256] done synthesizing module 'm01_couplers_imp_OKYVYF' (3#1) [U:/Documents/SoC/Tutoriel/tutorial/tutorial.srcs/sources_1/bd/ublaze/synth/ublaze.vhd:158]
INFO: [Synth 8-638] synthesizing module 's00_couplers_imp_1HOQQMF' [U:/Documents/SoC/Tutoriel/tutorial/tutorial.srcs/sources_1/bd/ublaze/synth/ublaze.vhd:821]
INFO: [Synth 8-256] done synthesizing module 's00_couplers_imp_1HOQQMF' (4#1) [U:/Documents/SoC/Tutoriel/tutorial/tutorial.srcs/sources_1/bd/ublaze/synth/ublaze.vhd:821]
INFO: [Synth 8-3491] module 'ublaze_xbar_0' declared at 'U:/Documents/SoC/Tutoriel/tutorial/tutorial.runs/synth_1/.Xil/Vivado-16216-c306-pc1/realtime/ublaze_xbar_0_stub.vhdl:5' bound to instance 'xbar' of component 'ublaze_xbar_0' [U:/Documents/SoC/Tutoriel/tutorial/tutorial.srcs/sources_1/bd/ublaze/synth/ublaze.vhd:1289]
INFO: [Synth 8-638] synthesizing module 'ublaze_xbar_0' [U:/Documents/SoC/Tutoriel/tutorial/tutorial.runs/synth_1/.Xil/Vivado-16216-c306-pc1/realtime/ublaze_xbar_0_stub.vhdl:51]
INFO: [Synth 8-256] done synthesizing module 'ublaze_microblaze_0_axi_periph_0' (5#1) [U:/Documents/SoC/Tutoriel/tutorial/tutorial.srcs/sources_1/bd/ublaze/synth/ublaze.vhd:951]
INFO: [Synth 8-638] synthesizing module 'microblaze_0_local_memory_imp_K2SS6S' [U:/Documents/SoC/Tutoriel/tutorial/tutorial.srcs/sources_1/bd/ublaze/synth/ublaze.vhd:242]
INFO: [Synth 8-3491] module 'ublaze_dlmb_bram_if_cntlr_0' declared at 'U:/Documents/SoC/Tutoriel/tutorial/tutorial.runs/synth_1/.Xil/Vivado-16216-c306-pc1/realtime/ublaze_dlmb_bram_if_cntlr_0_stub.vhdl:5' bound to instance 'dlmb_bram_if_cntlr' of component 'ublaze_dlmb_bram_if_cntlr_0' [U:/Documents/SoC/Tutoriel/tutorial/tutorial.srcs/sources_1/bd/ublaze/synth/ublaze.vhd:456]
INFO: [Synth 8-638] synthesizing module 'ublaze_dlmb_bram_if_cntlr_0' [U:/Documents/SoC/Tutoriel/tutorial/tutorial.runs/synth_1/.Xil/Vivado-16216-c306-pc1/realtime/ublaze_dlmb_bram_if_cntlr_0_stub.vhdl:31]
INFO: [Synth 8-3491] module 'ublaze_dlmb_v10_0' declared at 'U:/Documents/SoC/Tutoriel/tutorial/tutorial.runs/synth_1/.Xil/Vivado-16216-c306-pc1/realtime/ublaze_dlmb_v10_0_stub.vhdl:5' bound to instance 'dlmb_v10' of component 'ublaze_dlmb_v10_0' [U:/Documents/SoC/Tutoriel/tutorial/tutorial.srcs/sources_1/bd/ublaze/synth/ublaze.vhd:510]
INFO: [Synth 8-638] synthesizing module 'ublaze_dlmb_v10_0' [U:/Documents/SoC/Tutoriel/tutorial/tutorial.runs/synth_1/.Xil/Vivado-16216-c306-pc1/realtime/ublaze_dlmb_v10_0_stub.vhdl:36]
INFO: [Synth 8-3491] module 'ublaze_ilmb_bram_if_cntlr_0' declared at 'U:/Documents/SoC/Tutoriel/tutorial/tutorial.runs/synth_1/.Xil/Vivado-16216-c306-pc1/realtime/ublaze_ilmb_bram_if_cntlr_0_stub.vhdl:5' bound to instance 'ilmb_bram_if_cntlr' of component 'ublaze_ilmb_bram_if_cntlr_0' [U:/Documents/SoC/Tutoriel/tutorial/tutorial.srcs/sources_1/bd/ublaze/synth/ublaze.vhd:538]
INFO: [Synth 8-638] synthesizing module 'ublaze_ilmb_bram_if_cntlr_0' [U:/Documents/SoC/Tutoriel/tutorial/tutorial.runs/synth_1/.Xil/Vivado-16216-c306-pc1/realtime/ublaze_ilmb_bram_if_cntlr_0_stub.vhdl:31]
INFO: [Synth 8-3491] module 'ublaze_ilmb_v10_0' declared at 'U:/Documents/SoC/Tutoriel/tutorial/tutorial.runs/synth_1/.Xil/Vivado-16216-c306-pc1/realtime/ublaze_ilmb_v10_0_stub.vhdl:5' bound to instance 'ilmb_v10' of component 'ublaze_ilmb_v10_0' [U:/Documents/SoC/Tutoriel/tutorial/tutorial.srcs/sources_1/bd/ublaze/synth/ublaze.vhd:592]
INFO: [Synth 8-638] synthesizing module 'ublaze_ilmb_v10_0' [U:/Documents/SoC/Tutoriel/tutorial/tutorial.runs/synth_1/.Xil/Vivado-16216-c306-pc1/realtime/ublaze_ilmb_v10_0_stub.vhdl:36]
INFO: [Synth 8-3491] module 'ublaze_lmb_bram_0' declared at 'U:/Documents/SoC/Tutoriel/tutorial/tutorial.runs/synth_1/.Xil/Vivado-16216-c306-pc1/realtime/ublaze_lmb_bram_0_stub.vhdl:5' bound to instance 'lmb_bram' of component 'ublaze_lmb_bram_0' [U:/Documents/SoC/Tutoriel/tutorial/tutorial.srcs/sources_1/bd/ublaze/synth/ublaze.vhd:620]
INFO: [Synth 8-638] synthesizing module 'ublaze_lmb_bram_0' [U:/Documents/SoC/Tutoriel/tutorial/tutorial.runs/synth_1/.Xil/Vivado-16216-c306-pc1/realtime/ublaze_lmb_bram_0_stub.vhdl:27]
INFO: [Synth 8-256] done synthesizing module 'microblaze_0_local_memory_imp_K2SS6S' (6#1) [U:/Documents/SoC/Tutoriel/tutorial/tutorial.srcs/sources_1/bd/ublaze/synth/ublaze.vhd:242]
INFO: [Synth 8-3491] module 'ublaze_rst_clk_wiz_0_100M_0' declared at 'U:/Documents/SoC/Tutoriel/tutorial/tutorial.runs/synth_1/.Xil/Vivado-16216-c306-pc1/realtime/ublaze_rst_clk_wiz_0_100M_0_stub.vhdl:5' bound to instance 'rst_clk_wiz_0_100M' of component 'ublaze_rst_clk_wiz_0_100M_0' [U:/Documents/SoC/Tutoriel/tutorial/tutorial.srcs/sources_1/bd/ublaze/synth/ublaze.vhd:1849]
INFO: [Synth 8-638] synthesizing module 'ublaze_rst_clk_wiz_0_100M_0' [U:/Documents/SoC/Tutoriel/tutorial/tutorial.runs/synth_1/.Xil/Vivado-16216-c306-pc1/realtime/ublaze_rst_clk_wiz_0_100M_0_stub.vhdl:21]
INFO: [Synth 8-256] done synthesizing module 'ublaze' (7#1) [U:/Documents/SoC/Tutoriel/tutorial/tutorial.srcs/sources_1/bd/ublaze/synth/ublaze.vhd:1370]
INFO: [Synth 8-256] done synthesizing module 'ublaze_wrapper' (8#1) [U:/Documents/SoC/Tutoriel/tutorial/tutorial.srcs/sources_1/bd/ublaze/hdl/ublaze_wrapper.vhd:24]
WARNING: [Synth 8-3331] design s00_couplers_imp_1HOQQMF has unconnected port M_ACLK
WARNING: [Synth 8-3331] design s00_couplers_imp_1HOQQMF has unconnected port M_ARESETN
WARNING: [Synth 8-3331] design s00_couplers_imp_1HOQQMF has unconnected port S_ACLK
WARNING: [Synth 8-3331] design s00_couplers_imp_1HOQQMF has unconnected port S_ARESETN
WARNING: [Synth 8-3331] design m01_couplers_imp_OKYVYF has unconnected port M_ACLK
WARNING: [Synth 8-3331] design m01_couplers_imp_OKYVYF has unconnected port M_ARESETN
WARNING: [Synth 8-3331] design m01_couplers_imp_OKYVYF has unconnected port S_ACLK
WARNING: [Synth 8-3331] design m01_couplers_imp_OKYVYF has unconnected port S_ARESETN
WARNING: [Synth 8-3331] design m00_couplers_imp_1WILQL2 has unconnected port M_ACLK
WARNING: [Synth 8-3331] design m00_couplers_imp_1WILQL2 has unconnected port M_ARESETN
WARNING: [Synth 8-3331] design m00_couplers_imp_1WILQL2 has unconnected port S_ACLK
WARNING: [Synth 8-3331] design m00_couplers_imp_1WILQL2 has unconnected port S_ARESETN
WARNING: [Synth 8-3331] design ublaze_microblaze_0_axi_periph_0 has unconnected port M00_ACLK
WARNING: [Synth 8-3331] design ublaze_microblaze_0_axi_periph_0 has unconnected port M00_ARESETN
WARNING: [Synth 8-3331] design ublaze_microblaze_0_axi_periph_0 has unconnected port M01_ACLK
WARNING: [Synth 8-3331] design ublaze_microblaze_0_axi_periph_0 has unconnected port M01_ARESETN
WARNING: [Synth 8-3331] design ublaze_microblaze_0_axi_periph_0 has unconnected port S00_ACLK
WARNING: [Synth 8-3331] design ublaze_microblaze_0_axi_periph_0 has unconnected port S00_ARESETN
---------------------------------------------------------------------------------
Finished RTL Elaboration : Time (s): cpu = 00:00:04 ; elapsed = 00:00:04 . Memory (MB): peak = 809.762 ; gain = 246.172
---------------------------------------------------------------------------------

Report Check Netlist: 
+------+------------------+-------+---------+-------+------------------+
|      |Item              |Errors |Warnings |Status |Description       |
+------+------------------+-------+---------+-------+------------------+
|1     |multi_driven_nets |      0|        0|Passed |Multi driven nets |
+------+------------------+-------+---------+-------+------------------+
---------------------------------------------------------------------------------
Start Handling Custom Attributes
---------------------------------------------------------------------------------
---------------------------------------------------------------------------------
Finished Handling Custom Attributes : Time (s): cpu = 00:00:04 ; elapsed = 00:00:05 . Memory (MB): peak = 809.762 ; gain = 246.172
---------------------------------------------------------------------------------
---------------------------------------------------------------------------------
Finished RTL Optimization Phase 1 : Time (s): cpu = 00:00:04 ; elapsed = 00:00:05 . Memory (MB): peak = 809.762 ; gain = 246.172
---------------------------------------------------------------------------------
INFO: [Netlist 29-17] Analyzing 16 Unisim elements for replacement
INFO: [Netlist 29-28] Unisim Transformation completed in 0 CPU seconds
INFO: [Project 1-570] Preparing netlist for logic optimization

Processing XDC Constraints
Initializing timing engine
Parsing XDC File [u:/Documents/SoC/Tutoriel/tutorial/tutorial.srcs/sources_1/bd/ublaze/ip/ublaze_clk_wiz_0_0/ublaze_clk_wiz_0_0/ublaze_clk_wiz_0_0_in_context.xdc] for cell 'ublaze_i/clk_wiz_0'
Finished Parsing XDC File [u:/Documents/SoC/Tutoriel/tutorial/tutorial.srcs/sources_1/bd/ublaze/ip/ublaze_clk_wiz_0_0/ublaze_clk_wiz_0_0/ublaze_clk_wiz_0_0_in_context.xdc] for cell 'ublaze_i/clk_wiz_0'
Parsing XDC File [u:/Documents/SoC/Tutoriel/tutorial/tutorial.srcs/sources_1/bd/ublaze/ip/ublaze_axi_uartlite_0_0/ublaze_axi_uartlite_0_0/ublaze_axi_uartlite_0_0_in_context.xdc] for cell 'ublaze_i/axi_uartlite_0'
Finished Parsing XDC File [u:/Documents/SoC/Tutoriel/tutorial/tutorial.srcs/sources_1/bd/ublaze/ip/ublaze_axi_uartlite_0_0/ublaze_axi_uartlite_0_0/ublaze_axi_uartlite_0_0_in_context.xdc] for cell 'ublaze_i/axi_uartlite_0'
Parsing XDC File [u:/Documents/SoC/Tutoriel/tutorial/tutorial.srcs/sources_1/bd/ublaze/ip/ublaze_microblaze_0_0/ublaze_microblaze_0_0/ublaze_microblaze_0_0_in_context.xdc] for cell 'ublaze_i/microblaze_0'
Finished Parsing XDC File [u:/Documents/SoC/Tutoriel/tutorial/tutorial.srcs/sources_1/bd/ublaze/ip/ublaze_microblaze_0_0/ublaze_microblaze_0_0/ublaze_microblaze_0_0_in_context.xdc] for cell 'ublaze_i/microblaze_0'
Parsing XDC File [u:/Documents/SoC/Tutoriel/tutorial/tutorial.srcs/sources_1/bd/ublaze/ip/ublaze_dlmb_v10_0/ublaze_dlmb_v10_0/ublaze_dlmb_v10_0_in_context.xdc] for cell 'ublaze_i/microblaze_0_local_memory/dlmb_v10'
Finished Parsing XDC File [u:/Documents/SoC/Tutoriel/tutorial/tutorial.srcs/sources_1/bd/ublaze/ip/ublaze_dlmb_v10_0/ublaze_dlmb_v10_0/ublaze_dlmb_v10_0_in_context.xdc] for cell 'ublaze_i/microblaze_0_local_memory/dlmb_v10'
Parsing XDC File [u:/Documents/SoC/Tutoriel/tutorial/tutorial.srcs/sources_1/bd/ublaze/ip/ublaze_ilmb_v10_0/ublaze_ilmb_v10_0/ublaze_dlmb_v10_0_in_context.xdc] for cell 'ublaze_i/microblaze_0_local_memory/ilmb_v10'
Finished Parsing XDC File [u:/Documents/SoC/Tutoriel/tutorial/tutorial.srcs/sources_1/bd/ublaze/ip/ublaze_ilmb_v10_0/ublaze_ilmb_v10_0/ublaze_dlmb_v10_0_in_context.xdc] for cell 'ublaze_i/microblaze_0_local_memory/ilmb_v10'
Parsing XDC File [u:/Documents/SoC/Tutoriel/tutorial/tutorial.srcs/sources_1/bd/ublaze/ip/ublaze_dlmb_bram_if_cntlr_0/ublaze_dlmb_bram_if_cntlr_0/ublaze_dlmb_bram_if_cntlr_0_in_context.xdc] for cell 'ublaze_i/microblaze_0_local_memory/dlmb_bram_if_cntlr'
Finished Parsing XDC File [u:/Documents/SoC/Tutoriel/tutorial/tutorial.srcs/sources_1/bd/ublaze/ip/ublaze_dlmb_bram_if_cntlr_0/ublaze_dlmb_bram_if_cntlr_0/ublaze_dlmb_bram_if_cntlr_0_in_context.xdc] for cell 'ublaze_i/microblaze_0_local_memory/dlmb_bram_if_cntlr'
Parsing XDC File [u:/Documents/SoC/Tutoriel/tutorial/tutorial.srcs/sources_1/bd/ublaze/ip/ublaze_ilmb_bram_if_cntlr_0/ublaze_ilmb_bram_if_cntlr_0/ublaze_ilmb_bram_if_cntlr_0_in_context.xdc] for cell 'ublaze_i/microblaze_0_local_memory/ilmb_bram_if_cntlr'
Finished Parsing XDC File [u:/Documents/SoC/Tutoriel/tutorial/tutorial.srcs/sources_1/bd/ublaze/ip/ublaze_ilmb_bram_if_cntlr_0/ublaze_ilmb_bram_if_cntlr_0/ublaze_ilmb_bram_if_cntlr_0_in_context.xdc] for cell 'ublaze_i/microblaze_0_local_memory/ilmb_bram_if_cntlr'
Parsing XDC File [u:/Documents/SoC/Tutoriel/tutorial/tutorial.srcs/sources_1/bd/ublaze/ip/ublaze_lmb_bram_0/ublaze_lmb_bram_0/ublaze_lmb_bram_0_in_context.xdc] for cell 'ublaze_i/microblaze_0_local_memory/lmb_bram'
Finished Parsing XDC File [u:/Documents/SoC/Tutoriel/tutorial/tutorial.srcs/sources_1/bd/ublaze/ip/ublaze_lmb_bram_0/ublaze_lmb_bram_0/ublaze_lmb_bram_0_in_context.xdc] for cell 'ublaze_i/microblaze_0_local_memory/lmb_bram'
Parsing XDC File [u:/Documents/SoC/Tutoriel/tutorial/tutorial.srcs/sources_1/bd/ublaze/ip/ublaze_mdm_1_0/ublaze_mdm_1_0/ublaze_mdm_1_0_in_context.xdc] for cell 'ublaze_i/mdm_1'
Finished Parsing XDC File [u:/Documents/SoC/Tutoriel/tutorial/tutorial.srcs/sources_1/bd/ublaze/ip/ublaze_mdm_1_0/ublaze_mdm_1_0/ublaze_mdm_1_0_in_context.xdc] for cell 'ublaze_i/mdm_1'
Parsing XDC File [u:/Documents/SoC/Tutoriel/tutorial/tutorial.srcs/sources_1/bd/ublaze/ip/ublaze_rst_clk_wiz_0_100M_0/ublaze_rst_clk_wiz_0_100M_0/ublaze_rst_clk_wiz_0_100M_0_in_context.xdc] for cell 'ublaze_i/rst_clk_wiz_0_100M'
Finished Parsing XDC File [u:/Documents/SoC/Tutoriel/tutorial/tutorial.srcs/sources_1/bd/ublaze/ip/ublaze_rst_clk_wiz_0_100M_0/ublaze_rst_clk_wiz_0_100M_0/ublaze_rst_clk_wiz_0_100M_0_in_context.xdc] for cell 'ublaze_i/rst_clk_wiz_0_100M'
Parsing XDC File [u:/Documents/SoC/Tutoriel/tutorial/tutorial.srcs/sources_1/bd/ublaze/ip/ublaze_xbar_0/ublaze_xbar_0/ublaze_xbar_0_in_context.xdc] for cell 'ublaze_i/microblaze_0_axi_periph/xbar'
Finished Parsing XDC File [u:/Documents/SoC/Tutoriel/tutorial/tutorial.srcs/sources_1/bd/ublaze/ip/ublaze_xbar_0/ublaze_xbar_0/ublaze_xbar_0_in_context.xdc] for cell 'ublaze_i/microblaze_0_axi_periph/xbar'
Parsing XDC File [u:/Documents/SoC/Tutoriel/tutorial/tutorial.srcs/sources_1/bd/ublaze/ip/ublaze_axi_gpio_0_0/ublaze_axi_gpio_0_0/ublaze_axi_gpio_0_0_in_context.xdc] for cell 'ublaze_i/axi_gpio_0'
Finished Parsing XDC File [u:/Documents/SoC/Tutoriel/tutorial/tutorial.srcs/sources_1/bd/ublaze/ip/ublaze_axi_gpio_0_0/ublaze_axi_gpio_0_0/ublaze_axi_gpio_0_0_in_context.xdc] for cell 'ublaze_i/axi_gpio_0'
Parsing XDC File [U:/Documents/SoC/Tutoriel/tutorial/tutorial.runs/synth_1/dont_touch.xdc]
Finished Parsing XDC File [U:/Documents/SoC/Tutoriel/tutorial/tutorial.runs/synth_1/dont_touch.xdc]
Completed Processing XDC Constraints

Netlist sorting complete. Time (s): cpu = 00:00:00 ; elapsed = 00:00:00 . Memory (MB): peak = 888.090 ; gain = 0.000
INFO: [Project 1-111] Unisim Transformation Summary:
  A total of 16 instances were transformed.
  IOBUF => IOBUF (IBUF, OBUFT): 16 instances

Constraint Validation Runtime : Time (s): cpu = 00:00:00 ; elapsed = 00:00:00.028 . Memory (MB): peak = 888.090 ; gain = 0.000
WARNING: [Timing 38-316] Clock period '20.000' specified during out-of-context synthesis of instance 'ublaze_i/microblaze_0_local_memory/lmb_bram' at clock pin 'clka' is different from the actual clock period '10.000', this can lead to different synthesis results.
---------------------------------------------------------------------------------
Finished Constraint Validation : Time (s): cpu = 00:00:09 ; elapsed = 00:00:10 . Memory (MB): peak = 899.570 ; gain = 335.980
---------------------------------------------------------------------------------
---------------------------------------------------------------------------------
Start Loading Part and Timing Information
---------------------------------------------------------------------------------
Loading part: xc7a35tcpg236-1
---------------------------------------------------------------------------------
Finished Loading Part and Timing Information : Time (s): cpu = 00:00:09 ; elapsed = 00:00:10 . Memory (MB): peak = 899.570 ; gain = 335.980
---------------------------------------------------------------------------------
---------------------------------------------------------------------------------
Start Applying 'set_property' XDC Constraints
---------------------------------------------------------------------------------
Applied set_property IO_BUFFER_TYPE = NONE for sys_clock. (constraint file  u:/Documents/SoC/Tutoriel/tutorial/tutorial.srcs/sources_1/bd/ublaze/ip/ublaze_clk_wiz_0_0/ublaze_clk_wiz_0_0/ublaze_clk_wiz_0_0_in_context.xdc, line 3).
Applied set_property CLOCK_BUFFER_TYPE = NONE for sys_clock. (constraint file  u:/Documents/SoC/Tutoriel/tutorial/tutorial.srcs/sources_1/bd/ublaze/ip/ublaze_clk_wiz_0_0/ublaze_clk_wiz_0_0/ublaze_clk_wiz_0_0_in_context.xdc, line 4).
Applied set_property DONT_TOUCH = true for ublaze_i. (constraint file  auto generated constraint, line ).
Applied set_property DONT_TOUCH = true for ublaze_i/clk_wiz_0. (constraint file  auto generated constraint, line ).
Applied set_property DONT_TOUCH = true for ublaze_i/axi_uartlite_0. (constraint file  auto generated constraint, line ).
Applied set_property DONT_TOUCH = true for ublaze_i/microblaze_0. (constraint file  auto generated constraint, line ).
Applied set_property DONT_TOUCH = true for ublaze_i/microblaze_0_local_memory/dlmb_v10. (constraint file  auto generated constraint, line ).
Applied set_property DONT_TOUCH = true for ublaze_i/microblaze_0_local_memory/ilmb_v10. (constraint file  auto generated constraint, line ).
Applied set_property DONT_TOUCH = true for ublaze_i/microblaze_0_local_memory/dlmb_bram_if_cntlr. (constraint file  auto generated constraint, line ).
Applied set_property DONT_TOUCH = true for ublaze_i/microblaze_0_local_memory/ilmb_bram_if_cntlr. (constraint file  auto generated constraint, line ).
Applied set_property DONT_TOUCH = true for ublaze_i/microblaze_0_local_memory/lmb_bram. (constraint file  auto generated constraint, line ).
Applied set_property DONT_TOUCH = true for ublaze_i/mdm_1. (constraint file  auto generated constraint, line ).
Applied set_property DONT_TOUCH = true for ublaze_i/rst_clk_wiz_0_100M. (constraint file  auto generated constraint, line ).
Applied set_property DONT_TOUCH = true for ublaze_i/microblaze_0_axi_periph. (constraint file  auto generated constraint, line ).
Applied set_property DONT_TOUCH = true for ublaze_i/microblaze_0_axi_periph/xbar. (constraint file  auto generated constraint, line ).
Applied set_property DONT_TOUCH = true for ublaze_i/axi_gpio_0. (constraint file  auto generated constraint, line ).
---------------------------------------------------------------------------------
Finished applying 'set_property' XDC Constraints : Time (s): cpu = 00:00:09 ; elapsed = 00:00:10 . Memory (MB): peak = 899.570 ; gain = 335.980
---------------------------------------------------------------------------------
---------------------------------------------------------------------------------
Finished RTL Optimization Phase 2 : Time (s): cpu = 00:00:09 ; elapsed = 00:00:11 . Memory (MB): peak = 899.570 ; gain = 335.980
---------------------------------------------------------------------------------

Report RTL Partitions: 
+-+--------------+------------+----------+
| |RTL Partition |Replication |Instances |
+-+--------------+------------+----------+
+-+--------------+------------+----------+
---------------------------------------------------------------------------------
Start RTL Component Statistics 
---------------------------------------------------------------------------------
Detailed RTL Component Info : 
---------------------------------------------------------------------------------
Finished RTL Component Statistics 
---------------------------------------------------------------------------------
---------------------------------------------------------------------------------
Start RTL Hierarchical Component Statistics 
---------------------------------------------------------------------------------
Hierarchical RTL Component report 
---------------------------------------------------------------------------------
Finished RTL Hierarchical Component Statistics
---------------------------------------------------------------------------------
---------------------------------------------------------------------------------
Start Part Resource Summary
---------------------------------------------------------------------------------
Part Resources:
DSPs: 90 (col length:60)
BRAMs: 100 (col length: RAMB18 60 RAMB36 30)
---------------------------------------------------------------------------------
Finished Part Resource Summary
---------------------------------------------------------------------------------
---------------------------------------------------------------------------------
Start Cross Boundary and Area Optimization
---------------------------------------------------------------------------------
Warning: Parallel synthesis criteria is not met 
WARNING: [Synth 8-3331] design ublaze_microblaze_0_axi_periph_0 has unconnected port M00_ACLK
WARNING: [Synth 8-3331] design ublaze_microblaze_0_axi_periph_0 has unconnected port M00_ARESETN
WARNING: [Synth 8-3331] design ublaze_microblaze_0_axi_periph_0 has unconnected port M01_ACLK
WARNING: [Synth 8-3331] design ublaze_microblaze_0_axi_periph_0 has unconnected port M01_ARESETN
WARNING: [Synth 8-3331] design ublaze_microblaze_0_axi_periph_0 has unconnected port S00_ACLK
WARNING: [Synth 8-3331] design ublaze_microblaze_0_axi_periph_0 has unconnected port S00_ARESETN
---------------------------------------------------------------------------------
Finished Cross Boundary and Area Optimization : Time (s): cpu = 00:00:10 ; elapsed = 00:00:12 . Memory (MB): peak = 899.570 ; gain = 335.980
---------------------------------------------------------------------------------

Report RTL Partitions: 
+-+--------------+------------+----------+
| |RTL Partition |Replication |Instances |
+-+--------------+------------+----------+
+-+--------------+------------+----------+
---------------------------------------------------------------------------------
Start Applying XDC Timing Constraints
---------------------------------------------------------------------------------
INFO: [Synth 8-5578] Moved timing constraint from pin 'ublaze_i/clk_wiz_0/clk_out1' to pin 'ublaze_i/clk_wiz_0/bbstub_clk_out1/O'
INFO: [Synth 8-5578] Moved timing constraint from pin 'ublaze_i/microblaze_0_local_memory/dlmb_bram_if_cntlr/BRAM_Clk_A' to pin 'ublaze_i/microblaze_0_local_memory/dlmb_bram_if_cntlr/bbstub_BRAM_Clk_A/O'
INFO: [Synth 8-5578] Moved timing constraint from pin 'ublaze_i/microblaze_0_local_memory/ilmb_bram_if_cntlr/BRAM_Clk_A' to pin 'ublaze_i/microblaze_0_local_memory/ilmb_bram_if_cntlr/bbstub_BRAM_Clk_A/O'
INFO: [Synth 8-5578] Moved timing constraint from pin 'ublaze_i/mdm_1/Dbg_Clk_0' to pin 'ublaze_i/mdm_1/bbstub_Dbg_Clk_0/O'
INFO: [Synth 8-5578] Moved timing constraint from pin 'ublaze_i/mdm_1/Dbg_Update_0' to pin 'ublaze_i/mdm_1/bbstub_Dbg_Update_0/O'
INFO: [Synth 8-5819] Moved 5 constraints on hierarchical pins to their respective driving/loading pins
---------------------------------------------------------------------------------
Finished Applying XDC Timing Constraints : Time (s): cpu = 00:00:16 ; elapsed = 00:00:18 . Memory (MB): peak = 899.570 ; gain = 335.980
---------------------------------------------------------------------------------
---------------------------------------------------------------------------------
Start Timing Optimization
---------------------------------------------------------------------------------
---------------------------------------------------------------------------------
Finished Timing Optimization : Time (s): cpu = 00:00:16 ; elapsed = 00:00:18 . Memory (MB): peak = 899.570 ; gain = 335.980
---------------------------------------------------------------------------------

Report RTL Partitions: 
+-+--------------+------------+----------+
| |RTL Partition |Replication |Instances |
+-+--------------+------------+----------+
+-+--------------+------------+----------+
---------------------------------------------------------------------------------
Start Technology Mapping
---------------------------------------------------------------------------------
---------------------------------------------------------------------------------
Finished Technology Mapping : Time (s): cpu = 00:00:16 ; elapsed = 00:00:18 . Memory (MB): peak = 899.570 ; gain = 335.980
---------------------------------------------------------------------------------

Report RTL Partitions: 
+-+--------------+------------+----------+
| |RTL Partition |Replication |Instances |
+-+--------------+------------+----------+
+-+--------------+------------+----------+
---------------------------------------------------------------------------------
Start IO Insertion
---------------------------------------------------------------------------------
---------------------------------------------------------------------------------
Start Flattening Before IO Insertion
---------------------------------------------------------------------------------
---------------------------------------------------------------------------------
Finished Flattening Before IO Insertion
---------------------------------------------------------------------------------
---------------------------------------------------------------------------------
Start Final Netlist Cleanup
---------------------------------------------------------------------------------
---------------------------------------------------------------------------------
Finished Final Netlist Cleanup
---------------------------------------------------------------------------------
---------------------------------------------------------------------------------
Finished IO Insertion : Time (s): cpu = 00:00:18 ; elapsed = 00:00:20 . Memory (MB): peak = 905.332 ; gain = 341.742
---------------------------------------------------------------------------------

Report Check Netlist: 
+------+------------------+-------+---------+-------+------------------+
|      |Item              |Errors |Warnings |Status |Description       |
+------+------------------+-------+---------+-------+------------------+
|1     |multi_driven_nets |      0|        0|Passed |Multi driven nets |
+------+------------------+-------+---------+-------+------------------+
---------------------------------------------------------------------------------
Start Renaming Generated Instances
---------------------------------------------------------------------------------
---------------------------------------------------------------------------------
Finished Renaming Generated Instances : Time (s): cpu = 00:00:18 ; elapsed = 00:00:20 . Memory (MB): peak = 905.332 ; gain = 341.742
---------------------------------------------------------------------------------

Report RTL Partitions: 
+-+--------------+------------+----------+
| |RTL Partition |Replication |Instances |
+-+--------------+------------+----------+
+-+--------------+------------+----------+
---------------------------------------------------------------------------------
Start Rebuilding User Hierarchy
---------------------------------------------------------------------------------
---------------------------------------------------------------------------------
Finished Rebuilding User Hierarchy : Time (s): cpu = 00:00:18 ; elapsed = 00:00:20 . Memory (MB): peak = 905.332 ; gain = 341.742
---------------------------------------------------------------------------------
---------------------------------------------------------------------------------
Start Renaming Generated Ports
---------------------------------------------------------------------------------
---------------------------------------------------------------------------------
Finished Renaming Generated Ports : Time (s): cpu = 00:00:18 ; elapsed = 00:00:20 . Memory (MB): peak = 905.332 ; gain = 341.742
---------------------------------------------------------------------------------
---------------------------------------------------------------------------------
Start Handling Custom Attributes
---------------------------------------------------------------------------------
---------------------------------------------------------------------------------
Finished Handling Custom Attributes : Time (s): cpu = 00:00:18 ; elapsed = 00:00:20 . Memory (MB): peak = 905.332 ; gain = 341.742
---------------------------------------------------------------------------------
---------------------------------------------------------------------------------
Start Renaming Generated Nets
---------------------------------------------------------------------------------
---------------------------------------------------------------------------------
Finished Renaming Generated Nets : Time (s): cpu = 00:00:18 ; elapsed = 00:00:20 . Memory (MB): peak = 905.332 ; gain = 341.742
---------------------------------------------------------------------------------
---------------------------------------------------------------------------------
Start Writing Synthesis Report
---------------------------------------------------------------------------------

Report BlackBoxes: 
+------+----------------------------+----------+
|      |BlackBox name               |Instances |
+------+----------------------------+----------+
|1     |ublaze_xbar_0               |         1|
|2     |ublaze_axi_gpio_0_0         |         1|
|3     |ublaze_axi_uartlite_0_0     |         1|
|4     |ublaze_clk_wiz_0_0          |         1|
|5     |ublaze_mdm_1_0              |         1|
|6     |ublaze_microblaze_0_0       |         1|
|7     |ublaze_rst_clk_wiz_0_100M_0 |         1|
|8     |ublaze_dlmb_bram_if_cntlr_0 |         1|
|9     |ublaze_dlmb_v10_0           |         1|
|10    |ublaze_ilmb_bram_if_cntlr_0 |         1|
|11    |ublaze_ilmb_v10_0           |         1|
|12    |ublaze_lmb_bram_0           |         1|
+------+----------------------------+----------+

Report Cell Usage: 
+------+------------------------------------+------+
|      |Cell                                |Count |
+------+------------------------------------+------+
|1     |ublaze_axi_gpio_0_0_bbox_0          |     1|
|2     |ublaze_axi_uartlite_0_0_bbox_1      |     1|
|3     |ublaze_clk_wiz_0_0_bbox_2           |     1|
|4     |ublaze_dlmb_bram_if_cntlr_0_bbox_6  |     1|
|5     |ublaze_dlmb_v10_0_bbox_7            |     1|
|6     |ublaze_ilmb_bram_if_cntlr_0_bbox_8  |     1|
|7     |ublaze_ilmb_v10_0_bbox_9            |     1|
|8     |ublaze_lmb_bram_0_bbox_10           |     1|
|9     |ublaze_mdm_1_0_bbox_3               |     1|
|10    |ublaze_microblaze_0_0_bbox_4        |     1|
|11    |ublaze_rst_clk_wiz_0_100M_0_bbox_11 |     1|
|12    |ublaze_xbar_0_bbox_5                |     1|
|13    |IBUF                                |     2|
|14    |IOBUF                               |    16|
|15    |OBUF                                |     1|
+------+------------------------------------+------+

Report Instance Areas: 
+------+------------------------------+-------------------------------------+------+
|      |Instance                      |Module                               |Cells |
+------+------------------------------+-------------------------------------+------+
|1     |top                           |                                     |  1136|
|2     |  ublaze_i                    |ublaze                               |  1117|
|3     |    microblaze_0_axi_periph   |ublaze_microblaze_0_axi_periph_0     |   263|
|4     |    microblaze_0_local_memory |microblaze_0_local_memory_imp_K2SS6S |   496|
+------+------------------------------+-------------------------------------+------+
---------------------------------------------------------------------------------
Finished Writing Synthesis Report : Time (s): cpu = 00:00:18 ; elapsed = 00:00:20 . Memory (MB): peak = 905.332 ; gain = 341.742
---------------------------------------------------------------------------------
Synthesis finished with 0 errors, 0 critical warnings and 6 warnings.
Synthesis Optimization Runtime : Time (s): cpu = 00:00:12 ; elapsed = 00:00:18 . Memory (MB): peak = 905.332 ; gain = 251.934
Synthesis Optimization Complete : Time (s): cpu = 00:00:18 ; elapsed = 00:00:20 . Memory (MB): peak = 905.332 ; gain = 341.742
INFO: [Project 1-571] Translating synthesized netlist
INFO: [Netlist 29-17] Analyzing 16 Unisim elements for replacement
INFO: [Netlist 29-28] Unisim Transformation completed in 0 CPU seconds
INFO: [Project 1-570] Preparing netlist for logic optimization
INFO: [Opt 31-138] Pushed 0 inverter(s) to 0 load pin(s).
Netlist sorting complete. Time (s): cpu = 00:00:00 ; elapsed = 00:00:00.001 . Memory (MB): peak = 921.484 ; gain = 0.000
INFO: [Project 1-111] Unisim Transformation Summary:
  A total of 16 instances were transformed.
  IOBUF => IOBUF (IBUF, OBUFT): 16 instances

INFO: [Common 17-83] Releasing license: Synthesis
79 Infos, 25 Warnings, 0 Critical Warnings and 0 Errors encountered.
synth_design completed successfully
synth_design: Time (s): cpu = 00:00:22 ; elapsed = 00:00:43 . Memory (MB): peak = 921.484 ; gain = 613.418
Netlist sorting complete. Time (s): cpu = 00:00:00 ; elapsed = 00:00:00 . Memory (MB): peak = 921.484 ; gain = 0.000
WARNING: [Constraints 18-5210] No constraints selected for write.
Resolution: This message can indicate that there are no constraints for the design, or it can indicate that the used_in flags are set such that the constraints are ignored. This later case is used when running synth_design to not write synthesis constraints to the resulting checkpoint. Instead, project constraints are read when the synthesized design is opened.
INFO: [Common 17-1381] The checkpoint 'U:/Documents/SoC/Tutoriel/tutorial/tutorial.runs/synth_1/ublaze_wrapper.dcp' has been generated.
INFO: [runtcl-4] Executing : report_utilization -file ublaze_wrapper_utilization_synth.rpt -pb ublaze_wrapper_utilization_synth.pb
INFO: [Common 17-206] Exiting Vivado at Fri Nov  7 14:37:01 2025...
