#-----------------------------------------------------------
# Webtalk v2019.1.2 (64-bit)
# SW Build 2615518 on Fri Aug  9 15:55:25 MDT 2019
# 
# Start of session at: Fri Nov 28 15:01:11 2025
# Process ID: 4340
# Current directory: U:/Documents/SoC/TP/TP_ublaze_3IS/TP_ublaze_3IS.sdk/webtalk
# Command line: wbtcv.exe -mode batch -source sdk_webtalk.tcl
# Log file: U:/Documents/SoC/TP/TP_ublaze_3IS/TP_ublaze_3IS.sdk/webtalk/webtalk.log
# Journal file: U:/Documents/SoC/TP/TP_ublaze_3IS/TP_ublaze_3IS.sdk/webtalk\webtalk.jou
#-----------------------------------------------------------
source sdk_webtalk.tcl
# webtalk_init -webtalk_dir U:\\Documents\\SoC\\TP\\TP_ublaze_3IS\\TP_ublaze_3IS.sdk\\webtalk
# webtalk_register_client -client project
# webtalk_add_data -client project -key date_generated -value "2025-11-28 15:01:09" -context "software_version_and_target_device"
# webtalk_add_data -client project -key product_version -value "SDK v2019.1" -context "software_version_and_target_device"
# webtalk_add_data -client project -key build_version -value "2019.1" -context "software_version_and_target_device"
# webtalk_add_data -client project -key os_platform -value "amd64" -context "software_version_and_target_device"
# webtalk_add_data -client project -key registration_id -value "210647190_0_0_243" -context "software_version_and_target_device"
# webtalk_add_data -client project -key tool_flow -value "SDK" -context "software_version_and_target_device"
# webtalk_add_data -client project -key beta -value "false" -context "software_version_and_target_device"
# webtalk_add_data -client project -key route_design -value "NA" -context "software_version_and_target_device"
# webtalk_add_data -client project -key target_family -value "NA" -context "software_version_and_target_device"
# webtalk_add_data -client project -key target_device -value "NA" -context "software_version_and_target_device"
# webtalk_add_data -client project -key target_package -value "NA" -context "software_version_and_target_device"
# webtalk_add_data -client project -key target_speed -value "NA" -context "software_version_and_target_device"
# webtalk_add_data -client project -key random_id -value "au48nc2in8qnid5gbr4cg6gfac" -context "software_version_and_target_device"
# webtalk_add_data -client project -key project_id -value "2019.1_7" -context "software_version_and_target_device"
# webtalk_add_data -client project -key project_iteration -value "7" -context "software_version_and_target_device"
# webtalk_add_data -client project -key os_name -value "Microsoft Windows 8 or later , 64-bit" -context "user_environment"
# webtalk_add_data -client project -key os_release -value "major release  (build 9200)" -context "user_environment"
# webtalk_add_data -client project -key cpu_name -value "Intel(R) Core(TM) i7-9700 CPU @ 3.00GHz" -context "user_environment"
# webtalk_add_data -client project -key cpu_speed -value "3000 MHz" -context "user_environment"
# webtalk_add_data -client project -key total_processors -value "1" -context "user_environment"
# webtalk_add_data -client project -key system_ram -value "16.999 GB" -context "user_environment"
# webtalk_register_client -client sdk
# webtalk_add_data -client sdk -key uid -value "1764333881219" -context "sdk\\\\bsp/1764333881219"
# webtalk_add_data -client sdk -key hwid -value "1763731585542" -context "sdk\\\\bsp/1764333881219"
# webtalk_add_data -client sdk -key os -value "standalone" -context "sdk\\\\bsp/1764333881219"
# webtalk_add_data -client sdk -key apptemplate -value "hello_world" -context "sdk\\\\bsp/1764333881219"
# webtalk_add_data -client sdk -key RecordType -value "BSPCreation" -context "sdk\\\\bsp/1764333881219"
# webtalk_add_data -client sdk -key uid -value "1764333887842" -context "sdk\\\\application/1764333887842"
# webtalk_add_data -client sdk -key hwid -value "1763731585542" -context "sdk\\\\application/1764333887842"
# webtalk_add_data -client sdk -key bspid -value "1764333881219" -context "sdk\\\\application/1764333887842"
# webtalk_add_data -client sdk -key newbsp -value "true" -context "sdk\\\\application/1764333887842"
# webtalk_add_data -client sdk -key os -value "standalone" -context "sdk\\\\application/1764333887842"
# webtalk_add_data -client sdk -key apptemplate -value "hello_world" -context "sdk\\\\application/1764333887842"
# webtalk_add_data -client sdk -key RecordType -value "APPCreation" -context "sdk\\\\application/1764333887842"
# webtalk_add_data -client sdk -key LangUsed -value "C" -context "sdk\\\\application/1764333887842"
# webtalk_add_data -client sdk -key Procused -value "microblaze" -context "sdk\\\\application/1764333887842"
# webtalk_add_data -client sdk -key projSize -value "122.39453125" -context "sdk\\\\application/1764333887842"
# webtalk_add_data -client sdk -key uid -value "NA" -context "sdk\\\\bsp/1764338469569"
# webtalk_add_data -client sdk -key RecordType -value "ToolUsage" -context "sdk\\\\bsp/1764338469569"
# webtalk_add_data -client sdk -key BootgenCount -value "0" -context "sdk\\\\bsp/1764338469569"
# webtalk_add_data -client sdk -key DebugCount -value "26" -context "sdk\\\\bsp/1764338469569"
# webtalk_add_data -client sdk -key PerfCount -value "0" -context "sdk\\\\bsp/1764338469569"
# webtalk_add_data -client sdk -key FlashCount -value "0" -context "sdk\\\\bsp/1764338469569"
# webtalk_add_data -client sdk -key CrossTriggCount -value "0" -context "sdk\\\\bsp/1764338469569"
# webtalk_add_data -client sdk -key QemuDebugCount -value "0" -context "sdk\\\\bsp/1764338469569"
# webtalk_transmit -clientid 4051068454 -regid "210647190_0_0_243" -xml U:\\Documents\\SoC\\TP\\TP_ublaze_3IS\\TP_ublaze_3IS.sdk\\webtalk\\usage_statistics_ext_sdk.xml -html U:\\Documents\\SoC\\TP\\TP_ublaze_3IS\\TP_ublaze_3IS.sdk\\webtalk\\usage_statistics_ext_sdk.html -wdm U:\\Documents\\SoC\\TP\\TP_ublaze_3IS\\TP_ublaze_3IS.sdk\\webtalk\\sdk_webtalk.wdm -intro "<H3>SDK Usage Report</H3><BR>"
webtalk_transmit: Time (s): cpu = 00:00:00 ; elapsed = 00:00:22 . Memory (MB): peak = 77.719 ; gain = 0.000
# webtalk_terminate
INFO: [Common 17-206] Exiting Webtalk at Fri Nov 28 15:01:33 2025...
