
*** Running vivado
    with args -log SEG7_upgrade_wrapper.vds -m64 -product Vivado -mode batch -messageDb vivado.pb -notrace -source SEG7_upgrade_wrapper.tcl


****** Vivado v2019.1.2 (64-bit)
  **** SW Build 2615518 on Fri Aug  9 15:55:25 MDT 2019
  **** IP Build 2614745 on Fri Aug  9 20:55:02 MDT 2019
    ** Copyright 1986-2019 Xilinx, Inc. All Rights Reserved.

source SEG7_upgrade_wrapper.tcl -notrace
INFO: [IP_Flow 19-234] Refreshing IP repositories
INFO: [IP_Flow 19-1700] Loaded user IP repository 'u:/Documents/SoC/TP/ip_repo/SEG7_IP_1.0'.
INFO: [IP_Flow 19-2313] Loaded Vivado IP repository 'C:/PROGRAMS/Xilinx/Vivado/2019.1/data/ip'.
Command: synth_design -top SEG7_upgrade_wrapper -part xc7a35tcpg236-1
Starting synth_design
Attempting to get a license for feature 'Synthesis' and/or device 'xc7a35t'
INFO: [Common 17-349] Got license for feature 'Synthesis' and/or device 'xc7a35t'
INFO: [Device 21-403] Loading part xc7a35tcpg236-1
INFO: Launching helper process for spawning children vivado processes
INFO: Helper process launched with PID 7344 
---------------------------------------------------------------------------------
Starting RTL Elaboration : Time (s): cpu = 00:00:02 ; elapsed = 00:00:03 . Memory (MB): peak = 742.605 ; gain = 177.926
---------------------------------------------------------------------------------
INFO: [Synth 8-638] synthesizing module 'SEG7_upgrade_wrapper' [U:/Documents/SoC/TP/TP_ublaze_3IS/TP_ublaze_3IS.srcs/sources_1/bd/SEG7_upgrade/hdl/SEG7_upgrade_wrapper.vhd:28]
INFO: [Synth 8-3491] module 'SEG7_upgrade' declared at 'U:/Documents/SoC/TP/TP_ublaze_3IS/TP_ublaze_3IS.srcs/sources_1/bd/SEG7_upgrade/synth/SEG7_upgrade.vhd:2674' bound to instance 'SEG7_upgrade_i' of component 'SEG7_upgrade' [U:/Documents/SoC/TP/TP_ublaze_3IS/TP_ublaze_3IS.srcs/sources_1/bd/SEG7_upgrade/hdl/SEG7_upgrade_wrapper.vhd:117]
INFO: [Synth 8-638] synthesizing module 'SEG7_upgrade' [U:/Documents/SoC/TP/TP_ublaze_3IS/TP_ublaze_3IS.srcs/sources_1/bd/SEG7_upgrade/synth/SEG7_upgrade.vhd:2694]
INFO: [Synth 8-3491] module 'SEG7_upgrade_SEG7_IP_0_1' declared at 'U:/Documents/SoC/TP/TP_ublaze_3IS/TP_ublaze_3IS.runs/synth_1/.Xil/Vivado-7408-c306-pc1/realtime/SEG7_upgrade_SEG7_IP_0_1_stub.vhdl:5' bound to instance 'SEG7_IP_0' of component 'SEG7_upgrade_SEG7_IP_0_1' [U:/Documents/SoC/TP/TP_ublaze_3IS/TP_ublaze_3IS.srcs/sources_1/bd/SEG7_upgrade/synth/SEG7_upgrade.vhd:3176]
INFO: [Synth 8-638] synthesizing module 'SEG7_upgrade_SEG7_IP_0_1' [U:/Documents/SoC/TP/TP_ublaze_3IS/TP_ublaze_3IS.runs/synth_1/.Xil/Vivado-7408-c306-pc1/realtime/SEG7_upgrade_SEG7_IP_0_1_stub.vhdl:34]
INFO: [Synth 8-3491] module 'SEG7_upgrade_axi_gpio_0_1' declared at 'U:/Documents/SoC/TP/TP_ublaze_3IS/TP_ublaze_3IS.runs/synth_1/.Xil/Vivado-7408-c306-pc1/realtime/SEG7_upgrade_axi_gpio_0_1_stub.vhdl:5' bound to instance 'axi_gpio_0' of component 'SEG7_upgrade_axi_gpio_0_1' [U:/Documents/SoC/TP/TP_ublaze_3IS/TP_ublaze_3IS.srcs/sources_1/bd/SEG7_upgrade/synth/SEG7_upgrade.vhd:3202]
INFO: [Synth 8-638] synthesizing module 'SEG7_upgrade_axi_gpio_0_1' [U:/Documents/SoC/TP/TP_ublaze_3IS/TP_ublaze_3IS.runs/synth_1/.Xil/Vivado-7408-c306-pc1/realtime/SEG7_upgrade_axi_gpio_0_1_stub.vhdl:33]
INFO: [Synth 8-3491] module 'SEG7_upgrade_axi_gpio_1_1' declared at 'U:/Documents/SoC/TP/TP_ublaze_3IS/TP_ublaze_3IS.runs/synth_1/.Xil/Vivado-7408-c306-pc1/realtime/SEG7_upgrade_axi_gpio_1_1_stub.vhdl:5' bound to instance 'axi_gpio_1' of component 'SEG7_upgrade_axi_gpio_1_1' [U:/Documents/SoC/TP/TP_ublaze_3IS/TP_ublaze_3IS.srcs/sources_1/bd/SEG7_upgrade/synth/SEG7_upgrade.vhd:3227]
INFO: [Synth 8-638] synthesizing module 'SEG7_upgrade_axi_gpio_1_1' [U:/Documents/SoC/TP/TP_ublaze_3IS/TP_ublaze_3IS.runs/synth_1/.Xil/Vivado-7408-c306-pc1/realtime/SEG7_upgrade_axi_gpio_1_1_stub.vhdl:33]
INFO: [Synth 8-3491] module 'SEG7_upgrade_axi_timer_0_0' declared at 'U:/Documents/SoC/TP/TP_ublaze_3IS/TP_ublaze_3IS.runs/synth_1/.Xil/Vivado-7408-c306-pc1/realtime/SEG7_upgrade_axi_timer_0_0_stub.vhdl:5' bound to instance 'axi_timer_0' of component 'SEG7_upgrade_axi_timer_0_0' [U:/Documents/SoC/TP/TP_ublaze_3IS/TP_ublaze_3IS.srcs/sources_1/bd/SEG7_upgrade/synth/SEG7_upgrade.vhd:3252]
INFO: [Synth 8-638] synthesizing module 'SEG7_upgrade_axi_timer_0_0' [U:/Documents/SoC/TP/TP_ublaze_3IS/TP_ublaze_3IS.runs/synth_1/.Xil/Vivado-7408-c306-pc1/realtime/SEG7_upgrade_axi_timer_0_0_stub.vhdl:37]
INFO: [Synth 8-3491] module 'SEG7_upgrade_axi_uartlite_0_0' declared at 'U:/Documents/SoC/TP/TP_ublaze_3IS/TP_ublaze_3IS.runs/synth_1/.Xil/Vivado-7408-c306-pc1/realtime/SEG7_upgrade_axi_uartlite_0_0_stub.vhdl:5' bound to instance 'axi_uartlite_0' of component 'SEG7_upgrade_axi_uartlite_0_0' [U:/Documents/SoC/TP/TP_ublaze_3IS/TP_ublaze_3IS.srcs/sources_1/bd/SEG7_upgrade/synth/SEG7_upgrade.vhd:3281]
INFO: [Synth 8-638] synthesizing module 'SEG7_upgrade_axi_uartlite_0_0' [U:/Documents/SoC/TP/TP_ublaze_3IS/TP_ublaze_3IS.runs/synth_1/.Xil/Vivado-7408-c306-pc1/realtime/SEG7_upgrade_axi_uartlite_0_0_stub.vhdl:33]
INFO: [Synth 8-3491] module 'SEG7_upgrade_clk_wiz_0_0' declared at 'U:/Documents/SoC/TP/TP_ublaze_3IS/TP_ublaze_3IS.runs/synth_1/.Xil/Vivado-7408-c306-pc1/realtime/SEG7_upgrade_clk_wiz_0_0_stub.vhdl:5' bound to instance 'clk_wiz_0' of component 'SEG7_upgrade_clk_wiz_0_0' [U:/Documents/SoC/TP/TP_ublaze_3IS/TP_ublaze_3IS.srcs/sources_1/bd/SEG7_upgrade/synth/SEG7_upgrade.vhd:3306]
INFO: [Synth 8-638] synthesizing module 'SEG7_upgrade_clk_wiz_0_0' [U:/Documents/SoC/TP/TP_ublaze_3IS/TP_ublaze_3IS.runs/synth_1/.Xil/Vivado-7408-c306-pc1/realtime/SEG7_upgrade_clk_wiz_0_0_stub.vhdl:15]
INFO: [Synth 8-3491] module 'SEG7_upgrade_mdm_1_1' declared at 'U:/Documents/SoC/TP/TP_ublaze_3IS/TP_ublaze_3IS.runs/synth_1/.Xil/Vivado-7408-c306-pc1/realtime/SEG7_upgrade_mdm_1_1_stub.vhdl:5' bound to instance 'mdm_1' of component 'SEG7_upgrade_mdm_1_1' [U:/Documents/SoC/TP/TP_ublaze_3IS/TP_ublaze_3IS.srcs/sources_1/bd/SEG7_upgrade/synth/SEG7_upgrade.vhd:3313]
INFO: [Synth 8-638] synthesizing module 'SEG7_upgrade_mdm_1_1' [U:/Documents/SoC/TP/TP_ublaze_3IS/TP_ublaze_3IS.runs/synth_1/.Xil/Vivado-7408-c306-pc1/realtime/SEG7_upgrade_mdm_1_1_stub.vhdl:21]
INFO: [Synth 8-3491] module 'SEG7_upgrade_microblaze_0_2' declared at 'U:/Documents/SoC/TP/TP_ublaze_3IS/TP_ublaze_3IS.runs/synth_1/.Xil/Vivado-7408-c306-pc1/realtime/SEG7_upgrade_microblaze_0_2_stub.vhdl:5' bound to instance 'microblaze_0' of component 'SEG7_upgrade_microblaze_0_2' [U:/Documents/SoC/TP/TP_ublaze_3IS/TP_ublaze_3IS.srcs/sources_1/bd/SEG7_upgrade/synth/SEG7_upgrade.vhd:3326]
INFO: [Synth 8-638] synthesizing module 'SEG7_upgrade_microblaze_0_2' [U:/Documents/SoC/TP/TP_ublaze_3IS/TP_ublaze_3IS.runs/synth_1/.Xil/Vivado-7408-c306-pc1/realtime/SEG7_upgrade_microblaze_0_2_stub.vhdl:63]
INFO: [Synth 8-3491] module 'SEG7_upgrade_microblaze_0_axi_intc_0' declared at 'U:/Documents/SoC/TP/TP_ublaze_3IS/TP_ublaze_3IS.runs/synth_1/.Xil/Vivado-7408-c306-pc1/realtime/SEG7_upgrade_microblaze_0_axi_intc_0_stub.vhdl:5' bound to instance 'microblaze_0_axi_intc' of component 'SEG7_upgrade_microblaze_0_axi_intc_0' [U:/Documents/SoC/TP/TP_ublaze_3IS/TP_ublaze_3IS.srcs/sources_1/bd/SEG7_upgrade/synth/SEG7_upgrade.vhd:3412]
INFO: [Synth 8-638] synthesizing module 'SEG7_upgrade_microblaze_0_axi_intc_0' [U:/Documents/SoC/TP/TP_ublaze_3IS/TP_ublaze_3IS.runs/synth_1/.Xil/Vivado-7408-c306-pc1/realtime/SEG7_upgrade_microblaze_0_axi_intc_0_stub.vhdl:36]
INFO: [Synth 8-638] synthesizing module 'SEG7_upgrade_microblaze_0_axi_periph_1' [U:/Documents/SoC/TP/TP_ublaze_3IS/TP_ublaze_3IS.srcs/sources_1/bd/SEG7_upgrade/synth/SEG7_upgrade.vhd:1573]
INFO: [Synth 8-638] synthesizing module 'm00_couplers_imp_18ODYQ5' [U:/Documents/SoC/TP/TP_ublaze_3IS/TP_ublaze_3IS.srcs/sources_1/bd/SEG7_upgrade/synth/SEG7_upgrade.vhd:57]
INFO: [Synth 8-256] done synthesizing module 'm00_couplers_imp_18ODYQ5' (1#1) [U:/Documents/SoC/TP/TP_ublaze_3IS/TP_ublaze_3IS.srcs/sources_1/bd/SEG7_upgrade/synth/SEG7_upgrade.vhd:57]
INFO: [Synth 8-638] synthesizing module 'm01_couplers_imp_1EJPTQL' [U:/Documents/SoC/TP/TP_ublaze_3IS/TP_ublaze_3IS.srcs/sources_1/bd/SEG7_upgrade/synth/SEG7_upgrade.vhd:158]
INFO: [Synth 8-256] done synthesizing module 'm01_couplers_imp_1EJPTQL' (2#1) [U:/Documents/SoC/TP/TP_ublaze_3IS/TP_ublaze_3IS.srcs/sources_1/bd/SEG7_upgrade/synth/SEG7_upgrade.vhd:158]
INFO: [Synth 8-638] synthesizing module 'm02_couplers_imp_13RQNIL' [U:/Documents/SoC/TP/TP_ublaze_3IS/TP_ublaze_3IS.srcs/sources_1/bd/SEG7_upgrade/synth/SEG7_upgrade.vhd:259]
INFO: [Synth 8-256] done synthesizing module 'm02_couplers_imp_13RQNIL' (3#1) [U:/Documents/SoC/TP/TP_ublaze_3IS/TP_ublaze_3IS.srcs/sources_1/bd/SEG7_upgrade/synth/SEG7_upgrade.vhd:259]
INFO: [Synth 8-638] synthesizing module 'm03_couplers_imp_16B6OGD' [U:/Documents/SoC/TP/TP_ublaze_3IS/TP_ublaze_3IS.srcs/sources_1/bd/SEG7_upgrade/synth/SEG7_upgrade.vhd:360]
INFO: [Synth 8-256] done synthesizing module 'm03_couplers_imp_16B6OGD' (4#1) [U:/Documents/SoC/TP/TP_ublaze_3IS/TP_ublaze_3IS.srcs/sources_1/bd/SEG7_upgrade/synth/SEG7_upgrade.vhd:360]
INFO: [Synth 8-638] synthesizing module 'm04_couplers_imp_1YDKKJX' [U:/Documents/SoC/TP/TP_ublaze_3IS/TP_ublaze_3IS.srcs/sources_1/bd/SEG7_upgrade/synth/SEG7_upgrade.vhd:465]
INFO: [Synth 8-256] done synthesizing module 'm04_couplers_imp_1YDKKJX' (5#1) [U:/Documents/SoC/TP/TP_ublaze_3IS/TP_ublaze_3IS.srcs/sources_1/bd/SEG7_upgrade/synth/SEG7_upgrade.vhd:465]
INFO: [Synth 8-638] synthesizing module 'm05_couplers_imp_1T2URWT' [U:/Documents/SoC/TP/TP_ublaze_3IS/TP_ublaze_3IS.srcs/sources_1/bd/SEG7_upgrade/synth/SEG7_upgrade.vhd:576]
INFO: [Synth 8-256] done synthesizing module 'm05_couplers_imp_1T2URWT' (6#1) [U:/Documents/SoC/TP/TP_ublaze_3IS/TP_ublaze_3IS.srcs/sources_1/bd/SEG7_upgrade/synth/SEG7_upgrade.vhd:576]
INFO: [Synth 8-638] synthesizing module 'm06_couplers_imp_1MT5LZH' [U:/Documents/SoC/TP/TP_ublaze_3IS/TP_ublaze_3IS.srcs/sources_1/bd/SEG7_upgrade/synth/SEG7_upgrade.vhd:683]
INFO: [Synth 8-256] done synthesizing module 'm06_couplers_imp_1MT5LZH' (7#1) [U:/Documents/SoC/TP/TP_ublaze_3IS/TP_ublaze_3IS.srcs/sources_1/bd/SEG7_upgrade/synth/SEG7_upgrade.vhd:683]
INFO: [Synth 8-638] synthesizing module 's00_couplers_imp_1G9JXEM' [U:/Documents/SoC/TP/TP_ublaze_3IS/TP_ublaze_3IS.srcs/sources_1/bd/SEG7_upgrade/synth/SEG7_upgrade.vhd:1346]
INFO: [Synth 8-256] done synthesizing module 's00_couplers_imp_1G9JXEM' (8#1) [U:/Documents/SoC/TP/TP_ublaze_3IS/TP_ublaze_3IS.srcs/sources_1/bd/SEG7_upgrade/synth/SEG7_upgrade.vhd:1346]
INFO: [Synth 8-3491] module 'SEG7_upgrade_xbar_1' declared at 'U:/Documents/SoC/TP/TP_ublaze_3IS/TP_ublaze_3IS.runs/synth_1/.Xil/Vivado-7408-c306-pc1/realtime/SEG7_upgrade_xbar_1_stub.vhdl:5' bound to instance 'xbar' of component 'SEG7_upgrade_xbar_1' [U:/Documents/SoC/TP/TP_ublaze_3IS/TP_ublaze_3IS.srcs/sources_1/bd/SEG7_upgrade/synth/SEG7_upgrade.vhd:2485]
INFO: [Synth 8-638] synthesizing module 'SEG7_upgrade_xbar_1' [U:/Documents/SoC/TP/TP_ublaze_3IS/TP_ublaze_3IS.runs/synth_1/.Xil/Vivado-7408-c306-pc1/realtime/SEG7_upgrade_xbar_1_stub.vhdl:51]
INFO: [Synth 8-256] done synthesizing module 'SEG7_upgrade_microblaze_0_axi_periph_1' (9#1) [U:/Documents/SoC/TP/TP_ublaze_3IS/TP_ublaze_3IS.srcs/sources_1/bd/SEG7_upgrade/synth/SEG7_upgrade.vhd:1573]
INFO: [Synth 8-638] synthesizing module 'microblaze_0_local_memory_imp_M90O6A' [U:/Documents/SoC/TP/TP_ublaze_3IS/TP_ublaze_3IS.srcs/sources_1/bd/SEG7_upgrade/synth/SEG7_upgrade.vhd:767]
INFO: [Synth 8-3491] module 'SEG7_upgrade_dlmb_bram_if_cntlr_1' declared at 'U:/Documents/SoC/TP/TP_ublaze_3IS/TP_ublaze_3IS.runs/synth_1/.Xil/Vivado-7408-c306-pc1/realtime/SEG7_upgrade_dlmb_bram_if_cntlr_1_stub.vhdl:5' bound to instance 'dlmb_bram_if_cntlr' of component 'SEG7_upgrade_dlmb_bram_if_cntlr_1' [U:/Documents/SoC/TP/TP_ublaze_3IS/TP_ublaze_3IS.srcs/sources_1/bd/SEG7_upgrade/synth/SEG7_upgrade.vhd:981]
INFO: [Synth 8-638] synthesizing module 'SEG7_upgrade_dlmb_bram_if_cntlr_1' [U:/Documents/SoC/TP/TP_ublaze_3IS/TP_ublaze_3IS.runs/synth_1/.Xil/Vivado-7408-c306-pc1/realtime/SEG7_upgrade_dlmb_bram_if_cntlr_1_stub.vhdl:31]
INFO: [Synth 8-3491] module 'SEG7_upgrade_dlmb_v10_1' declared at 'U:/Documents/SoC/TP/TP_ublaze_3IS/TP_ublaze_3IS.runs/synth_1/.Xil/Vivado-7408-c306-pc1/realtime/SEG7_upgrade_dlmb_v10_1_stub.vhdl:5' bound to instance 'dlmb_v10' of component 'SEG7_upgrade_dlmb_v10_1' [U:/Documents/SoC/TP/TP_ublaze_3IS/TP_ublaze_3IS.srcs/sources_1/bd/SEG7_upgrade/synth/SEG7_upgrade.vhd:1035]
INFO: [Synth 8-638] synthesizing module 'SEG7_upgrade_dlmb_v10_1' [U:/Documents/SoC/TP/TP_ublaze_3IS/TP_ublaze_3IS.runs/synth_1/.Xil/Vivado-7408-c306-pc1/realtime/SEG7_upgrade_dlmb_v10_1_stub.vhdl:36]
INFO: [Synth 8-3491] module 'SEG7_upgrade_ilmb_bram_if_cntlr_1' declared at 'U:/Documents/SoC/TP/TP_ublaze_3IS/TP_ublaze_3IS.runs/synth_1/.Xil/Vivado-7408-c306-pc1/realtime/SEG7_upgrade_ilmb_bram_if_cntlr_1_stub.vhdl:5' bound to instance 'ilmb_bram_if_cntlr' of component 'SEG7_upgrade_ilmb_bram_if_cntlr_1' [U:/Documents/SoC/TP/TP_ublaze_3IS/TP_ublaze_3IS.srcs/sources_1/bd/SEG7_upgrade/synth/SEG7_upgrade.vhd:1063]
INFO: [Synth 8-638] synthesizing module 'SEG7_upgrade_ilmb_bram_if_cntlr_1' [U:/Documents/SoC/TP/TP_ublaze_3IS/TP_ublaze_3IS.runs/synth_1/.Xil/Vivado-7408-c306-pc1/realtime/SEG7_upgrade_ilmb_bram_if_cntlr_1_stub.vhdl:31]
INFO: [Synth 8-3491] module 'SEG7_upgrade_ilmb_v10_1' declared at 'U:/Documents/SoC/TP/TP_ublaze_3IS/TP_ublaze_3IS.runs/synth_1/.Xil/Vivado-7408-c306-pc1/realtime/SEG7_upgrade_ilmb_v10_1_stub.vhdl:5' bound to instance 'ilmb_v10' of component 'SEG7_upgrade_ilmb_v10_1' [U:/Documents/SoC/TP/TP_ublaze_3IS/TP_ublaze_3IS.srcs/sources_1/bd/SEG7_upgrade/synth/SEG7_upgrade.vhd:1117]
INFO: [Synth 8-638] synthesizing module 'SEG7_upgrade_ilmb_v10_1' [U:/Documents/SoC/TP/TP_ublaze_3IS/TP_ublaze_3IS.runs/synth_1/.Xil/Vivado-7408-c306-pc1/realtime/SEG7_upgrade_ilmb_v10_1_stub.vhdl:36]
INFO: [Synth 8-3491] module 'SEG7_upgrade_lmb_bram_1' declared at 'U:/Documents/SoC/TP/TP_ublaze_3IS/TP_ublaze_3IS.runs/synth_1/.Xil/Vivado-7408-c306-pc1/realtime/SEG7_upgrade_lmb_bram_1_stub.vhdl:5' bound to instance 'lmb_bram' of component 'SEG7_upgrade_lmb_bram_1' [U:/Documents/SoC/TP/TP_ublaze_3IS/TP_ublaze_3IS.srcs/sources_1/bd/SEG7_upgrade/synth/SEG7_upgrade.vhd:1145]
INFO: [Synth 8-638] synthesizing module 'SEG7_upgrade_lmb_bram_1' [U:/Documents/SoC/TP/TP_ublaze_3IS/TP_ublaze_3IS.runs/synth_1/.Xil/Vivado-7408-c306-pc1/realtime/SEG7_upgrade_lmb_bram_1_stub.vhdl:27]
INFO: [Synth 8-256] done synthesizing module 'microblaze_0_local_memory_imp_M90O6A' (10#1) [U:/Documents/SoC/TP/TP_ublaze_3IS/TP_ublaze_3IS.srcs/sources_1/bd/SEG7_upgrade/synth/SEG7_upgrade.vhd:767]
INFO: [Synth 8-3491] module 'SEG7_upgrade_microblaze_0_xlconcat_0' declared at 'u:/Documents/SoC/TP/TP_ublaze_3IS/TP_ublaze_3IS.srcs/sources_1/bd/SEG7_upgrade/ip/SEG7_upgrade_microblaze_0_xlconcat_0/synth/SEG7_upgrade_microblaze_0_xlconcat_0.v:58' bound to instance 'microblaze_0_xlconcat' of component 'SEG7_upgrade_microblaze_0_xlconcat_0' [U:/Documents/SoC/TP/TP_ublaze_3IS/TP_ublaze_3IS.srcs/sources_1/bd/SEG7_upgrade/synth/SEG7_upgrade.vhd:3626]
INFO: [Synth 8-6157] synthesizing module 'SEG7_upgrade_microblaze_0_xlconcat_0' [u:/Documents/SoC/TP/TP_ublaze_3IS/TP_ublaze_3IS.srcs/sources_1/bd/SEG7_upgrade/ip/SEG7_upgrade_microblaze_0_xlconcat_0/synth/SEG7_upgrade_microblaze_0_xlconcat_0.v:58]
INFO: [Synth 8-6157] synthesizing module 'xlconcat_v2_1_3_xlconcat' [u:/Documents/SoC/TP/TP_ublaze_3IS/TP_ublaze_3IS.srcs/sources_1/bd/SEG7_upgrade/ipshared/442e/hdl/xlconcat_v2_1_vl_rfs.v:14]
	Parameter IN0_WIDTH bound to: 1 - type: integer 
	Parameter IN1_WIDTH bound to: 1 - type: integer 
	Parameter IN2_WIDTH bound to: 1 - type: integer 
	Parameter IN3_WIDTH bound to: 1 - type: integer 
	Parameter IN4_WIDTH bound to: 1 - type: integer 
	Parameter IN5_WIDTH bound to: 1 - type: integer 
	Parameter IN6_WIDTH bound to: 1 - type: integer 
	Parameter IN7_WIDTH bound to: 1 - type: integer 
	Parameter IN8_WIDTH bound to: 1 - type: integer 
	Parameter IN9_WIDTH bound to: 1 - type: integer 
	Parameter IN10_WIDTH bound to: 1 - type: integer 
	Parameter IN11_WIDTH bound to: 1 - type: integer 
	Parameter IN12_WIDTH bound to: 1 - type: integer 
	Parameter IN13_WIDTH bound to: 1 - type: integer 
	Parameter IN14_WIDTH bound to: 1 - type: integer 
	Parameter IN15_WIDTH bound to: 1 - type: integer 
	Parameter IN16_WIDTH bound to: 1 - type: integer 
	Parameter IN17_WIDTH bound to: 1 - type: integer 
	Parameter IN18_WIDTH bound to: 1 - type: integer 
	Parameter IN19_WIDTH bound to: 1 - type: integer 
	Parameter IN20_WIDTH bound to: 1 - type: integer 
	Parameter IN21_WIDTH bound to: 1 - type: integer 
	Parameter IN22_WIDTH bound to: 1 - type: integer 
	Parameter IN23_WIDTH bound to: 1 - type: integer 
	Parameter IN24_WIDTH bound to: 1 - type: integer 
	Parameter IN25_WIDTH bound to: 1 - type: integer 
	Parameter IN26_WIDTH bound to: 1 - type: integer 
	Parameter IN27_WIDTH bound to: 1 - type: integer 
	Parameter IN28_WIDTH bound to: 1 - type: integer 
	Parameter IN29_WIDTH bound to: 1 - type: integer 
	Parameter IN30_WIDTH bound to: 1 - type: integer 
	Parameter IN31_WIDTH bound to: 1 - type: integer 
	Parameter dout_width bound to: 2 - type: integer 
	Parameter NUM_PORTS bound to: 2 - type: integer 
INFO: [Synth 8-6155] done synthesizing module 'xlconcat_v2_1_3_xlconcat' (11#1) [u:/Documents/SoC/TP/TP_ublaze_3IS/TP_ublaze_3IS.srcs/sources_1/bd/SEG7_upgrade/ipshared/442e/hdl/xlconcat_v2_1_vl_rfs.v:14]
INFO: [Synth 8-6155] done synthesizing module 'SEG7_upgrade_microblaze_0_xlconcat_0' (12#1) [u:/Documents/SoC/TP/TP_ublaze_3IS/TP_ublaze_3IS.srcs/sources_1/bd/SEG7_upgrade/ip/SEG7_upgrade_microblaze_0_xlconcat_0/synth/SEG7_upgrade_microblaze_0_xlconcat_0.v:58]
INFO: [Synth 8-3491] module 'SEG7_upgrade_rst_clk_wiz_0_100M_1' declared at 'U:/Documents/SoC/TP/TP_ublaze_3IS/TP_ublaze_3IS.runs/synth_1/.Xil/Vivado-7408-c306-pc1/realtime/SEG7_upgrade_rst_clk_wiz_0_100M_1_stub.vhdl:5' bound to instance 'rst_clk_wiz_0_100M' of component 'SEG7_upgrade_rst_clk_wiz_0_100M_1' [U:/Documents/SoC/TP/TP_ublaze_3IS/TP_ublaze_3IS.srcs/sources_1/bd/SEG7_upgrade/synth/SEG7_upgrade.vhd:3632]
INFO: [Synth 8-638] synthesizing module 'SEG7_upgrade_rst_clk_wiz_0_100M_1' [U:/Documents/SoC/TP/TP_ublaze_3IS/TP_ublaze_3IS.runs/synth_1/.Xil/Vivado-7408-c306-pc1/realtime/SEG7_upgrade_rst_clk_wiz_0_100M_1_stub.vhdl:21]
INFO: [Synth 8-256] done synthesizing module 'SEG7_upgrade' (13#1) [U:/Documents/SoC/TP/TP_ublaze_3IS/TP_ublaze_3IS.srcs/sources_1/bd/SEG7_upgrade/synth/SEG7_upgrade.vhd:2694]
INFO: [Synth 8-3491] module 'IOBUF' declared at 'C:/PROGRAMS/Xilinx/Vivado/2019.1/scripts/rt/data/unisim_comp.v:36131' bound to instance 'led_16bits_tri_iobuf_0' of component 'IOBUF' [U:/Documents/SoC/TP/TP_ublaze_3IS/TP_ublaze_3IS.srcs/sources_1/bd/SEG7_upgrade/hdl/SEG7_upgrade_wrapper.vhd:176]
INFO: [Synth 8-6157] synthesizing module 'IOBUF' [C:/PROGRAMS/Xilinx/Vivado/2019.1/scripts/rt/data/unisim_comp.v:36131]
	Parameter DRIVE bound to: 12 - type: integer 
	Parameter IBUF_LOW_PWR bound to: TRUE - type: string 
	Parameter IOSTANDARD bound to: DEFAULT - type: string 
	Parameter SLEW bound to: SLOW - type: string 
INFO: [Synth 8-6155] done synthesizing module 'IOBUF' (14#1) [C:/PROGRAMS/Xilinx/Vivado/2019.1/scripts/rt/data/unisim_comp.v:36131]
INFO: [Synth 8-3491] module 'IOBUF' declared at 'C:/PROGRAMS/Xilinx/Vivado/2019.1/scripts/rt/data/unisim_comp.v:36131' bound to instance 'led_16bits_tri_iobuf_1' of component 'IOBUF' [U:/Documents/SoC/TP/TP_ublaze_3IS/TP_ublaze_3IS.srcs/sources_1/bd/SEG7_upgrade/hdl/SEG7_upgrade_wrapper.vhd:183]
INFO: [Synth 8-3491] module 'IOBUF' declared at 'C:/PROGRAMS/Xilinx/Vivado/2019.1/scripts/rt/data/unisim_comp.v:36131' bound to instance 'led_16bits_tri_iobuf_10' of component 'IOBUF' [U:/Documents/SoC/TP/TP_ublaze_3IS/TP_ublaze_3IS.srcs/sources_1/bd/SEG7_upgrade/hdl/SEG7_upgrade_wrapper.vhd:190]
INFO: [Synth 8-3491] module 'IOBUF' declared at 'C:/PROGRAMS/Xilinx/Vivado/2019.1/scripts/rt/data/unisim_comp.v:36131' bound to instance 'led_16bits_tri_iobuf_11' of component 'IOBUF' [U:/Documents/SoC/TP/TP_ublaze_3IS/TP_ublaze_3IS.srcs/sources_1/bd/SEG7_upgrade/hdl/SEG7_upgrade_wrapper.vhd:197]
INFO: [Synth 8-3491] module 'IOBUF' declared at 'C:/PROGRAMS/Xilinx/Vivado/2019.1/scripts/rt/data/unisim_comp.v:36131' bound to instance 'led_16bits_tri_iobuf_12' of component 'IOBUF' [U:/Documents/SoC/TP/TP_ublaze_3IS/TP_ublaze_3IS.srcs/sources_1/bd/SEG7_upgrade/hdl/SEG7_upgrade_wrapper.vhd:204]
INFO: [Synth 8-3491] module 'IOBUF' declared at 'C:/PROGRAMS/Xilinx/Vivado/2019.1/scripts/rt/data/unisim_comp.v:36131' bound to instance 'led_16bits_tri_iobuf_13' of component 'IOBUF' [U:/Documents/SoC/TP/TP_ublaze_3IS/TP_ublaze_3IS.srcs/sources_1/bd/SEG7_upgrade/hdl/SEG7_upgrade_wrapper.vhd:211]
INFO: [Synth 8-3491] module 'IOBUF' declared at 'C:/PROGRAMS/Xilinx/Vivado/2019.1/scripts/rt/data/unisim_comp.v:36131' bound to instance 'led_16bits_tri_iobuf_14' of component 'IOBUF' [U:/Documents/SoC/TP/TP_ublaze_3IS/TP_ublaze_3IS.srcs/sources_1/bd/SEG7_upgrade/hdl/SEG7_upgrade_wrapper.vhd:218]
INFO: [Synth 8-3491] module 'IOBUF' declared at 'C:/PROGRAMS/Xilinx/Vivado/2019.1/scripts/rt/data/unisim_comp.v:36131' bound to instance 'led_16bits_tri_iobuf_15' of component 'IOBUF' [U:/Documents/SoC/TP/TP_ublaze_3IS/TP_ublaze_3IS.srcs/sources_1/bd/SEG7_upgrade/hdl/SEG7_upgrade_wrapper.vhd:225]
INFO: [Synth 8-3491] module 'IOBUF' declared at 'C:/PROGRAMS/Xilinx/Vivado/2019.1/scripts/rt/data/unisim_comp.v:36131' bound to instance 'led_16bits_tri_iobuf_2' of component 'IOBUF' [U:/Documents/SoC/TP/TP_ublaze_3IS/TP_ublaze_3IS.srcs/sources_1/bd/SEG7_upgrade/hdl/SEG7_upgrade_wrapper.vhd:232]
INFO: [Synth 8-3491] module 'IOBUF' declared at 'C:/PROGRAMS/Xilinx/Vivado/2019.1/scripts/rt/data/unisim_comp.v:36131' bound to instance 'led_16bits_tri_iobuf_3' of component 'IOBUF' [U:/Documents/SoC/TP/TP_ublaze_3IS/TP_ublaze_3IS.srcs/sources_1/bd/SEG7_upgrade/hdl/SEG7_upgrade_wrapper.vhd:239]
INFO: [Synth 8-3491] module 'IOBUF' declared at 'C:/PROGRAMS/Xilinx/Vivado/2019.1/scripts/rt/data/unisim_comp.v:36131' bound to instance 'led_16bits_tri_iobuf_4' of component 'IOBUF' [U:/Documents/SoC/TP/TP_ublaze_3IS/TP_ublaze_3IS.srcs/sources_1/bd/SEG7_upgrade/hdl/SEG7_upgrade_wrapper.vhd:246]
INFO: [Synth 8-3491] module 'IOBUF' declared at 'C:/PROGRAMS/Xilinx/Vivado/2019.1/scripts/rt/data/unisim_comp.v:36131' bound to instance 'led_16bits_tri_iobuf_5' of component 'IOBUF' [U:/Documents/SoC/TP/TP_ublaze_3IS/TP_ublaze_3IS.srcs/sources_1/bd/SEG7_upgrade/hdl/SEG7_upgrade_wrapper.vhd:253]
INFO: [Synth 8-3491] module 'IOBUF' declared at 'C:/PROGRAMS/Xilinx/Vivado/2019.1/scripts/rt/data/unisim_comp.v:36131' bound to instance 'led_16bits_tri_iobuf_6' of component 'IOBUF' [U:/Documents/SoC/TP/TP_ublaze_3IS/TP_ublaze_3IS.srcs/sources_1/bd/SEG7_upgrade/hdl/SEG7_upgrade_wrapper.vhd:260]
INFO: [Synth 8-3491] module 'IOBUF' declared at 'C:/PROGRAMS/Xilinx/Vivado/2019.1/scripts/rt/data/unisim_comp.v:36131' bound to instance 'led_16bits_tri_iobuf_7' of component 'IOBUF' [U:/Documents/SoC/TP/TP_ublaze_3IS/TP_ublaze_3IS.srcs/sources_1/bd/SEG7_upgrade/hdl/SEG7_upgrade_wrapper.vhd:267]
INFO: [Synth 8-3491] module 'IOBUF' declared at 'C:/PROGRAMS/Xilinx/Vivado/2019.1/scripts/rt/data/unisim_comp.v:36131' bound to instance 'led_16bits_tri_iobuf_8' of component 'IOBUF' [U:/Documents/SoC/TP/TP_ublaze_3IS/TP_ublaze_3IS.srcs/sources_1/bd/SEG7_upgrade/hdl/SEG7_upgrade_wrapper.vhd:274]
INFO: [Synth 8-3491] module 'IOBUF' declared at 'C:/PROGRAMS/Xilinx/Vivado/2019.1/scripts/rt/data/unisim_comp.v:36131' bound to instance 'led_16bits_tri_iobuf_9' of component 'IOBUF' [U:/Documents/SoC/TP/TP_ublaze_3IS/TP_ublaze_3IS.srcs/sources_1/bd/SEG7_upgrade/hdl/SEG7_upgrade_wrapper.vhd:281]
INFO: [Synth 8-256] done synthesizing module 'SEG7_upgrade_wrapper' (15#1) [U:/Documents/SoC/TP/TP_ublaze_3IS/TP_ublaze_3IS.srcs/sources_1/bd/SEG7_upgrade/hdl/SEG7_upgrade_wrapper.vhd:28]
WARNING: [Synth 8-3331] design xlconcat_v2_1_3_xlconcat has unconnected port In2[0]
WARNING: [Synth 8-3331] design xlconcat_v2_1_3_xlconcat has unconnected port In3[0]
WARNING: [Synth 8-3331] design xlconcat_v2_1_3_xlconcat has unconnected port In4[0]
WARNING: [Synth 8-3331] design xlconcat_v2_1_3_xlconcat has unconnected port In5[0]
WARNING: [Synth 8-3331] design xlconcat_v2_1_3_xlconcat has unconnected port In6[0]
WARNING: [Synth 8-3331] design xlconcat_v2_1_3_xlconcat has unconnected port In7[0]
WARNING: [Synth 8-3331] design xlconcat_v2_1_3_xlconcat has unconnected port In8[0]
WARNING: [Synth 8-3331] design xlconcat_v2_1_3_xlconcat has unconnected port In9[0]
WARNING: [Synth 8-3331] design xlconcat_v2_1_3_xlconcat has unconnected port In10[0]
WARNING: [Synth 8-3331] design xlconcat_v2_1_3_xlconcat has unconnected port In11[0]
WARNING: [Synth 8-3331] design xlconcat_v2_1_3_xlconcat has unconnected port In12[0]
WARNING: [Synth 8-3331] design xlconcat_v2_1_3_xlconcat has unconnected port In13[0]
WARNING: [Synth 8-3331] design xlconcat_v2_1_3_xlconcat has unconnected port In14[0]
WARNING: [Synth 8-3331] design xlconcat_v2_1_3_xlconcat has unconnected port In15[0]
WARNING: [Synth 8-3331] design xlconcat_v2_1_3_xlconcat has unconnected port In16[0]
WARNING: [Synth 8-3331] design xlconcat_v2_1_3_xlconcat has unconnected port In17[0]
WARNING: [Synth 8-3331] design xlconcat_v2_1_3_xlconcat has unconnected port In18[0]
WARNING: [Synth 8-3331] design xlconcat_v2_1_3_xlconcat has unconnected port In19[0]
WARNING: [Synth 8-3331] design xlconcat_v2_1_3_xlconcat has unconnected port In20[0]
WARNING: [Synth 8-3331] design xlconcat_v2_1_3_xlconcat has unconnected port In21[0]
WARNING: [Synth 8-3331] design xlconcat_v2_1_3_xlconcat has unconnected port In22[0]
WARNING: [Synth 8-3331] design xlconcat_v2_1_3_xlconcat has unconnected port In23[0]
WARNING: [Synth 8-3331] design xlconcat_v2_1_3_xlconcat has unconnected port In24[0]
WARNING: [Synth 8-3331] design xlconcat_v2_1_3_xlconcat has unconnected port In25[0]
WARNING: [Synth 8-3331] design xlconcat_v2_1_3_xlconcat has unconnected port In26[0]
WARNING: [Synth 8-3331] design xlconcat_v2_1_3_xlconcat has unconnected port In27[0]
WARNING: [Synth 8-3331] design xlconcat_v2_1_3_xlconcat has unconnected port In28[0]
WARNING: [Synth 8-3331] design xlconcat_v2_1_3_xlconcat has unconnected port In29[0]
WARNING: [Synth 8-3331] design xlconcat_v2_1_3_xlconcat has unconnected port In30[0]
WARNING: [Synth 8-3331] design xlconcat_v2_1_3_xlconcat has unconnected port In31[0]
WARNING: [Synth 8-3331] design s00_couplers_imp_1G9JXEM has unconnected port M_ACLK
WARNING: [Synth 8-3331] design s00_couplers_imp_1G9JXEM has unconnected port M_ARESETN
WARNING: [Synth 8-3331] design s00_couplers_imp_1G9JXEM has unconnected port S_ACLK
WARNING: [Synth 8-3331] design s00_couplers_imp_1G9JXEM has unconnected port S_ARESETN
WARNING: [Synth 8-3331] design m06_couplers_imp_1MT5LZH has unconnected port M_ACLK
WARNING: [Synth 8-3331] design m06_couplers_imp_1MT5LZH has unconnected port M_ARESETN
WARNING: [Synth 8-3331] design m06_couplers_imp_1MT5LZH has unconnected port S_ACLK
WARNING: [Synth 8-3331] design m06_couplers_imp_1MT5LZH has unconnected port S_ARESETN
WARNING: [Synth 8-3331] design m05_couplers_imp_1T2URWT has unconnected port M_ACLK
WARNING: [Synth 8-3331] design m05_couplers_imp_1T2URWT has unconnected port M_ARESETN
WARNING: [Synth 8-3331] design m05_couplers_imp_1T2URWT has unconnected port S_ACLK
WARNING: [Synth 8-3331] design m05_couplers_imp_1T2URWT has unconnected port S_ARESETN
WARNING: [Synth 8-3331] design m04_couplers_imp_1YDKKJX has unconnected port M_ACLK
WARNING: [Synth 8-3331] design m04_couplers_imp_1YDKKJX has unconnected port M_ARESETN
WARNING: [Synth 8-3331] design m04_couplers_imp_1YDKKJX has unconnected port S_ACLK
WARNING: [Synth 8-3331] design m04_couplers_imp_1YDKKJX has unconnected port S_ARESETN
WARNING: [Synth 8-3331] design m03_couplers_imp_16B6OGD has unconnected port M_ACLK
WARNING: [Synth 8-3331] design m03_couplers_imp_16B6OGD has unconnected port M_ARESETN
WARNING: [Synth 8-3331] design m03_couplers_imp_16B6OGD has unconnected port S_ACLK
WARNING: [Synth 8-3331] design m03_couplers_imp_16B6OGD has unconnected port S_ARESETN
WARNING: [Synth 8-3331] design m02_couplers_imp_13RQNIL has unconnected port M_ACLK
WARNING: [Synth 8-3331] design m02_couplers_imp_13RQNIL has unconnected port M_ARESETN
WARNING: [Synth 8-3331] design m02_couplers_imp_13RQNIL has unconnected port S_ACLK
WARNING: [Synth 8-3331] design m02_couplers_imp_13RQNIL has unconnected port S_ARESETN
WARNING: [Synth 8-3331] design m01_couplers_imp_1EJPTQL has unconnected port M_ACLK
WARNING: [Synth 8-3331] design m01_couplers_imp_1EJPTQL has unconnected port M_ARESETN
WARNING: [Synth 8-3331] design m01_couplers_imp_1EJPTQL has unconnected port S_ACLK
WARNING: [Synth 8-3331] design m01_couplers_imp_1EJPTQL has unconnected port S_ARESETN
WARNING: [Synth 8-3331] design m00_couplers_imp_18ODYQ5 has unconnected port M_ACLK
WARNING: [Synth 8-3331] design m00_couplers_imp_18ODYQ5 has unconnected port M_ARESETN
WARNING: [Synth 8-3331] design m00_couplers_imp_18ODYQ5 has unconnected port S_ACLK
WARNING: [Synth 8-3331] design m00_couplers_imp_18ODYQ5 has unconnected port S_ARESETN
WARNING: [Synth 8-3331] design SEG7_upgrade_microblaze_0_axi_periph_1 has unconnected port M00_ACLK
WARNING: [Synth 8-3331] design SEG7_upgrade_microblaze_0_axi_periph_1 has unconnected port M00_ARESETN
WARNING: [Synth 8-3331] design SEG7_upgrade_microblaze_0_axi_periph_1 has unconnected port M01_ACLK
WARNING: [Synth 8-3331] design SEG7_upgrade_microblaze_0_axi_periph_1 has unconnected port M01_ARESETN
WARNING: [Synth 8-3331] design SEG7_upgrade_microblaze_0_axi_periph_1 has unconnected port M02_ACLK
WARNING: [Synth 8-3331] design SEG7_upgrade_microblaze_0_axi_periph_1 has unconnected port M02_ARESETN
WARNING: [Synth 8-3331] design SEG7_upgrade_microblaze_0_axi_periph_1 has unconnected port M03_ACLK
WARNING: [Synth 8-3331] design SEG7_upgrade_microblaze_0_axi_periph_1 has unconnected port M03_ARESETN
WARNING: [Synth 8-3331] design SEG7_upgrade_microblaze_0_axi_periph_1 has unconnected port M04_ACLK
WARNING: [Synth 8-3331] design SEG7_upgrade_microblaze_0_axi_periph_1 has unconnected port M04_ARESETN
WARNING: [Synth 8-3331] design SEG7_upgrade_microblaze_0_axi_periph_1 has unconnected port M05_ACLK
WARNING: [Synth 8-3331] design SEG7_upgrade_microblaze_0_axi_periph_1 has unconnected port M05_ARESETN
WARNING: [Synth 8-3331] design SEG7_upgrade_microblaze_0_axi_periph_1 has unconnected port M05_AXI_bresp[1]
WARNING: [Synth 8-3331] design SEG7_upgrade_microblaze_0_axi_periph_1 has unconnected port M05_AXI_rdata[31]
WARNING: [Synth 8-3331] design SEG7_upgrade_microblaze_0_axi_periph_1 has unconnected port M05_AXI_rdata[30]
WARNING: [Synth 8-3331] design SEG7_upgrade_microblaze_0_axi_periph_1 has unconnected port M05_AXI_rdata[29]
WARNING: [Synth 8-3331] design SEG7_upgrade_microblaze_0_axi_periph_1 has unconnected port M05_AXI_rdata[28]
WARNING: [Synth 8-3331] design SEG7_upgrade_microblaze_0_axi_periph_1 has unconnected port M05_AXI_rdata[27]
WARNING: [Synth 8-3331] design SEG7_upgrade_microblaze_0_axi_periph_1 has unconnected port M05_AXI_rdata[26]
WARNING: [Synth 8-3331] design SEG7_upgrade_microblaze_0_axi_periph_1 has unconnected port M05_AXI_rdata[25]
WARNING: [Synth 8-3331] design SEG7_upgrade_microblaze_0_axi_periph_1 has unconnected port M05_AXI_rdata[24]
WARNING: [Synth 8-3331] design SEG7_upgrade_microblaze_0_axi_periph_1 has unconnected port M05_AXI_rdata[23]
WARNING: [Synth 8-3331] design SEG7_upgrade_microblaze_0_axi_periph_1 has unconnected port M05_AXI_rdata[22]
WARNING: [Synth 8-3331] design SEG7_upgrade_microblaze_0_axi_periph_1 has unconnected port M05_AXI_rdata[21]
WARNING: [Synth 8-3331] design SEG7_upgrade_microblaze_0_axi_periph_1 has unconnected port M05_AXI_rdata[20]
WARNING: [Synth 8-3331] design SEG7_upgrade_microblaze_0_axi_periph_1 has unconnected port M05_AXI_rdata[19]
WARNING: [Synth 8-3331] design SEG7_upgrade_microblaze_0_axi_periph_1 has unconnected port M05_AXI_rdata[18]
WARNING: [Synth 8-3331] design SEG7_upgrade_microblaze_0_axi_periph_1 has unconnected port M05_AXI_rdata[17]
WARNING: [Synth 8-3331] design SEG7_upgrade_microblaze_0_axi_periph_1 has unconnected port M05_AXI_rdata[16]
WARNING: [Synth 8-3331] design SEG7_upgrade_microblaze_0_axi_periph_1 has unconnected port M05_AXI_rdata[15]
WARNING: [Synth 8-3331] design SEG7_upgrade_microblaze_0_axi_periph_1 has unconnected port M05_AXI_rdata[14]
WARNING: [Synth 8-3331] design SEG7_upgrade_microblaze_0_axi_periph_1 has unconnected port M05_AXI_rdata[13]
WARNING: [Synth 8-3331] design SEG7_upgrade_microblaze_0_axi_periph_1 has unconnected port M05_AXI_rdata[12]
WARNING: [Synth 8-3331] design SEG7_upgrade_microblaze_0_axi_periph_1 has unconnected port M05_AXI_rdata[11]
WARNING: [Synth 8-3331] design SEG7_upgrade_microblaze_0_axi_periph_1 has unconnected port M05_AXI_rdata[10]
WARNING: [Synth 8-3331] design SEG7_upgrade_microblaze_0_axi_periph_1 has unconnected port M05_AXI_rdata[9]
WARNING: [Synth 8-3331] design SEG7_upgrade_microblaze_0_axi_periph_1 has unconnected port M05_AXI_rdata[8]
WARNING: [Synth 8-3331] design SEG7_upgrade_microblaze_0_axi_periph_1 has unconnected port M05_AXI_rdata[7]
INFO: [Common 17-14] Message 'Synth 8-3331' appears 100 times and further instances of the messages will be disabled. Use the Tcl command set_msg_config to change the current settings.
---------------------------------------------------------------------------------
Finished RTL Elaboration : Time (s): cpu = 00:00:03 ; elapsed = 00:00:05 . Memory (MB): peak = 814.613 ; gain = 249.934
---------------------------------------------------------------------------------

Report Check Netlist: 
+------+------------------+-------+---------+-------+------------------+
|      |Item              |Errors |Warnings |Status |Description       |
+------+------------------+-------+---------+-------+------------------+
|1     |multi_driven_nets |      0|        0|Passed |Multi driven nets |
+------+------------------+-------+---------+-------+------------------+
---------------------------------------------------------------------------------
Start Handling Custom Attributes
---------------------------------------------------------------------------------
---------------------------------------------------------------------------------
Finished Handling Custom Attributes : Time (s): cpu = 00:00:04 ; elapsed = 00:00:05 . Memory (MB): peak = 814.613 ; gain = 249.934
---------------------------------------------------------------------------------
---------------------------------------------------------------------------------
Finished RTL Optimization Phase 1 : Time (s): cpu = 00:00:04 ; elapsed = 00:00:05 . Memory (MB): peak = 814.613 ; gain = 249.934
---------------------------------------------------------------------------------
INFO: [Netlist 29-17] Analyzing 16 Unisim elements for replacement
INFO: [Netlist 29-28] Unisim Transformation completed in 0 CPU seconds
INFO: [Project 1-570] Preparing netlist for logic optimization

Processing XDC Constraints
Initializing timing engine
Parsing XDC File [u:/Documents/SoC/TP/TP_ublaze_3IS/TP_ublaze_3IS.srcs/sources_1/bd/SEG7_upgrade/ip/SEG7_upgrade_clk_wiz_0_0/SEG7_upgrade_clk_wiz_0_0/SEG7_upgrade_clk_wiz_0_0_in_context.xdc] for cell 'SEG7_upgrade_i/clk_wiz_0'
Finished Parsing XDC File [u:/Documents/SoC/TP/TP_ublaze_3IS/TP_ublaze_3IS.srcs/sources_1/bd/SEG7_upgrade/ip/SEG7_upgrade_clk_wiz_0_0/SEG7_upgrade_clk_wiz_0_0/SEG7_upgrade_clk_wiz_0_0_in_context.xdc] for cell 'SEG7_upgrade_i/clk_wiz_0'
Parsing XDC File [u:/Documents/SoC/TP/TP_ublaze_3IS/TP_ublaze_3IS.srcs/sources_1/bd/SEG7_upgrade/ip/SEG7_upgrade_axi_uartlite_0_0/SEG7_upgrade_axi_uartlite_0_0/ublaze_system_axi_uartlite_0_0_in_context.xdc] for cell 'SEG7_upgrade_i/axi_uartlite_0'
Finished Parsing XDC File [u:/Documents/SoC/TP/TP_ublaze_3IS/TP_ublaze_3IS.srcs/sources_1/bd/SEG7_upgrade/ip/SEG7_upgrade_axi_uartlite_0_0/SEG7_upgrade_axi_uartlite_0_0/ublaze_system_axi_uartlite_0_0_in_context.xdc] for cell 'SEG7_upgrade_i/axi_uartlite_0'
Parsing XDC File [u:/Documents/SoC/TP/TP_ublaze_3IS/TP_ublaze_3IS.srcs/sources_1/bd/SEG7_upgrade/ip/SEG7_upgrade_microblaze_0_2/SEG7_upgrade_microblaze_0_2/ublaze_system_microblaze_0_0_in_context.xdc] for cell 'SEG7_upgrade_i/microblaze_0'
Finished Parsing XDC File [u:/Documents/SoC/TP/TP_ublaze_3IS/TP_ublaze_3IS.srcs/sources_1/bd/SEG7_upgrade/ip/SEG7_upgrade_microblaze_0_2/SEG7_upgrade_microblaze_0_2/ublaze_system_microblaze_0_0_in_context.xdc] for cell 'SEG7_upgrade_i/microblaze_0'
Parsing XDC File [u:/Documents/SoC/TP/TP_ublaze_3IS/TP_ublaze_3IS.srcs/sources_1/bd/SEG7_upgrade/ip/SEG7_upgrade_dlmb_v10_1/SEG7_upgrade_dlmb_v10_1/ublaze_system_ilmb_v10_1_in_context.xdc] for cell 'SEG7_upgrade_i/microblaze_0_local_memory/dlmb_v10'
Finished Parsing XDC File [u:/Documents/SoC/TP/TP_ublaze_3IS/TP_ublaze_3IS.srcs/sources_1/bd/SEG7_upgrade/ip/SEG7_upgrade_dlmb_v10_1/SEG7_upgrade_dlmb_v10_1/ublaze_system_ilmb_v10_1_in_context.xdc] for cell 'SEG7_upgrade_i/microblaze_0_local_memory/dlmb_v10'
Parsing XDC File [u:/Documents/SoC/TP/TP_ublaze_3IS/TP_ublaze_3IS.srcs/sources_1/bd/SEG7_upgrade/ip/SEG7_upgrade_ilmb_v10_1/SEG7_upgrade_ilmb_v10_1/ublaze_system_ilmb_v10_1_in_context.xdc] for cell 'SEG7_upgrade_i/microblaze_0_local_memory/ilmb_v10'
Finished Parsing XDC File [u:/Documents/SoC/TP/TP_ublaze_3IS/TP_ublaze_3IS.srcs/sources_1/bd/SEG7_upgrade/ip/SEG7_upgrade_ilmb_v10_1/SEG7_upgrade_ilmb_v10_1/ublaze_system_ilmb_v10_1_in_context.xdc] for cell 'SEG7_upgrade_i/microblaze_0_local_memory/ilmb_v10'
Parsing XDC File [u:/Documents/SoC/TP/TP_ublaze_3IS/TP_ublaze_3IS.srcs/sources_1/bd/SEG7_upgrade/ip/SEG7_upgrade_dlmb_bram_if_cntlr_1/SEG7_upgrade_dlmb_bram_if_cntlr_1/ublaze_system_dlmb_bram_if_cntlr_1_in_context.xdc] for cell 'SEG7_upgrade_i/microblaze_0_local_memory/dlmb_bram_if_cntlr'
Finished Parsing XDC File [u:/Documents/SoC/TP/TP_ublaze_3IS/TP_ublaze_3IS.srcs/sources_1/bd/SEG7_upgrade/ip/SEG7_upgrade_dlmb_bram_if_cntlr_1/SEG7_upgrade_dlmb_bram_if_cntlr_1/ublaze_system_dlmb_bram_if_cntlr_1_in_context.xdc] for cell 'SEG7_upgrade_i/microblaze_0_local_memory/dlmb_bram_if_cntlr'
Parsing XDC File [u:/Documents/SoC/TP/TP_ublaze_3IS/TP_ublaze_3IS.srcs/sources_1/bd/SEG7_upgrade/ip/SEG7_upgrade_ilmb_bram_if_cntlr_1/SEG7_upgrade_ilmb_bram_if_cntlr_1/ublaze_system_ilmb_bram_if_cntlr_1_in_context.xdc] for cell 'SEG7_upgrade_i/microblaze_0_local_memory/ilmb_bram_if_cntlr'
Finished Parsing XDC File [u:/Documents/SoC/TP/TP_ublaze_3IS/TP_ublaze_3IS.srcs/sources_1/bd/SEG7_upgrade/ip/SEG7_upgrade_ilmb_bram_if_cntlr_1/SEG7_upgrade_ilmb_bram_if_cntlr_1/ublaze_system_ilmb_bram_if_cntlr_1_in_context.xdc] for cell 'SEG7_upgrade_i/microblaze_0_local_memory/ilmb_bram_if_cntlr'
Parsing XDC File [u:/Documents/SoC/TP/TP_ublaze_3IS/TP_ublaze_3IS.srcs/sources_1/bd/SEG7_upgrade/ip/SEG7_upgrade_lmb_bram_1/SEG7_upgrade_lmb_bram_1/SEG7_upgrade_lmb_bram_1_in_context.xdc] for cell 'SEG7_upgrade_i/microblaze_0_local_memory/lmb_bram'
Finished Parsing XDC File [u:/Documents/SoC/TP/TP_ublaze_3IS/TP_ublaze_3IS.srcs/sources_1/bd/SEG7_upgrade/ip/SEG7_upgrade_lmb_bram_1/SEG7_upgrade_lmb_bram_1/SEG7_upgrade_lmb_bram_1_in_context.xdc] for cell 'SEG7_upgrade_i/microblaze_0_local_memory/lmb_bram'
Parsing XDC File [u:/Documents/SoC/TP/TP_ublaze_3IS/TP_ublaze_3IS.srcs/sources_1/bd/SEG7_upgrade/ip/SEG7_upgrade_xbar_1/SEG7_upgrade_xbar_1/SEG7_upgrade_xbar_1_in_context.xdc] for cell 'SEG7_upgrade_i/microblaze_0_axi_periph/xbar'
Finished Parsing XDC File [u:/Documents/SoC/TP/TP_ublaze_3IS/TP_ublaze_3IS.srcs/sources_1/bd/SEG7_upgrade/ip/SEG7_upgrade_xbar_1/SEG7_upgrade_xbar_1/SEG7_upgrade_xbar_1_in_context.xdc] for cell 'SEG7_upgrade_i/microblaze_0_axi_periph/xbar'
Parsing XDC File [u:/Documents/SoC/TP/TP_ublaze_3IS/TP_ublaze_3IS.srcs/sources_1/bd/SEG7_upgrade/ip/SEG7_upgrade_microblaze_0_axi_intc_0/SEG7_upgrade_microblaze_0_axi_intc_0/ublaze_system_microblaze_0_axi_intc_0_in_context.xdc] for cell 'SEG7_upgrade_i/microblaze_0_axi_intc'
Finished Parsing XDC File [u:/Documents/SoC/TP/TP_ublaze_3IS/TP_ublaze_3IS.srcs/sources_1/bd/SEG7_upgrade/ip/SEG7_upgrade_microblaze_0_axi_intc_0/SEG7_upgrade_microblaze_0_axi_intc_0/ublaze_system_microblaze_0_axi_intc_0_in_context.xdc] for cell 'SEG7_upgrade_i/microblaze_0_axi_intc'
Parsing XDC File [u:/Documents/SoC/TP/TP_ublaze_3IS/TP_ublaze_3IS.srcs/sources_1/bd/SEG7_upgrade/ip/SEG7_upgrade_mdm_1_1/SEG7_upgrade_mdm_1_1/ublaze_system_mdm_1_1_in_context.xdc] for cell 'SEG7_upgrade_i/mdm_1'
Finished Parsing XDC File [u:/Documents/SoC/TP/TP_ublaze_3IS/TP_ublaze_3IS.srcs/sources_1/bd/SEG7_upgrade/ip/SEG7_upgrade_mdm_1_1/SEG7_upgrade_mdm_1_1/ublaze_system_mdm_1_1_in_context.xdc] for cell 'SEG7_upgrade_i/mdm_1'
Parsing XDC File [u:/Documents/SoC/TP/TP_ublaze_3IS/TP_ublaze_3IS.srcs/sources_1/bd/SEG7_upgrade/ip/SEG7_upgrade_rst_clk_wiz_0_100M_1/SEG7_upgrade_rst_clk_wiz_0_100M_1/SEG7_upgrade_rst_clk_wiz_0_100M_1_in_context.xdc] for cell 'SEG7_upgrade_i/rst_clk_wiz_0_100M'
Finished Parsing XDC File [u:/Documents/SoC/TP/TP_ublaze_3IS/TP_ublaze_3IS.srcs/sources_1/bd/SEG7_upgrade/ip/SEG7_upgrade_rst_clk_wiz_0_100M_1/SEG7_upgrade_rst_clk_wiz_0_100M_1/SEG7_upgrade_rst_clk_wiz_0_100M_1_in_context.xdc] for cell 'SEG7_upgrade_i/rst_clk_wiz_0_100M'
Parsing XDC File [u:/Documents/SoC/TP/TP_ublaze_3IS/TP_ublaze_3IS.srcs/sources_1/bd/SEG7_upgrade/ip/SEG7_upgrade_axi_timer_0_0/SEG7_upgrade_axi_timer_0_0/ublaze_system_axi_timer_0_0_in_context.xdc] for cell 'SEG7_upgrade_i/axi_timer_0'
Finished Parsing XDC File [u:/Documents/SoC/TP/TP_ublaze_3IS/TP_ublaze_3IS.srcs/sources_1/bd/SEG7_upgrade/ip/SEG7_upgrade_axi_timer_0_0/SEG7_upgrade_axi_timer_0_0/ublaze_system_axi_timer_0_0_in_context.xdc] for cell 'SEG7_upgrade_i/axi_timer_0'
Parsing XDC File [u:/Documents/SoC/TP/TP_ublaze_3IS/TP_ublaze_3IS.srcs/sources_1/bd/SEG7_upgrade/ip/SEG7_upgrade_axi_gpio_0_1/SEG7_upgrade_axi_gpio_0_1/SEG7_upgrade_axi_gpio_0_1_in_context.xdc] for cell 'SEG7_upgrade_i/axi_gpio_0'
Finished Parsing XDC File [u:/Documents/SoC/TP/TP_ublaze_3IS/TP_ublaze_3IS.srcs/sources_1/bd/SEG7_upgrade/ip/SEG7_upgrade_axi_gpio_0_1/SEG7_upgrade_axi_gpio_0_1/SEG7_upgrade_axi_gpio_0_1_in_context.xdc] for cell 'SEG7_upgrade_i/axi_gpio_0'
Parsing XDC File [u:/Documents/SoC/TP/TP_ublaze_3IS/TP_ublaze_3IS.srcs/sources_1/bd/SEG7_upgrade/ip/SEG7_upgrade_axi_gpio_1_1/SEG7_upgrade_axi_gpio_1_1/SEG7_upgrade_axi_gpio_1_1_in_context.xdc] for cell 'SEG7_upgrade_i/axi_gpio_1'
Finished Parsing XDC File [u:/Documents/SoC/TP/TP_ublaze_3IS/TP_ublaze_3IS.srcs/sources_1/bd/SEG7_upgrade/ip/SEG7_upgrade_axi_gpio_1_1/SEG7_upgrade_axi_gpio_1_1/SEG7_upgrade_axi_gpio_1_1_in_context.xdc] for cell 'SEG7_upgrade_i/axi_gpio_1'
Parsing XDC File [u:/Documents/SoC/TP/TP_ublaze_3IS/TP_ublaze_3IS.srcs/sources_1/bd/SEG7_upgrade/ip/SEG7_upgrade_SEG7_IP_0_1/SEG7_upgrade_SEG7_IP_0_1/SEG7_upgrade_SEG7_IP_0_1_in_context.xdc] for cell 'SEG7_upgrade_i/SEG7_IP_0'
Finished Parsing XDC File [u:/Documents/SoC/TP/TP_ublaze_3IS/TP_ublaze_3IS.srcs/sources_1/bd/SEG7_upgrade/ip/SEG7_upgrade_SEG7_IP_0_1/SEG7_upgrade_SEG7_IP_0_1/SEG7_upgrade_SEG7_IP_0_1_in_context.xdc] for cell 'SEG7_upgrade_i/SEG7_IP_0'
Parsing XDC File [U:/Documents/SoC/TP/basys3_master.xdc]
WARNING: [Vivado 12-584] No ports matched 'dp'. [U:/Documents/SoC/TP/basys3_master.xdc:99]
WARNING: [Vivado 12-584] No ports matched 'dp'. [U:/Documents/SoC/TP/basys3_master.xdc:100]
Finished Parsing XDC File [U:/Documents/SoC/TP/basys3_master.xdc]
WARNING: [Project 1-498] One or more constraints failed evaluation while reading constraint file [U:/Documents/SoC/TP/basys3_master.xdc] and the design contains unresolved black boxes. These constraints will be read post-synthesis (as long as their source constraint file is marked as used_in_implementation) and should be applied correctly then. You should review the constraints listed in the file [.Xil/SEG7_upgrade_wrapper_propImpl.xdc] and check the run log file to verify that these constraints were correctly applied.
INFO: [Project 1-236] Implementation specific constraints were found while reading constraint file [U:/Documents/SoC/TP/basys3_master.xdc]. These constraints will be ignored for synthesis but will be used in implementation. Impacted constraints are listed in the file [.Xil/SEG7_upgrade_wrapper_propImpl.xdc].
Resolution: To avoid this warning, move constraints listed in [.Xil/SEG7_upgrade_wrapper_propImpl.xdc] to another XDC file and exclude this new file from synthesis with the used_in_synthesis property (File Properties dialog in GUI) and re-run elaboration/synthesis.
Parsing XDC File [U:/Documents/SoC/TP/TP_ublaze_3IS/TP_ublaze_3IS.runs/synth_1/dont_touch.xdc]
Finished Parsing XDC File [U:/Documents/SoC/TP/TP_ublaze_3IS/TP_ublaze_3IS.runs/synth_1/dont_touch.xdc]
Completed Processing XDC Constraints

Netlist sorting complete. Time (s): cpu = 00:00:00 ; elapsed = 00:00:00 . Memory (MB): peak = 898.109 ; gain = 0.000
INFO: [Project 1-111] Unisim Transformation Summary:
  A total of 16 instances were transformed.
  IOBUF => IOBUF (IBUF, OBUFT): 16 instances

Constraint Validation Runtime : Time (s): cpu = 00:00:00 ; elapsed = 00:00:00.014 . Memory (MB): peak = 898.109 ; gain = 0.000
WARNING: [Timing 38-316] Clock period '20.000' specified during out-of-context synthesis of instance 'SEG7_upgrade_i/microblaze_0_local_memory/lmb_bram' at clock pin 'clka' is different from the actual clock period '10.000', this can lead to different synthesis results.
---------------------------------------------------------------------------------
Finished Constraint Validation : Time (s): cpu = 00:00:08 ; elapsed = 00:00:12 . Memory (MB): peak = 900.262 ; gain = 335.582
---------------------------------------------------------------------------------
---------------------------------------------------------------------------------
Start Loading Part and Timing Information
---------------------------------------------------------------------------------
Loading part: xc7a35tcpg236-1
---------------------------------------------------------------------------------
Finished Loading Part and Timing Information : Time (s): cpu = 00:00:08 ; elapsed = 00:00:12 . Memory (MB): peak = 900.262 ; gain = 335.582
---------------------------------------------------------------------------------
---------------------------------------------------------------------------------
Start Applying 'set_property' XDC Constraints
---------------------------------------------------------------------------------
Applied set_property IO_BUFFER_TYPE = NONE for sys_clock. (constraint file  u:/Documents/SoC/TP/TP_ublaze_3IS/TP_ublaze_3IS.srcs/sources_1/bd/SEG7_upgrade/ip/SEG7_upgrade_clk_wiz_0_0/SEG7_upgrade_clk_wiz_0_0/SEG7_upgrade_clk_wiz_0_0_in_context.xdc, line 3).
Applied set_property CLOCK_BUFFER_TYPE = NONE for sys_clock. (constraint file  u:/Documents/SoC/TP/TP_ublaze_3IS/TP_ublaze_3IS.srcs/sources_1/bd/SEG7_upgrade/ip/SEG7_upgrade_clk_wiz_0_0/SEG7_upgrade_clk_wiz_0_0/SEG7_upgrade_clk_wiz_0_0_in_context.xdc, line 4).
Applied set_property DONT_TOUCH = true for SEG7_upgrade_i. (constraint file  auto generated constraint, line ).
Applied set_property DONT_TOUCH = true for SEG7_upgrade_i/clk_wiz_0. (constraint file  auto generated constraint, line ).
Applied set_property DONT_TOUCH = true for SEG7_upgrade_i/axi_uartlite_0. (constraint file  auto generated constraint, line ).
Applied set_property DONT_TOUCH = true for SEG7_upgrade_i/microblaze_0. (constraint file  auto generated constraint, line ).
Applied set_property DONT_TOUCH = true for SEG7_upgrade_i/microblaze_0_local_memory/dlmb_v10. (constraint file  auto generated constraint, line ).
Applied set_property DONT_TOUCH = true for SEG7_upgrade_i/microblaze_0_local_memory/ilmb_v10. (constraint file  auto generated constraint, line ).
Applied set_property DONT_TOUCH = true for SEG7_upgrade_i/microblaze_0_local_memory/dlmb_bram_if_cntlr. (constraint file  auto generated constraint, line ).
Applied set_property DONT_TOUCH = true for SEG7_upgrade_i/microblaze_0_local_memory/ilmb_bram_if_cntlr. (constraint file  auto generated constraint, line ).
Applied set_property DONT_TOUCH = true for SEG7_upgrade_i/microblaze_0_local_memory/lmb_bram. (constraint file  auto generated constraint, line ).
Applied set_property DONT_TOUCH = true for SEG7_upgrade_i/microblaze_0_axi_periph/xbar. (constraint file  auto generated constraint, line ).
Applied set_property DONT_TOUCH = true for SEG7_upgrade_i/microblaze_0_axi_periph. (constraint file  auto generated constraint, line ).
Applied set_property DONT_TOUCH = true for SEG7_upgrade_i/microblaze_0_axi_intc. (constraint file  auto generated constraint, line ).
Applied set_property DONT_TOUCH = true for SEG7_upgrade_i/microblaze_0_xlconcat. (constraint file  auto generated constraint, line ).
Applied set_property DONT_TOUCH = true for SEG7_upgrade_i/mdm_1. (constraint file  auto generated constraint, line ).
Applied set_property DONT_TOUCH = true for SEG7_upgrade_i/rst_clk_wiz_0_100M. (constraint file  auto generated constraint, line ).
Applied set_property DONT_TOUCH = true for SEG7_upgrade_i/axi_timer_0. (constraint file  auto generated constraint, line ).
Applied set_property DONT_TOUCH = true for SEG7_upgrade_i/axi_gpio_0. (constraint file  auto generated constraint, line ).
Applied set_property DONT_TOUCH = true for SEG7_upgrade_i/axi_gpio_1. (constraint file  auto generated constraint, line ).
Applied set_property DONT_TOUCH = true for SEG7_upgrade_i/SEG7_IP_0. (constraint file  auto generated constraint, line ).
---------------------------------------------------------------------------------
Finished applying 'set_property' XDC Constraints : Time (s): cpu = 00:00:08 ; elapsed = 00:00:12 . Memory (MB): peak = 900.262 ; gain = 335.582
---------------------------------------------------------------------------------
---------------------------------------------------------------------------------
Finished RTL Optimization Phase 2 : Time (s): cpu = 00:00:09 ; elapsed = 00:00:12 . Memory (MB): peak = 900.262 ; gain = 335.582
---------------------------------------------------------------------------------

Report RTL Partitions: 
+-+--------------+------------+----------+
| |RTL Partition |Replication |Instances |
+-+--------------+------------+----------+
+-+--------------+------------+----------+
---------------------------------------------------------------------------------
Start RTL Component Statistics 
---------------------------------------------------------------------------------
Detailed RTL Component Info : 
---------------------------------------------------------------------------------
Finished RTL Component Statistics 
---------------------------------------------------------------------------------
---------------------------------------------------------------------------------
Start RTL Hierarchical Component Statistics 
---------------------------------------------------------------------------------
Hierarchical RTL Component report 
---------------------------------------------------------------------------------
Finished RTL Hierarchical Component Statistics
---------------------------------------------------------------------------------
---------------------------------------------------------------------------------
Start Part Resource Summary
---------------------------------------------------------------------------------
Part Resources:
DSPs: 90 (col length:60)
BRAMs: 100 (col length: RAMB18 60 RAMB36 30)
---------------------------------------------------------------------------------
Finished Part Resource Summary
---------------------------------------------------------------------------------
---------------------------------------------------------------------------------
Start Cross Boundary and Area Optimization
---------------------------------------------------------------------------------
Warning: Parallel synthesis criteria is not met 
---------------------------------------------------------------------------------
Finished Cross Boundary and Area Optimization : Time (s): cpu = 00:00:10 ; elapsed = 00:00:14 . Memory (MB): peak = 900.262 ; gain = 335.582
---------------------------------------------------------------------------------

Report RTL Partitions: 
+-+--------------+------------+----------+
| |RTL Partition |Replication |Instances |
+-+--------------+------------+----------+
+-+--------------+------------+----------+
---------------------------------------------------------------------------------
Start Applying XDC Timing Constraints
---------------------------------------------------------------------------------
INFO: [Synth 8-5578] Moved timing constraint from pin 'SEG7_upgrade_i/clk_wiz_0/clk_out1' to pin 'SEG7_upgrade_i/clk_wiz_0/bbstub_clk_out1/O'
INFO: [Synth 8-5578] Moved timing constraint from pin 'SEG7_upgrade_i/microblaze_0_local_memory/dlmb_bram_if_cntlr/BRAM_Clk_A' to pin 'SEG7_upgrade_i/microblaze_0_local_memory/dlmb_bram_if_cntlr/bbstub_BRAM_Clk_A/O'
INFO: [Synth 8-5578] Moved timing constraint from pin 'SEG7_upgrade_i/microblaze_0_local_memory/ilmb_bram_if_cntlr/BRAM_Clk_A' to pin 'SEG7_upgrade_i/microblaze_0_local_memory/ilmb_bram_if_cntlr/bbstub_BRAM_Clk_A/O'
INFO: [Synth 8-5578] Moved timing constraint from pin 'SEG7_upgrade_i/mdm_1/Dbg_Clk_0' to pin 'SEG7_upgrade_i/mdm_1/bbstub_Dbg_Clk_0/O'
INFO: [Synth 8-5578] Moved timing constraint from pin 'SEG7_upgrade_i/mdm_1/Dbg_Update_0' to pin 'SEG7_upgrade_i/mdm_1/bbstub_Dbg_Update_0/O'
INFO: [Synth 8-5819] Moved 5 constraints on hierarchical pins to their respective driving/loading pins
---------------------------------------------------------------------------------
Finished Applying XDC Timing Constraints : Time (s): cpu = 00:00:15 ; elapsed = 00:00:20 . Memory (MB): peak = 900.262 ; gain = 335.582
---------------------------------------------------------------------------------
---------------------------------------------------------------------------------
Start Timing Optimization
---------------------------------------------------------------------------------
---------------------------------------------------------------------------------
Finished Timing Optimization : Time (s): cpu = 00:00:15 ; elapsed = 00:00:20 . Memory (MB): peak = 900.262 ; gain = 335.582
---------------------------------------------------------------------------------

Report RTL Partitions: 
+-+--------------+------------+----------+
| |RTL Partition |Replication |Instances |
+-+--------------+------------+----------+
+-+--------------+------------+----------+
---------------------------------------------------------------------------------
Start Technology Mapping
---------------------------------------------------------------------------------
---------------------------------------------------------------------------------
Finished Technology Mapping : Time (s): cpu = 00:00:16 ; elapsed = 00:00:20 . Memory (MB): peak = 900.262 ; gain = 335.582
---------------------------------------------------------------------------------

Report RTL Partitions: 
+-+--------------+------------+----------+
| |RTL Partition |Replication |Instances |
+-+--------------+------------+----------+
+-+--------------+------------+----------+
---------------------------------------------------------------------------------
Start IO Insertion
---------------------------------------------------------------------------------
---------------------------------------------------------------------------------
Start Flattening Before IO Insertion
---------------------------------------------------------------------------------
---------------------------------------------------------------------------------
Finished Flattening Before IO Insertion
---------------------------------------------------------------------------------
---------------------------------------------------------------------------------
Start Final Netlist Cleanup
---------------------------------------------------------------------------------
---------------------------------------------------------------------------------
Finished Final Netlist Cleanup
---------------------------------------------------------------------------------
---------------------------------------------------------------------------------
Finished IO Insertion : Time (s): cpu = 00:00:17 ; elapsed = 00:00:22 . Memory (MB): peak = 912.738 ; gain = 348.059
---------------------------------------------------------------------------------

Report Check Netlist: 
+------+------------------+-------+---------+-------+------------------+
|      |Item              |Errors |Warnings |Status |Description       |
+------+------------------+-------+---------+-------+------------------+
|1     |multi_driven_nets |      0|        0|Passed |Multi driven nets |
+------+------------------+-------+---------+-------+------------------+
---------------------------------------------------------------------------------
Start Renaming Generated Instances
---------------------------------------------------------------------------------
---------------------------------------------------------------------------------
Finished Renaming Generated Instances : Time (s): cpu = 00:00:17 ; elapsed = 00:00:22 . Memory (MB): peak = 912.738 ; gain = 348.059
---------------------------------------------------------------------------------

Report RTL Partitions: 
+-+--------------+------------+----------+
| |RTL Partition |Replication |Instances |
+-+--------------+------------+----------+
+-+--------------+------------+----------+
---------------------------------------------------------------------------------
Start Rebuilding User Hierarchy
---------------------------------------------------------------------------------
---------------------------------------------------------------------------------
Finished Rebuilding User Hierarchy : Time (s): cpu = 00:00:17 ; elapsed = 00:00:22 . Memory (MB): peak = 912.738 ; gain = 348.059
---------------------------------------------------------------------------------
---------------------------------------------------------------------------------
Start Renaming Generated Ports
---------------------------------------------------------------------------------
---------------------------------------------------------------------------------
Finished Renaming Generated Ports : Time (s): cpu = 00:00:17 ; elapsed = 00:00:22 . Memory (MB): peak = 912.738 ; gain = 348.059
---------------------------------------------------------------------------------
---------------------------------------------------------------------------------
Start Handling Custom Attributes
---------------------------------------------------------------------------------
---------------------------------------------------------------------------------
Finished Handling Custom Attributes : Time (s): cpu = 00:00:17 ; elapsed = 00:00:22 . Memory (MB): peak = 912.738 ; gain = 348.059
---------------------------------------------------------------------------------
---------------------------------------------------------------------------------
Start Renaming Generated Nets
---------------------------------------------------------------------------------
---------------------------------------------------------------------------------
Finished Renaming Generated Nets : Time (s): cpu = 00:00:17 ; elapsed = 00:00:22 . Memory (MB): peak = 912.738 ; gain = 348.059
---------------------------------------------------------------------------------
---------------------------------------------------------------------------------
Start Writing Synthesis Report
---------------------------------------------------------------------------------

Report BlackBoxes: 
+------+-------------------------------------+----------+
|      |BlackBox name                        |Instances |
+------+-------------------------------------+----------+
|1     |SEG7_upgrade_xbar_1                  |         1|
|2     |SEG7_upgrade_SEG7_IP_0_1             |         1|
|3     |SEG7_upgrade_axi_gpio_0_1            |         1|
|4     |SEG7_upgrade_axi_gpio_1_1            |         1|
|5     |SEG7_upgrade_axi_timer_0_0           |         1|
|6     |SEG7_upgrade_axi_uartlite_0_0        |         1|
|7     |SEG7_upgrade_clk_wiz_0_0             |         1|
|8     |SEG7_upgrade_mdm_1_1                 |         1|
|9     |SEG7_upgrade_microblaze_0_2          |         1|
|10    |SEG7_upgrade_microblaze_0_axi_intc_0 |         1|
|11    |SEG7_upgrade_rst_clk_wiz_0_100M_1    |         1|
|12    |SEG7_upgrade_dlmb_bram_if_cntlr_1    |         1|
|13    |SEG7_upgrade_dlmb_v10_1              |         1|
|14    |SEG7_upgrade_ilmb_bram_if_cntlr_1    |         1|
|15    |SEG7_upgrade_ilmb_v10_1              |         1|
|16    |SEG7_upgrade_lmb_bram_1              |         1|
+------+-------------------------------------+----------+

Report Cell Usage: 
+------+--------------------------------------------+------+
|      |Cell                                        |Count |
+------+--------------------------------------------+------+
|1     |SEG7_upgrade_SEG7_IP_0_1_bbox_0             |     1|
|2     |SEG7_upgrade_axi_gpio_0_1_bbox_1            |     1|
|3     |SEG7_upgrade_axi_gpio_1_1_bbox_2            |     1|
|4     |SEG7_upgrade_axi_timer_0_0_bbox_3           |     1|
|5     |SEG7_upgrade_axi_uartlite_0_0_bbox_4        |     1|
|6     |SEG7_upgrade_clk_wiz_0_0_bbox_5             |     1|
|7     |SEG7_upgrade_dlmb_bram_if_cntlr_1_bbox_10   |     1|
|8     |SEG7_upgrade_dlmb_v10_1_bbox_11             |     1|
|9     |SEG7_upgrade_ilmb_bram_if_cntlr_1_bbox_12   |     1|
|10    |SEG7_upgrade_ilmb_v10_1_bbox_13             |     1|
|11    |SEG7_upgrade_lmb_bram_1_bbox_14             |     1|
|12    |SEG7_upgrade_mdm_1_1_bbox_6                 |     1|
|13    |SEG7_upgrade_microblaze_0_2_bbox_7          |     1|
|14    |SEG7_upgrade_microblaze_0_axi_intc_0_bbox_8 |     1|
|15    |SEG7_upgrade_rst_clk_wiz_0_100M_1_bbox_15   |     1|
|16    |SEG7_upgrade_xbar_1_bbox_9                  |     1|
|17    |IBUF                                        |    22|
|18    |IOBUF                                       |    16|
|19    |OBUF                                        |    13|
+------+--------------------------------------------+------+

Report Instance Areas: 
+------+------------------------------+---------------------------------------+------+
|      |Instance                      |Module                                 |Cells |
+------+------------------------------+---------------------------------------+------+
|1     |top                           |                                       |  1937|
|2     |  SEG7_upgrade_i              |SEG7_upgrade                           |  1886|
|3     |    microblaze_0_axi_periph   |SEG7_upgrade_microblaze_0_axi_periph_1 |   818|
|4     |    microblaze_0_xlconcat     |SEG7_upgrade_microblaze_0_xlconcat_0   |     0|
|5     |    microblaze_0_local_memory |microblaze_0_local_memory_imp_M90O6A   |   496|
+------+------------------------------+---------------------------------------+------+
---------------------------------------------------------------------------------
Finished Writing Synthesis Report : Time (s): cpu = 00:00:17 ; elapsed = 00:00:22 . Memory (MB): peak = 912.738 ; gain = 348.059
---------------------------------------------------------------------------------
Synthesis finished with 0 errors, 0 critical warnings and 49 warnings.
Synthesis Optimization Runtime : Time (s): cpu = 00:00:11 ; elapsed = 00:00:19 . Memory (MB): peak = 912.738 ; gain = 262.410
Synthesis Optimization Complete : Time (s): cpu = 00:00:17 ; elapsed = 00:00:22 . Memory (MB): peak = 912.738 ; gain = 348.059
INFO: [Project 1-571] Translating synthesized netlist
INFO: [Netlist 29-17] Analyzing 16 Unisim elements for replacement
INFO: [Netlist 29-28] Unisim Transformation completed in 0 CPU seconds
INFO: [Project 1-570] Preparing netlist for logic optimization
INFO: [Opt 31-138] Pushed 0 inverter(s) to 0 load pin(s).
Netlist sorting complete. Time (s): cpu = 00:00:00 ; elapsed = 00:00:00 . Memory (MB): peak = 930.113 ; gain = 0.000
INFO: [Project 1-111] Unisim Transformation Summary:
  A total of 16 instances were transformed.
  IOBUF => IOBUF (IBUF, OBUFT): 16 instances

INFO: [Common 17-83] Releasing license: Synthesis
104 Infos, 104 Warnings, 0 Critical Warnings and 0 Errors encountered.
synth_design completed successfully
synth_design: Time (s): cpu = 00:00:22 ; elapsed = 00:00:45 . Memory (MB): peak = 930.113 ; gain = 620.250
Netlist sorting complete. Time (s): cpu = 00:00:00 ; elapsed = 00:00:00 . Memory (MB): peak = 930.113 ; gain = 0.000
WARNING: [Constraints 18-5210] No constraints selected for write.
Resolution: This message can indicate that there are no constraints for the design, or it can indicate that the used_in flags are set such that the constraints are ignored. This later case is used when running synth_design to not write synthesis constraints to the resulting checkpoint. Instead, project constraints are read when the synthesized design is opened.
INFO: [Common 17-1381] The checkpoint 'U:/Documents/SoC/TP/TP_ublaze_3IS/TP_ublaze_3IS.runs/synth_1/SEG7_upgrade_wrapper.dcp' has been generated.
INFO: [runtcl-4] Executing : report_utilization -file SEG7_upgrade_wrapper_utilization_synth.rpt -pb SEG7_upgrade_wrapper_utilization_synth.pb
INFO: [Common 17-206] Exiting Vivado at Fri Nov 21 16:57:10 2025...
