16:02:09 **** Auto Build of configuration Debug for project Test_IP ****
make all 
'Building file: ../src/main.c'
'Invoking: MicroBlaze gcc compiler'
mb-gcc -Wall -O0 -g3 -c -fmessage-length=0 -MT"src/main.o" -I../../Test_IP_bsp/microblaze_0/include -mlittle-endian -mcpu=v11.0 -mxl-soft-mul -Wl,--no-relax -ffunction-sections -fdata-sections -MMD -MP -MF"src/main.d" -MT"src/main.o" -o "src/main.o" "../src/main.c"
'Finished building: ../src/main.c'
' '
'Building target: Test_IP.elf'
'Invoking: MicroBlaze gcc linker'
mb-gcc -Wl,-T -Wl,../src/lscript.ld -L../../Test_IP_bsp/microblaze_0/lib -mlittle-endian -mcpu=v11.0 -mxl-soft-mul -Wl,--no-relax -Wl,--gc-sections -o "Test_IP.elf"  ./src/main.o ./src/platform.o   -Wl,--start-group,-lxil,-lgcc,-lc,--end-group
'Finished building target: Test_IP.elf'
' '
'Invoking: MicroBlaze Print Size'
mb-size Test_IP.elf  |tee "Test_IP.elf.size"
   text	   data	    bss	    dec	    hex	filename
   4596	    372	   3168	   8136	   1fc8	Test_IP.elf
'Finished building: Test_IP.elf.size'
' '

16:02:10 Build Finished (took 1s.290ms)

