14:20:06 INFO  : Registering command handlers for SDK TCF services
14:20:06 INFO  : Launching XSCT server: xsct.bat -interactive U:\Documents\SoC\Tutoriel\tutorial\tutorial.sdk\temp_xsdb_launch_script.tcl
14:20:08 INFO  : XSCT server has started successfully.
14:20:09 INFO  : Successfully done setting XSCT server connection channel  
14:20:09 INFO  : Processing command line option -hwspec U:/Documents/SoC/Tutoriel/tutorial/tutorial.sdk/ublaze_wrapper.hdf.
14:20:09 INFO  : Successfully done setting SDK workspace  
14:22:25 ERROR : Unable to load properties file .sdkproject for project hello_world_bsp.
14:22:25 ERROR : Unable to load properties file .sdkproject for project hello_world_bsp.
14:22:29 ERROR : Unable to load properties file .sdkproject for project hello_world_bsp.
14:22:29 ERROR : Unable to load properties file .sdkproject for project hello_world_bsp.
14:22:34 ERROR : Unable to load properties file .sdkproject for project hello_world_bsp.
14:27:22 INFO  : Connected to target on host '127.0.0.1' and port '3121'.
14:27:23 INFO  : 'targets -set -filter {jtag_cable_name =~ "Digilent Basys3 210183A4DA48A" && level==0} -index 0' command is executed.
14:27:24 INFO  : FPGA configured successfully with bitstream "U:/Documents/SoC/Tutoriel/tutorial/tutorial.sdk/ublaze_wrapper_hw_platform_0/download.bit"
14:29:46 INFO  : 'targets -set -filter {jtag_cable_name =~ "Digilent Basys3 210183A4DA48A" && level==0} -index 0' command is executed.
14:29:46 INFO  : 'fpga -state' command is executed.
14:29:46 INFO  : Connected to target on host '127.0.0.1' and port '3121'.
14:29:47 INFO  : Jtag cable 'Digilent Basys3 210183A4DA48A' is selected.
14:29:47 INFO  : 'jtag frequency' command is executed.
14:29:47 INFO  : 'configparams mdm-detect-bscan-mask 2' command is executed.
14:29:47 INFO  : Context for processor 'microblaze_0' is selected.
14:29:47 INFO  : Processor reset is completed for 'microblaze_0'.
14:29:47 INFO  : Context for processor 'microblaze_0' is selected.
14:29:47 INFO  : The application 'U:/Documents/SoC/Tutoriel/tutorial/tutorial.sdk/hello_world/Debug/hello_world.elf' is downloaded to processor 'microblaze_0'.
14:29:47 INFO  : ----------------XSDB Script----------------
connect -url tcp:127.0.0.1:3121
configparams mdm-detect-bscan-mask 2
targets -set -nocase -filter {name =~ "microblaze*#0" && bscan=="USER2"  && jtag_cable_name =~ "Digilent Basys3 210183A4DA48A"} -index 0
rst -processor
targets -set -nocase -filter {name =~ "microblaze*#0" && bscan=="USER2"  && jtag_cable_name =~ "Digilent Basys3 210183A4DA48A"} -index 0
dow U:/Documents/SoC/Tutoriel/tutorial/tutorial.sdk/hello_world/Debug/hello_world.elf
----------------End of Script----------------

14:29:47 INFO  : Memory regions updated for context PA
14:29:47 INFO  : Memory regions updated for context PA
14:29:47 INFO  : Context for processor 'microblaze_0' is selected.
14:29:47 INFO  : 'con' command is executed.
14:29:47 INFO  : ----------------XSDB Script (After Launch)----------------
targets -set -nocase -filter {name =~ "microblaze*#0" && bscan=="USER2"  && jtag_cable_name =~ "Digilent Basys3 210183A4DA48A"} -index 0
con
----------------End of Script----------------

14:29:47 INFO  : Launch script is exported to file 'U:\Documents\SoC\Tutoriel\tutorial\tutorial.sdk\.sdk\launch_scripts\xilinx_c-c++_application_(system_debugger)\system_debugger_using_debug_hello_world.elf_on_local.tcl'
14:30:26 INFO  : Disconnected from the channel tcfchan#1.
14:30:27 INFO  : 'targets -set -filter {jtag_cable_name =~ "Digilent Basys3 210183A4DA48A" && level==0} -index 0' command is executed.
14:30:27 INFO  : 'fpga -state' command is executed.
14:30:27 INFO  : Connected to target on host '127.0.0.1' and port '3121'.
14:30:27 INFO  : Jtag cable 'Digilent Basys3 210183A4DA48A' is selected.
14:30:27 INFO  : 'jtag frequency' command is executed.
14:30:27 INFO  : 'configparams mdm-detect-bscan-mask 2' command is executed.
14:30:27 INFO  : Context for processor 'microblaze_0' is selected.
14:30:27 INFO  : Processor reset is completed for 'microblaze_0'.
14:30:27 INFO  : Context for processor 'microblaze_0' is selected.
14:30:27 INFO  : The application 'U:/Documents/SoC/Tutoriel/tutorial/tutorial.sdk/hello_world/Debug/hello_world.elf' is downloaded to processor 'microblaze_0'.
14:30:27 INFO  : ----------------XSDB Script----------------
connect -url tcp:127.0.0.1:3121
configparams mdm-detect-bscan-mask 2
targets -set -nocase -filter {name =~ "microblaze*#0" && bscan=="USER2"  && jtag_cable_name =~ "Digilent Basys3 210183A4DA48A"} -index 0
rst -processor
targets -set -nocase -filter {name =~ "microblaze*#0" && bscan=="USER2"  && jtag_cable_name =~ "Digilent Basys3 210183A4DA48A"} -index 0
dow U:/Documents/SoC/Tutoriel/tutorial/tutorial.sdk/hello_world/Debug/hello_world.elf
----------------End of Script----------------

14:30:27 INFO  : Memory regions updated for context PA
14:30:27 INFO  : Memory regions updated for context PA
14:30:27 INFO  : Context for processor 'microblaze_0' is selected.
14:30:27 INFO  : 'con' command is executed.
14:30:27 INFO  : ----------------XSDB Script (After Launch)----------------
targets -set -nocase -filter {name =~ "microblaze*#0" && bscan=="USER2"  && jtag_cable_name =~ "Digilent Basys3 210183A4DA48A"} -index 0
con
----------------End of Script----------------

14:30:27 INFO  : Launch script is exported to file 'U:\Documents\SoC\Tutoriel\tutorial\tutorial.sdk\.sdk\launch_scripts\xilinx_c-c++_application_(system_debugger)\system_debugger_using_debug_hello_world.elf_on_local.tcl'
14:32:13 INFO  : Disconnected from the channel tcfchan#2.
14:32:14 INFO  : 'targets -set -filter {jtag_cable_name =~ "Digilent Basys3 210183A4DA48A" && level==0} -index 0' command is executed.
14:32:14 INFO  : 'fpga -state' command is executed.
14:32:14 INFO  : Connected to target on host '127.0.0.1' and port '3121'.
14:32:14 INFO  : Jtag cable 'Digilent Basys3 210183A4DA48A' is selected.
14:32:14 INFO  : 'jtag frequency' command is executed.
14:32:14 INFO  : 'configparams mdm-detect-bscan-mask 2' command is executed.
14:32:14 INFO  : Context for processor 'microblaze_0' is selected.
14:32:14 INFO  : Processor reset is completed for 'microblaze_0'.
14:32:14 INFO  : Context for processor 'microblaze_0' is selected.
14:32:14 INFO  : The application 'U:/Documents/SoC/Tutoriel/tutorial/tutorial.sdk/hello_world/Debug/hello_world.elf' is downloaded to processor 'microblaze_0'.
14:32:14 INFO  : ----------------XSDB Script----------------
connect -url tcp:127.0.0.1:3121
configparams mdm-detect-bscan-mask 2
targets -set -nocase -filter {name =~ "microblaze*#0" && bscan=="USER2"  && jtag_cable_name =~ "Digilent Basys3 210183A4DA48A"} -index 0
rst -processor
targets -set -nocase -filter {name =~ "microblaze*#0" && bscan=="USER2"  && jtag_cable_name =~ "Digilent Basys3 210183A4DA48A"} -index 0
dow U:/Documents/SoC/Tutoriel/tutorial/tutorial.sdk/hello_world/Debug/hello_world.elf
----------------End of Script----------------

14:32:14 INFO  : Memory regions updated for context PA
14:32:14 INFO  : Memory regions updated for context PA
14:32:14 INFO  : Context for processor 'microblaze_0' is selected.
14:32:14 INFO  : 'con' command is executed.
14:32:14 INFO  : ----------------XSDB Script (After Launch)----------------
targets -set -nocase -filter {name =~ "microblaze*#0" && bscan=="USER2"  && jtag_cable_name =~ "Digilent Basys3 210183A4DA48A"} -index 0
con
----------------End of Script----------------

14:32:14 INFO  : Launch script is exported to file 'U:\Documents\SoC\Tutoriel\tutorial\tutorial.sdk\.sdk\launch_scripts\xilinx_c-c++_application_(system_debugger)\system_debugger_using_debug_hello_world.elf_on_local.tcl'
14:40:59 INFO  : SDK has detected change in the last modified timestamps for source hardware specification file Source:1762522837538,  Project:1762521324973
14:40:59 INFO  : Project ublaze_wrapper_hw_platform_0's source hardware specification located at U:/Documents/SoC/Tutoriel/tutorial/tutorial.sdk/ublaze_wrapper.hdf is now different from the local copy.
		 The local copy will be replaced with the source specification and your workspace will be updated.
14:41:14 INFO  : Copied contents of U:/Documents/SoC/Tutoriel/tutorial/tutorial.sdk/ublaze_wrapper.hdf into \ublaze_wrapper_hw_platform_0\system.hdf.
14:41:14 INFO  : Synchronizing projects in the workspace with the hardware platform specification changes.
14:41:18 ERROR : (XSDB Server)ERROR: [Hsi 55-1433] Error boost::filesystem::copy_file: Le chemin d’accès spécifié est introuvable: "C:/PROGRAMS/Xilinx/SDK/2019.1/data\embeddedsw\lib\bsp\standalone_v7_0/src\profile\dummy.S", "U:\Documents\SoC\Tutoriel\tutorial\tutorial.sdk\hello_world_bsp\microblaze_0/libsrc/standalone_v7_0/src\profile\dummy.S"

14:41:18 ERROR : (XSDB Server)ERROR: [Hsi 55-1455] Failed to remove existing directory U:\Documents\SoC\Tutoriel\tutorial\tutorial.sdk\hello_world_bsp\microblaze_0/libsrc/bram_v4_3/src

14:41:18 ERROR : (XSDB Server)ERROR: [Hsi 55-1433] Error boost::filesystem::current_path: Nom de répertoire non valide: "U:\Documents\SoC\Tutoriel\tutorial\tutorial.sdk\hello_world_bsp\microblaze_0"
ERROR: [Hsi 55-1440] Error(s) while running DRCs.

14:41:18 ERROR : (XSDB Server)ERROR: [Hsi 55-1450] Error: running generate_bsp.

14:41:18 ERROR : Failed to call sync_sw_with_hw_change
Reason: ERROR: [Common 17-39] 'hsi::generate_bsp' failed due to earlier errors.

14:41:18 ERROR : Error updating BSP project MSS files.
14:41:19 INFO  : Updating hardware inferred compiler options for hello_world.
14:41:19 INFO  : Clearing existing target manager status.
14:41:19 INFO  : Closing and re-opening the MSS file of ther project hello_world_bsp
14:41:19 INFO  : Workspace synchronized with the new hardware specification file. Cleaning dependent projects...
14:41:20 WARN  : Linker script will not be updated automatically. Users need to update it manually.
14:47:53 INFO  : Disconnected from the channel tcfchan#3.
14:47:54 INFO  : 'targets -set -filter {jtag_cable_name =~ "Digilent Basys3 210183A4DA48A" && level==0} -index 0' command is executed.
14:47:54 INFO  : 'fpga -state' command is executed.
14:47:54 INFO  : Connected to target on host '127.0.0.1' and port '3121'.
14:47:54 INFO  : Jtag cable 'Digilent Basys3 210183A4DA48A' is selected.
14:47:54 INFO  : 'jtag frequency' command is executed.
14:47:55 INFO  : 'configparams mdm-detect-bscan-mask 2' command is executed.
14:47:55 INFO  : Context for processor 'microblaze_0' is selected.
14:47:55 INFO  : Processor reset is completed for 'microblaze_0'.
14:47:55 INFO  : Context for processor 'microblaze_0' is selected.
14:47:55 INFO  : The application 'U:/Documents/SoC/Tutoriel/tutorial/tutorial.sdk/hw/Debug/hw.elf' is downloaded to processor 'microblaze_0'.
14:47:55 INFO  : ----------------XSDB Script----------------
connect -url tcp:127.0.0.1:3121
configparams mdm-detect-bscan-mask 2
targets -set -nocase -filter {name =~ "microblaze*#0" && bscan=="USER2"  && jtag_cable_name =~ "Digilent Basys3 210183A4DA48A"} -index 0
rst -processor
targets -set -nocase -filter {name =~ "microblaze*#0" && bscan=="USER2"  && jtag_cable_name =~ "Digilent Basys3 210183A4DA48A"} -index 0
dow U:/Documents/SoC/Tutoriel/tutorial/tutorial.sdk/hw/Debug/hw.elf
----------------End of Script----------------

14:47:55 INFO  : Memory regions updated for context PA
14:47:55 INFO  : Memory regions updated for context PA
14:47:55 INFO  : Context for processor 'microblaze_0' is selected.
14:47:55 INFO  : 'con' command is executed.
14:47:55 INFO  : ----------------XSDB Script (After Launch)----------------
targets -set -nocase -filter {name =~ "microblaze*#0" && bscan=="USER2"  && jtag_cable_name =~ "Digilent Basys3 210183A4DA48A"} -index 0
con
----------------End of Script----------------

14:47:55 INFO  : Launch script is exported to file 'U:\Documents\SoC\Tutoriel\tutorial\tutorial.sdk\.sdk\launch_scripts\xilinx_c-c++_application_(system_debugger)\system_debugger_using_debug_hw.elf_on_local.tcl'
14:59:28 INFO  : Disconnected from the channel tcfchan#4.
14:59:29 INFO  : 'targets -set -filter {jtag_cable_name =~ "Digilent Basys3 210183A4DA48A" && level==0} -index 0' command is executed.
14:59:29 INFO  : 'fpga -state' command is executed.
14:59:29 INFO  : Connected to target on host '127.0.0.1' and port '3121'.
14:59:29 INFO  : Jtag cable 'Digilent Basys3 210183A4DA48A' is selected.
14:59:29 INFO  : 'jtag frequency' command is executed.
14:59:29 INFO  : 'configparams mdm-detect-bscan-mask 2' command is executed.
14:59:29 INFO  : Context for processor 'microblaze_0' is selected.
14:59:29 INFO  : Processor reset is completed for 'microblaze_0'.
14:59:29 INFO  : Context for processor 'microblaze_0' is selected.
14:59:29 INFO  : The application 'U:/Documents/SoC/Tutoriel/tutorial/tutorial.sdk/leds/Debug/leds.elf' is downloaded to processor 'microblaze_0'.
14:59:29 INFO  : ----------------XSDB Script----------------
connect -url tcp:127.0.0.1:3121
configparams mdm-detect-bscan-mask 2
targets -set -nocase -filter {name =~ "microblaze*#0" && bscan=="USER2"  && jtag_cable_name =~ "Digilent Basys3 210183A4DA48A"} -index 0
rst -processor
targets -set -nocase -filter {name =~ "microblaze*#0" && bscan=="USER2"  && jtag_cable_name =~ "Digilent Basys3 210183A4DA48A"} -index 0
dow U:/Documents/SoC/Tutoriel/tutorial/tutorial.sdk/leds/Debug/leds.elf
----------------End of Script----------------

14:59:29 INFO  : Memory regions updated for context PA
14:59:29 INFO  : Memory regions updated for context PA
14:59:29 INFO  : Context for processor 'microblaze_0' is selected.
14:59:29 INFO  : 'con' command is executed.
14:59:29 INFO  : ----------------XSDB Script (After Launch)----------------
targets -set -nocase -filter {name =~ "microblaze*#0" && bscan=="USER2"  && jtag_cable_name =~ "Digilent Basys3 210183A4DA48A"} -index 0
con
----------------End of Script----------------

14:59:29 INFO  : Launch script is exported to file 'U:\Documents\SoC\Tutoriel\tutorial\tutorial.sdk\.sdk\launch_scripts\xilinx_c-c++_application_(system_debugger)\system_debugger_using_debug_leds.elf_on_local.tcl'
15:01:30 INFO  : Connected to target on host '127.0.0.1' and port '3121'.
15:01:30 INFO  : 'targets -set -filter {jtag_cable_name =~ "Digilent Basys3 210183A4DA48A" && level==0} -index 0' command is executed.
15:01:31 INFO  : FPGA configured successfully with bitstream "U:/Documents/SoC/Tutoriel/tutorial/tutorial.sdk/ublaze_wrapper_hw_platform_0/download.bit"
15:01:41 INFO  : Disconnected from the channel tcfchan#5.
15:01:42 INFO  : 'targets -set -filter {jtag_cable_name =~ "Digilent Basys3 210183A4DA48A" && level==0} -index 0' command is executed.
15:01:42 INFO  : 'fpga -state' command is executed.
15:01:42 INFO  : Connected to target on host '127.0.0.1' and port '3121'.
15:01:43 INFO  : Jtag cable 'Digilent Basys3 210183A4DA48A' is selected.
15:01:43 INFO  : 'jtag frequency' command is executed.
15:01:43 INFO  : 'configparams mdm-detect-bscan-mask 2' command is executed.
15:01:43 INFO  : Context for processor 'microblaze_0' is selected.
15:01:43 INFO  : Processor reset is completed for 'microblaze_0'.
15:01:43 INFO  : Context for processor 'microblaze_0' is selected.
15:01:43 INFO  : The application 'U:/Documents/SoC/Tutoriel/tutorial/tutorial.sdk/leds/Debug/leds.elf' is downloaded to processor 'microblaze_0'.
15:01:43 INFO  : ----------------XSDB Script----------------
connect -url tcp:127.0.0.1:3121
configparams mdm-detect-bscan-mask 2
targets -set -nocase -filter {name =~ "microblaze*#0" && bscan=="USER2"  && jtag_cable_name =~ "Digilent Basys3 210183A4DA48A"} -index 0
rst -processor
targets -set -nocase -filter {name =~ "microblaze*#0" && bscan=="USER2"  && jtag_cable_name =~ "Digilent Basys3 210183A4DA48A"} -index 0
dow U:/Documents/SoC/Tutoriel/tutorial/tutorial.sdk/leds/Debug/leds.elf
----------------End of Script----------------

15:01:43 INFO  : Memory regions updated for context PA
15:01:43 INFO  : Memory regions updated for context PA
15:01:43 INFO  : Context for processor 'microblaze_0' is selected.
15:01:43 INFO  : 'con' command is executed.
15:01:43 INFO  : ----------------XSDB Script (After Launch)----------------
targets -set -nocase -filter {name =~ "microblaze*#0" && bscan=="USER2"  && jtag_cable_name =~ "Digilent Basys3 210183A4DA48A"} -index 0
con
----------------End of Script----------------

15:01:43 INFO  : Launch script is exported to file 'U:\Documents\SoC\Tutoriel\tutorial\tutorial.sdk\.sdk\launch_scripts\xilinx_c-c++_application_(system_debugger)\system_debugger_using_debug_leds.elf_on_local.tcl'
15:04:07 INFO  : Disconnected from the channel tcfchan#6.
15:04:08 INFO  : 'targets -set -filter {jtag_cable_name =~ "Digilent Basys3 210183A4DA48A" && level==0} -index 0' command is executed.
15:04:08 INFO  : 'fpga -state' command is executed.
15:04:08 INFO  : Connected to target on host '127.0.0.1' and port '3121'.
15:04:08 INFO  : Jtag cable 'Digilent Basys3 210183A4DA48A' is selected.
15:04:08 INFO  : 'jtag frequency' command is executed.
15:04:08 INFO  : 'configparams mdm-detect-bscan-mask 2' command is executed.
15:04:08 INFO  : Context for processor 'microblaze_0' is selected.
15:04:09 INFO  : Processor reset is completed for 'microblaze_0'.
15:04:09 INFO  : Context for processor 'microblaze_0' is selected.
15:04:09 INFO  : The application 'U:/Documents/SoC/Tutoriel/tutorial/tutorial.sdk/leds/Debug/leds.elf' is downloaded to processor 'microblaze_0'.
15:04:09 INFO  : ----------------XSDB Script----------------
connect -url tcp:127.0.0.1:3121
configparams mdm-detect-bscan-mask 2
targets -set -nocase -filter {name =~ "microblaze*#0" && bscan=="USER2"  && jtag_cable_name =~ "Digilent Basys3 210183A4DA48A"} -index 0
rst -processor
targets -set -nocase -filter {name =~ "microblaze*#0" && bscan=="USER2"  && jtag_cable_name =~ "Digilent Basys3 210183A4DA48A"} -index 0
dow U:/Documents/SoC/Tutoriel/tutorial/tutorial.sdk/leds/Debug/leds.elf
----------------End of Script----------------

15:04:09 INFO  : Memory regions updated for context PA
15:04:09 INFO  : Memory regions updated for context PA
15:04:09 INFO  : Context for processor 'microblaze_0' is selected.
15:04:09 INFO  : 'con' command is executed.
15:04:09 INFO  : ----------------XSDB Script (After Launch)----------------
targets -set -nocase -filter {name =~ "microblaze*#0" && bscan=="USER2"  && jtag_cable_name =~ "Digilent Basys3 210183A4DA48A"} -index 0
con
----------------End of Script----------------

15:04:09 INFO  : Launch script is exported to file 'U:\Documents\SoC\Tutoriel\tutorial\tutorial.sdk\.sdk\launch_scripts\xilinx_c-c++_application_(system_debugger)\system_debugger_using_debug_leds.elf_on_local.tcl'
15:04:34 INFO  : Disconnected from the channel tcfchan#7.
15:04:35 INFO  : 'targets -set -filter {jtag_cable_name =~ "Digilent Basys3 210183A4DA48A" && level==0} -index 0' command is executed.
15:04:35 INFO  : 'fpga -state' command is executed.
15:04:35 INFO  : Connected to target on host '127.0.0.1' and port '3121'.
15:04:35 INFO  : Jtag cable 'Digilent Basys3 210183A4DA48A' is selected.
15:04:35 INFO  : 'jtag frequency' command is executed.
15:04:35 INFO  : 'configparams mdm-detect-bscan-mask 2' command is executed.
15:04:35 INFO  : Context for processor 'microblaze_0' is selected.
15:04:35 INFO  : Processor reset is completed for 'microblaze_0'.
15:04:36 INFO  : Context for processor 'microblaze_0' is selected.
15:04:36 INFO  : The application 'U:/Documents/SoC/Tutoriel/tutorial/tutorial.sdk/leds/Debug/leds.elf' is downloaded to processor 'microblaze_0'.
15:04:36 INFO  : ----------------XSDB Script----------------
connect -url tcp:127.0.0.1:3121
configparams mdm-detect-bscan-mask 2
targets -set -nocase -filter {name =~ "microblaze*#0" && bscan=="USER2"  && jtag_cable_name =~ "Digilent Basys3 210183A4DA48A"} -index 0
rst -processor
targets -set -nocase -filter {name =~ "microblaze*#0" && bscan=="USER2"  && jtag_cable_name =~ "Digilent Basys3 210183A4DA48A"} -index 0
dow U:/Documents/SoC/Tutoriel/tutorial/tutorial.sdk/leds/Debug/leds.elf
----------------End of Script----------------

15:04:36 INFO  : Memory regions updated for context PA
15:04:36 INFO  : Memory regions updated for context PA
15:04:36 INFO  : Context for processor 'microblaze_0' is selected.
15:04:36 INFO  : 'con' command is executed.
15:04:36 INFO  : ----------------XSDB Script (After Launch)----------------
targets -set -nocase -filter {name =~ "microblaze*#0" && bscan=="USER2"  && jtag_cable_name =~ "Digilent Basys3 210183A4DA48A"} -index 0
con
----------------End of Script----------------

15:04:36 INFO  : Launch script is exported to file 'U:\Documents\SoC\Tutoriel\tutorial\tutorial.sdk\.sdk\launch_scripts\xilinx_c-c++_application_(system_debugger)\system_debugger_using_debug_leds.elf_on_local.tcl'
15:07:13 INFO  : Disconnected from the channel tcfchan#8.
15:07:14 INFO  : 'targets -set -filter {jtag_cable_name =~ "Digilent Basys3 210183A4DA48A" && level==0} -index 0' command is executed.
15:07:14 INFO  : 'fpga -state' command is executed.
15:07:14 INFO  : Connected to target on host '127.0.0.1' and port '3121'.
15:07:14 INFO  : Jtag cable 'Digilent Basys3 210183A4DA48A' is selected.
15:07:14 INFO  : 'jtag frequency' command is executed.
15:07:14 INFO  : 'configparams mdm-detect-bscan-mask 2' command is executed.
15:07:14 INFO  : Context for processor 'microblaze_0' is selected.
15:07:14 INFO  : Processor reset is completed for 'microblaze_0'.
15:07:14 INFO  : Context for processor 'microblaze_0' is selected.
15:07:14 INFO  : The application 'U:/Documents/SoC/Tutoriel/tutorial/tutorial.sdk/leds/Debug/leds.elf' is downloaded to processor 'microblaze_0'.
15:07:14 INFO  : ----------------XSDB Script----------------
connect -url tcp:127.0.0.1:3121
configparams mdm-detect-bscan-mask 2
targets -set -nocase -filter {name =~ "microblaze*#0" && bscan=="USER2"  && jtag_cable_name =~ "Digilent Basys3 210183A4DA48A"} -index 0
rst -processor
targets -set -nocase -filter {name =~ "microblaze*#0" && bscan=="USER2"  && jtag_cable_name =~ "Digilent Basys3 210183A4DA48A"} -index 0
dow U:/Documents/SoC/Tutoriel/tutorial/tutorial.sdk/leds/Debug/leds.elf
----------------End of Script----------------

15:07:15 INFO  : Memory regions updated for context PA
15:07:15 INFO  : Memory regions updated for context PA
15:07:15 INFO  : Context for processor 'microblaze_0' is selected.
15:07:15 INFO  : 'con' command is executed.
15:07:15 INFO  : ----------------XSDB Script (After Launch)----------------
targets -set -nocase -filter {name =~ "microblaze*#0" && bscan=="USER2"  && jtag_cable_name =~ "Digilent Basys3 210183A4DA48A"} -index 0
con
----------------End of Script----------------

15:07:15 INFO  : Launch script is exported to file 'U:\Documents\SoC\Tutoriel\tutorial\tutorial.sdk\.sdk\launch_scripts\xilinx_c-c++_application_(system_debugger)\system_debugger_using_debug_leds.elf_on_local.tcl'
15:07:45 INFO  : Disconnected from the channel tcfchan#9.
15:07:46 INFO  : 'targets -set -filter {jtag_cable_name =~ "Digilent Basys3 210183A4DA48A" && level==0} -index 0' command is executed.
15:07:46 INFO  : 'fpga -state' command is executed.
15:07:46 INFO  : Connected to target on host '127.0.0.1' and port '3121'.
15:07:46 INFO  : Jtag cable 'Digilent Basys3 210183A4DA48A' is selected.
15:07:46 INFO  : 'jtag frequency' command is executed.
15:07:46 INFO  : 'configparams mdm-detect-bscan-mask 2' command is executed.
15:07:46 INFO  : Context for processor 'microblaze_0' is selected.
15:07:46 INFO  : Processor reset is completed for 'microblaze_0'.
15:07:46 INFO  : Context for processor 'microblaze_0' is selected.
15:07:46 INFO  : The application 'U:/Documents/SoC/Tutoriel/tutorial/tutorial.sdk/leds/Debug/leds.elf' is downloaded to processor 'microblaze_0'.
15:07:46 INFO  : ----------------XSDB Script----------------
connect -url tcp:127.0.0.1:3121
configparams mdm-detect-bscan-mask 2
targets -set -nocase -filter {name =~ "microblaze*#0" && bscan=="USER2"  && jtag_cable_name =~ "Digilent Basys3 210183A4DA48A"} -index 0
rst -processor
targets -set -nocase -filter {name =~ "microblaze*#0" && bscan=="USER2"  && jtag_cable_name =~ "Digilent Basys3 210183A4DA48A"} -index 0
dow U:/Documents/SoC/Tutoriel/tutorial/tutorial.sdk/leds/Debug/leds.elf
----------------End of Script----------------

15:07:46 INFO  : Memory regions updated for context PA
15:07:46 INFO  : Memory regions updated for context PA
15:07:46 INFO  : Context for processor 'microblaze_0' is selected.
15:07:46 INFO  : 'con' command is executed.
15:07:46 INFO  : ----------------XSDB Script (After Launch)----------------
targets -set -nocase -filter {name =~ "microblaze*#0" && bscan=="USER2"  && jtag_cable_name =~ "Digilent Basys3 210183A4DA48A"} -index 0
con
----------------End of Script----------------

15:07:46 INFO  : Launch script is exported to file 'U:\Documents\SoC\Tutoriel\tutorial\tutorial.sdk\.sdk\launch_scripts\xilinx_c-c++_application_(system_debugger)\system_debugger_using_debug_leds.elf_on_local.tcl'
15:08:22 INFO  : Disconnected from the channel tcfchan#10.
15:08:23 INFO  : 'targets -set -filter {jtag_cable_name =~ "Digilent Basys3 210183A4DA48A" && level==0} -index 0' command is executed.
15:08:23 INFO  : 'fpga -state' command is executed.
15:08:23 INFO  : Connected to target on host '127.0.0.1' and port '3121'.
15:08:24 INFO  : Jtag cable 'Digilent Basys3 210183A4DA48A' is selected.
15:08:24 INFO  : 'jtag frequency' command is executed.
15:08:24 INFO  : 'configparams mdm-detect-bscan-mask 2' command is executed.
15:08:24 INFO  : Context for processor 'microblaze_0' is selected.
15:08:24 INFO  : Processor reset is completed for 'microblaze_0'.
15:08:24 INFO  : Context for processor 'microblaze_0' is selected.
15:08:24 INFO  : The application 'U:/Documents/SoC/Tutoriel/tutorial/tutorial.sdk/leds/Debug/leds.elf' is downloaded to processor 'microblaze_0'.
15:08:24 INFO  : ----------------XSDB Script----------------
connect -url tcp:127.0.0.1:3121
configparams mdm-detect-bscan-mask 2
targets -set -nocase -filter {name =~ "microblaze*#0" && bscan=="USER2"  && jtag_cable_name =~ "Digilent Basys3 210183A4DA48A"} -index 0
rst -processor
targets -set -nocase -filter {name =~ "microblaze*#0" && bscan=="USER2"  && jtag_cable_name =~ "Digilent Basys3 210183A4DA48A"} -index 0
dow U:/Documents/SoC/Tutoriel/tutorial/tutorial.sdk/leds/Debug/leds.elf
----------------End of Script----------------

15:08:24 INFO  : Memory regions updated for context PA
15:08:24 INFO  : Memory regions updated for context PA
15:08:24 INFO  : Context for processor 'microblaze_0' is selected.
15:08:24 INFO  : 'con' command is executed.
15:08:24 INFO  : ----------------XSDB Script (After Launch)----------------
targets -set -nocase -filter {name =~ "microblaze*#0" && bscan=="USER2"  && jtag_cable_name =~ "Digilent Basys3 210183A4DA48A"} -index 0
con
----------------End of Script----------------

15:08:24 INFO  : Launch script is exported to file 'U:\Documents\SoC\Tutoriel\tutorial\tutorial.sdk\.sdk\launch_scripts\xilinx_c-c++_application_(system_debugger)\system_debugger_using_debug_leds.elf_on_local.tcl'
15:11:22 INFO  : Disconnected from the channel tcfchan#11.
15:11:23 INFO  : 'targets -set -filter {jtag_cable_name =~ "Digilent Basys3 210183A4DA48A" && level==0} -index 0' command is executed.
15:11:23 INFO  : 'fpga -state' command is executed.
15:11:23 INFO  : Connected to target on host '127.0.0.1' and port '3121'.
15:11:23 INFO  : Jtag cable 'Digilent Basys3 210183A4DA48A' is selected.
15:11:23 INFO  : 'jtag frequency' command is executed.
15:11:23 INFO  : 'configparams mdm-detect-bscan-mask 2' command is executed.
15:11:23 INFO  : Context for processor 'microblaze_0' is selected.
15:11:23 INFO  : Processor reset is completed for 'microblaze_0'.
15:11:23 INFO  : Context for processor 'microblaze_0' is selected.
15:11:23 INFO  : The application 'U:/Documents/SoC/Tutoriel/tutorial/tutorial.sdk/leds/Debug/leds.elf' is downloaded to processor 'microblaze_0'.
15:11:23 INFO  : ----------------XSDB Script----------------
connect -url tcp:127.0.0.1:3121
configparams mdm-detect-bscan-mask 2
targets -set -nocase -filter {name =~ "microblaze*#0" && bscan=="USER2"  && jtag_cable_name =~ "Digilent Basys3 210183A4DA48A"} -index 0
rst -processor
targets -set -nocase -filter {name =~ "microblaze*#0" && bscan=="USER2"  && jtag_cable_name =~ "Digilent Basys3 210183A4DA48A"} -index 0
dow U:/Documents/SoC/Tutoriel/tutorial/tutorial.sdk/leds/Debug/leds.elf
----------------End of Script----------------

15:11:23 INFO  : Memory regions updated for context PA
15:11:23 INFO  : Memory regions updated for context PA
15:11:23 INFO  : Context for processor 'microblaze_0' is selected.
15:11:23 INFO  : 'con' command is executed.
15:11:23 INFO  : ----------------XSDB Script (After Launch)----------------
targets -set -nocase -filter {name =~ "microblaze*#0" && bscan=="USER2"  && jtag_cable_name =~ "Digilent Basys3 210183A4DA48A"} -index 0
con
----------------End of Script----------------

15:11:23 INFO  : Launch script is exported to file 'U:\Documents\SoC\Tutoriel\tutorial\tutorial.sdk\.sdk\launch_scripts\xilinx_c-c++_application_(system_debugger)\system_debugger_using_debug_leds.elf_on_local.tcl'
15:11:50 INFO  : Disconnected from the channel tcfchan#12.
15:11:51 INFO  : 'targets -set -filter {jtag_cable_name =~ "Digilent Basys3 210183A4DA48A" && level==0} -index 0' command is executed.
15:11:51 INFO  : 'fpga -state' command is executed.
15:11:51 INFO  : Connected to target on host '127.0.0.1' and port '3121'.
15:11:51 INFO  : Jtag cable 'Digilent Basys3 210183A4DA48A' is selected.
15:11:51 INFO  : 'jtag frequency' command is executed.
15:11:51 INFO  : 'configparams mdm-detect-bscan-mask 2' command is executed.
15:11:51 INFO  : Context for processor 'microblaze_0' is selected.
15:11:51 INFO  : Processor reset is completed for 'microblaze_0'.
15:11:51 INFO  : Context for processor 'microblaze_0' is selected.
15:11:51 INFO  : The application 'U:/Documents/SoC/Tutoriel/tutorial/tutorial.sdk/leds/Debug/leds.elf' is downloaded to processor 'microblaze_0'.
15:11:51 INFO  : ----------------XSDB Script----------------
connect -url tcp:127.0.0.1:3121
configparams mdm-detect-bscan-mask 2
targets -set -nocase -filter {name =~ "microblaze*#0" && bscan=="USER2"  && jtag_cable_name =~ "Digilent Basys3 210183A4DA48A"} -index 0
rst -processor
targets -set -nocase -filter {name =~ "microblaze*#0" && bscan=="USER2"  && jtag_cable_name =~ "Digilent Basys3 210183A4DA48A"} -index 0
dow U:/Documents/SoC/Tutoriel/tutorial/tutorial.sdk/leds/Debug/leds.elf
----------------End of Script----------------

15:11:52 INFO  : Memory regions updated for context PA
15:11:52 INFO  : Memory regions updated for context PA
15:11:52 INFO  : Context for processor 'microblaze_0' is selected.
15:11:52 INFO  : 'con' command is executed.
15:11:52 INFO  : ----------------XSDB Script (After Launch)----------------
targets -set -nocase -filter {name =~ "microblaze*#0" && bscan=="USER2"  && jtag_cable_name =~ "Digilent Basys3 210183A4DA48A"} -index 0
con
----------------End of Script----------------

15:11:52 INFO  : Launch script is exported to file 'U:\Documents\SoC\Tutoriel\tutorial\tutorial.sdk\.sdk\launch_scripts\xilinx_c-c++_application_(system_debugger)\system_debugger_using_debug_leds.elf_on_local.tcl'
15:12:46 INFO  : Disconnected from the channel tcfchan#13.
15:12:47 INFO  : 'targets -set -filter {jtag_cable_name =~ "Digilent Basys3 210183A4DA48A" && level==0} -index 0' command is executed.
15:12:47 INFO  : 'fpga -state' command is executed.
15:12:47 INFO  : Connected to target on host '127.0.0.1' and port '3121'.
15:12:47 INFO  : Jtag cable 'Digilent Basys3 210183A4DA48A' is selected.
15:12:47 INFO  : 'jtag frequency' command is executed.
15:12:47 INFO  : 'configparams mdm-detect-bscan-mask 2' command is executed.
15:12:47 INFO  : Context for processor 'microblaze_0' is selected.
15:12:47 INFO  : Processor reset is completed for 'microblaze_0'.
15:12:47 INFO  : Context for processor 'microblaze_0' is selected.
15:12:47 INFO  : The application 'U:/Documents/SoC/Tutoriel/tutorial/tutorial.sdk/leds/Debug/leds.elf' is downloaded to processor 'microblaze_0'.
15:12:47 INFO  : ----------------XSDB Script----------------
connect -url tcp:127.0.0.1:3121
configparams mdm-detect-bscan-mask 2
targets -set -nocase -filter {name =~ "microblaze*#0" && bscan=="USER2"  && jtag_cable_name =~ "Digilent Basys3 210183A4DA48A"} -index 0
rst -processor
targets -set -nocase -filter {name =~ "microblaze*#0" && bscan=="USER2"  && jtag_cable_name =~ "Digilent Basys3 210183A4DA48A"} -index 0
dow U:/Documents/SoC/Tutoriel/tutorial/tutorial.sdk/leds/Debug/leds.elf
----------------End of Script----------------

15:12:47 INFO  : Memory regions updated for context PA
15:12:47 INFO  : Memory regions updated for context PA
15:12:47 INFO  : Context for processor 'microblaze_0' is selected.
15:12:47 INFO  : 'con' command is executed.
15:12:47 INFO  : ----------------XSDB Script (After Launch)----------------
targets -set -nocase -filter {name =~ "microblaze*#0" && bscan=="USER2"  && jtag_cable_name =~ "Digilent Basys3 210183A4DA48A"} -index 0
con
----------------End of Script----------------

15:12:47 INFO  : Launch script is exported to file 'U:\Documents\SoC\Tutoriel\tutorial\tutorial.sdk\.sdk\launch_scripts\xilinx_c-c++_application_(system_debugger)\system_debugger_using_debug_leds.elf_on_local.tcl'
15:13:25 INFO  : Disconnected from the channel tcfchan#14.
15:13:26 INFO  : 'targets -set -filter {jtag_cable_name =~ "Digilent Basys3 210183A4DA48A" && level==0} -index 0' command is executed.
15:13:26 INFO  : 'fpga -state' command is executed.
15:13:26 INFO  : Connected to target on host '127.0.0.1' and port '3121'.
15:13:26 INFO  : Jtag cable 'Digilent Basys3 210183A4DA48A' is selected.
15:13:26 INFO  : 'jtag frequency' command is executed.
15:13:26 INFO  : 'configparams mdm-detect-bscan-mask 2' command is executed.
15:13:26 INFO  : Context for processor 'microblaze_0' is selected.
15:13:26 INFO  : Processor reset is completed for 'microblaze_0'.
15:13:26 INFO  : Context for processor 'microblaze_0' is selected.
15:13:26 INFO  : The application 'U:/Documents/SoC/Tutoriel/tutorial/tutorial.sdk/leds/Debug/leds.elf' is downloaded to processor 'microblaze_0'.
15:13:26 INFO  : ----------------XSDB Script----------------
connect -url tcp:127.0.0.1:3121
configparams mdm-detect-bscan-mask 2
targets -set -nocase -filter {name =~ "microblaze*#0" && bscan=="USER2"  && jtag_cable_name =~ "Digilent Basys3 210183A4DA48A"} -index 0
rst -processor
targets -set -nocase -filter {name =~ "microblaze*#0" && bscan=="USER2"  && jtag_cable_name =~ "Digilent Basys3 210183A4DA48A"} -index 0
dow U:/Documents/SoC/Tutoriel/tutorial/tutorial.sdk/leds/Debug/leds.elf
----------------End of Script----------------

15:13:26 INFO  : Memory regions updated for context PA
15:13:26 INFO  : Memory regions updated for context PA
15:13:26 INFO  : Context for processor 'microblaze_0' is selected.
15:13:26 INFO  : 'con' command is executed.
15:13:26 INFO  : ----------------XSDB Script (After Launch)----------------
targets -set -nocase -filter {name =~ "microblaze*#0" && bscan=="USER2"  && jtag_cable_name =~ "Digilent Basys3 210183A4DA48A"} -index 0
con
----------------End of Script----------------

15:13:26 INFO  : Launch script is exported to file 'U:\Documents\SoC\Tutoriel\tutorial\tutorial.sdk\.sdk\launch_scripts\xilinx_c-c++_application_(system_debugger)\system_debugger_using_debug_leds.elf_on_local.tcl'
15:13:46 INFO  : Disconnected from the channel tcfchan#15.
15:13:47 INFO  : 'targets -set -filter {jtag_cable_name =~ "Digilent Basys3 210183A4DA48A" && level==0} -index 0' command is executed.
15:13:47 INFO  : 'fpga -state' command is executed.
15:13:47 INFO  : Connected to target on host '127.0.0.1' and port '3121'.
15:13:47 INFO  : Jtag cable 'Digilent Basys3 210183A4DA48A' is selected.
15:13:47 INFO  : 'jtag frequency' command is executed.
15:13:47 INFO  : 'configparams mdm-detect-bscan-mask 2' command is executed.
15:13:47 INFO  : Context for processor 'microblaze_0' is selected.
15:13:47 INFO  : Processor reset is completed for 'microblaze_0'.
15:13:47 INFO  : Context for processor 'microblaze_0' is selected.
15:13:47 INFO  : The application 'U:/Documents/SoC/Tutoriel/tutorial/tutorial.sdk/leds/Debug/leds.elf' is downloaded to processor 'microblaze_0'.
15:13:47 INFO  : ----------------XSDB Script----------------
connect -url tcp:127.0.0.1:3121
configparams mdm-detect-bscan-mask 2
targets -set -nocase -filter {name =~ "microblaze*#0" && bscan=="USER2"  && jtag_cable_name =~ "Digilent Basys3 210183A4DA48A"} -index 0
rst -processor
targets -set -nocase -filter {name =~ "microblaze*#0" && bscan=="USER2"  && jtag_cable_name =~ "Digilent Basys3 210183A4DA48A"} -index 0
dow U:/Documents/SoC/Tutoriel/tutorial/tutorial.sdk/leds/Debug/leds.elf
----------------End of Script----------------

15:13:47 INFO  : Memory regions updated for context PA
15:13:47 INFO  : Memory regions updated for context PA
15:13:47 INFO  : Context for processor 'microblaze_0' is selected.
15:13:47 INFO  : 'con' command is executed.
15:13:47 INFO  : ----------------XSDB Script (After Launch)----------------
targets -set -nocase -filter {name =~ "microblaze*#0" && bscan=="USER2"  && jtag_cable_name =~ "Digilent Basys3 210183A4DA48A"} -index 0
con
----------------End of Script----------------

15:13:47 INFO  : Launch script is exported to file 'U:\Documents\SoC\Tutoriel\tutorial\tutorial.sdk\.sdk\launch_scripts\xilinx_c-c++_application_(system_debugger)\system_debugger_using_debug_leds.elf_on_local.tcl'
15:14:29 INFO  : Disconnected from the channel tcfchan#16.
