Copyright 1986-2019 Xilinx, Inc. All Rights Reserved.
----------------------------------------------------------------------------------------------------------------------------------------------------------------------------------
| Tool Version     : Vivado v.2019.1.2 (win64) Build 2615518 Fri Aug  9 15:55:25 MDT 2019
| Date             : Fri Nov 21 16:59:32 2025
| Host             : c306-pc1 running 64-bit major release  (build 9200)
| Command          : report_power -file SEG7_upgrade_wrapper_power_routed.rpt -pb SEG7_upgrade_wrapper_power_summary_routed.pb -rpx SEG7_upgrade_wrapper_power_routed.rpx
| Design           : SEG7_upgrade_wrapper
| Device           : xc7a35tcpg236-1
| Design State     : routed
| Grade            : commercial
| Process          : typical
| Characterization : Production
----------------------------------------------------------------------------------------------------------------------------------------------------------------------------------

Power Report

Table of Contents
-----------------
1. Summary
1.1 On-Chip Components
1.2 Power Supply Summary
1.3 Confidence Level
2. Settings
2.1 Environment
2.2 Clock Constraints
3. Detailed Reports
3.1 By Hierarchy

1. Summary
----------

+--------------------------+--------------+
| Total On-Chip Power (W)  | 0.230        |
| Design Power Budget (W)  | Unspecified* |
| Power Budget Margin (W)  | NA           |
| Dynamic (W)              | 0.156        |
| Device Static (W)        | 0.074        |
| Effective TJA (C/W)      | 5.0          |
| Max Ambient (C)          | 83.9         |
| Junction Temperature (C) | 26.1         |
| Confidence Level         | Low          |
| Setting File             | ---          |
| Simulation Activity File | ---          |
| Design Nets Matched      | NA           |
+--------------------------+--------------+
* Specify Design Power Budget using, set_operating_conditions -design_power_budget <value in Watts>


1.1 On-Chip Components
----------------------

+--------------------------+-----------+----------+-----------+-----------------+
| On-Chip                  | Power (W) | Used     | Available | Utilization (%) |
+--------------------------+-----------+----------+-----------+-----------------+
| Clocks                   |     0.013 |        7 |       --- |             --- |
| Slice Logic              |     0.006 |     6165 |       --- |             --- |
|   LUT as Logic           |     0.004 |     2145 |     20800 |           10.31 |
|   LUT as Distributed RAM |    <0.001 |       96 |      9600 |            1.00 |
|   CARRY4                 |    <0.001 |       98 |      8150 |            1.20 |
|   Register               |    <0.001 |     2475 |     41600 |            5.95 |
|   F7/F8 Muxes            |    <0.001 |      111 |     32600 |            0.34 |
|   LUT as Shift Register  |    <0.001 |       74 |      9600 |            0.77 |
|   Others                 |    <0.001 |      597 |       --- |             --- |
| Signals                  |     0.010 |     4187 |       --- |             --- |
| Block RAM                |     0.008 |       32 |        50 |           64.00 |
| MMCM                     |     0.106 |        1 |         5 |           20.00 |
| I/O                      |     0.014 |       52 |       106 |           49.06 |
| Static Power             |     0.074 |          |           |                 |
| Total                    |     0.230 |          |           |                 |
+--------------------------+-----------+----------+-----------+-----------------+


1.2 Power Supply Summary
------------------------

+-----------+-------------+-----------+-------------+------------+
| Source    | Voltage (V) | Total (A) | Dynamic (A) | Static (A) |
+-----------+-------------+-----------+-------------+------------+
| Vccint    |       1.000 |     0.046 |       0.036 |      0.011 |
| Vccaux    |       1.800 |     0.072 |       0.059 |      0.013 |
| Vcco33    |       3.300 |     0.005 |       0.004 |      0.001 |
| Vcco25    |       2.500 |     0.000 |       0.000 |      0.000 |
| Vcco18    |       1.800 |     0.000 |       0.000 |      0.000 |
| Vcco15    |       1.500 |     0.000 |       0.000 |      0.000 |
| Vcco135   |       1.350 |     0.000 |       0.000 |      0.000 |
| Vcco12    |       1.200 |     0.000 |       0.000 |      0.000 |
| Vccaux_io |       1.800 |     0.000 |       0.000 |      0.000 |
| Vccbram   |       1.000 |     0.002 |       0.001 |      0.001 |
| MGTAVcc   |       1.000 |     0.000 |       0.000 |      0.000 |
| MGTAVtt   |       1.200 |     0.000 |       0.000 |      0.000 |
| Vccadc    |       1.800 |     0.020 |       0.000 |      0.020 |
+-----------+-------------+-----------+-------------+------------+


1.3 Confidence Level
--------------------

+-----------------------------+------------+--------------------------------------------------------+------------------------------------------------------------------------------------------------------------+
| User Input Data             | Confidence | Details                                                | Action                                                                                                     |
+-----------------------------+------------+--------------------------------------------------------+------------------------------------------------------------------------------------------------------------+
| Design implementation state | High       | Design is routed                                       |                                                                                                            |
| Clock nodes activity        | High       | User specified more than 95% of clocks                 |                                                                                                            |
| I/O nodes activity          | Low        | More than 75% of inputs are missing user specification | Provide missing input activity with simulation results or by editing the "By Resource Type -> I/Os" view   |
| Internal nodes activity     | Medium     | User specified less than 25% of internal nodes         | Provide missing internal nodes activity with simulation results or by editing the "By Resource Type" views |
| Device models               | High       | Device models are Production                           |                                                                                                            |
|                             |            |                                                        |                                                                                                            |
| Overall confidence level    | Low        |                                                        |                                                                                                            |
+-----------------------------+------------+--------------------------------------------------------+------------------------------------------------------------------------------------------------------------+


2. Settings
-----------

2.1 Environment
---------------

+-----------------------+--------------------------+
| Ambient Temp (C)      | 25.0                     |
| ThetaJA (C/W)         | 5.0                      |
| Airflow (LFM)         | 250                      |
| Heat Sink             | medium (Medium Profile)  |
| ThetaSA (C/W)         | 4.6                      |
| Board Selection       | medium (10"x10")         |
| # of Board Layers     | 12to15 (12 to 15 Layers) |
| Board Temperature (C) | 25.0                     |
+-----------------------+--------------------------+


2.2 Clock Constraints
---------------------

+----------------------------------------------------------------+-----------------------------------------------------------------+-----------------+
| Clock                                                          | Domain                                                          | Constraint (ns) |
+----------------------------------------------------------------+-----------------------------------------------------------------+-----------------+
| SEG7_upgrade_i/mdm_1/U0/Use_E2.BSCAN_I/Use_E2.BSCANE2_I/DRCK   | SEG7_upgrade_i/mdm_1/U0/Use_E2.BSCAN_I/DRCK                     |            33.3 |
| SEG7_upgrade_i/mdm_1/U0/Use_E2.BSCAN_I/Use_E2.BSCANE2_I/UPDATE | SEG7_upgrade_i/mdm_1/U0/Use_E2.BSCAN_I/Dbg_Update_0             |            33.3 |
| clk_out1_SEG7_upgrade_clk_wiz_0_0                              | SEG7_upgrade_i/clk_wiz_0/inst/clk_out1_SEG7_upgrade_clk_wiz_0_0 |            10.0 |
| clkfbout_SEG7_upgrade_clk_wiz_0_0                              | SEG7_upgrade_i/clk_wiz_0/inst/clkfbout_SEG7_upgrade_clk_wiz_0_0 |            10.0 |
| sys_clock                                                      | sys_clock                                                       |            10.0 |
+----------------------------------------------------------------+-----------------------------------------------------------------+-----------------+


3. Detailed Reports
-------------------

3.1 By Hierarchy
----------------

+-------------------------------+-----------+
| Name                          | Power (W) |
+-------------------------------+-----------+
| SEG7_upgrade_wrapper          |     0.156 |
|   SEG7_upgrade_i              |     0.142 |
|     SEG7_IP_0                 |     0.001 |
|       U0                      |     0.001 |
|     axi_gpio_0                |     0.002 |
|       U0                      |     0.002 |
|     axi_gpio_1                |     0.001 |
|       U0                      |     0.001 |
|     axi_timer_0               |     0.004 |
|       U0                      |     0.004 |
|     clk_wiz_0                 |     0.106 |
|       inst                    |     0.106 |
|     microblaze_0              |     0.015 |
|       U0                      |     0.015 |
|     microblaze_0_axi_intc     |     0.001 |
|       U0                      |     0.001 |
|     microblaze_0_axi_periph   |     0.001 |
|       xbar                    |     0.001 |
|     microblaze_0_local_memory |     0.009 |
|       lmb_bram                |     0.009 |
+-------------------------------+-----------+


