14:41:46 **** Build of project hello_world_bsp ****
make -k all 
"Running Make include in microblaze_0/libsrc/cpu_v2_9/src"
make -C microblaze_0/libsrc/cpu_v2_9/src -s include  "SHELL=CMD" "COMPILER=mb-gcc" "ARCHIVER=mb-ar" "COMPILER_FLAGS=  -O2 -c -mcpu=v11.0 -mlittle-endian -mxl-soft-mul" "EXTRA_COMPILER_FLAGS=-ffunction-sections -fdata-sections -Wall -Wextra"
"Running Make include in microblaze_0/libsrc/gpio_v4_4/src"
make -C microblaze_0/libsrc/gpio_v4_4/src -s include  "SHELL=CMD" "COMPILER=mb-gcc" "ARCHIVER=mb-ar" "COMPILER_FLAGS=  -O2 -c -mcpu=v11.0 -mlittle-endian -mxl-soft-mul" "EXTRA_COMPILER_FLAGS=-ffunction-sections -fdata-sections -Wall -Wextra"
"Running Make include in microblaze_0/libsrc/uartlite_v3_2/src"
make -C microblaze_0/libsrc/uartlite_v3_2/src -s include  "SHELL=CMD" "COMPILER=mb-gcc" "ARCHIVER=mb-ar" "COMPILER_FLAGS=  -O2 -c -mcpu=v11.0 -mlittle-endian -mxl-soft-mul" "EXTRA_COMPILER_FLAGS=-ffunction-sections -fdata-sections -Wall -Wextra"
"Running Make libs in microblaze_0/libsrc/cpu_v2_9/src"
make -C microblaze_0/libsrc/cpu_v2_9/src -s libs  "SHELL=CMD" "COMPILER=mb-gcc" "ARCHIVER=mb-ar" "COMPILER_FLAGS=  -O2 -c -mcpu=v11.0 -mlittle-endian -mxl-soft-mul" "EXTRA_COMPILER_FLAGS=-ffunction-sections -fdata-sections -Wall -Wextra"
"Compiling cpu"
In file included from xio.c:58:
xio.h:86:10: fatal error: xil_types.h: No such file or directory
 #include "xil_types.h"
          ^~~~~~~~~~~~~
compilation terminated.
make[1]: *** [Makefile:19: libs] Error 1
make: *** [Makefile:30: microblaze_0/libsrc/cpu_v2_9/src/make.libs] Error 2
"Running Make libs in microblaze_0/libsrc/gpio_v4_4/src"
make -C microblaze_0/libsrc/gpio_v4_4/src -s libs  "SHELL=CMD" "COMPILER=mb-gcc" "ARCHIVER=mb-ar" "COMPILER_FLAGS=  -O2 -c -mcpu=v11.0 -mlittle-endian -mxl-soft-mul" "EXTRA_COMPILER_FLAGS=-ffunction-sections -fdata-sections -Wall -Wextra"
"Compiling gpio"
In file included from xgpio_g.c:54:
xgpio.h:130:10: fatal error: xil_types.h: No such file or directory
 #include "xil_types.h"
          ^~~~~~~~~~~~~
compilation terminated.
make[1]: *** [Makefile:25: xgpio_g.o] Error 1
In file included from xgpio.c:70:
xgpio.h:130:10: fatal error: xil_types.h: No such file or directory
 #include "xil_types.h"
          ^~~~~~~~~~~~~
compilation terminated.
make[1]: *** [Makefile:25: xgpio.o] Error 1
xgpio_sinit.c:56:10: fatal error: xstatus.h: No such file or directory
 #include "xstatus.h"
          ^~~~~~~~~~~
compilation terminated.
make[1]: *** [Makefile:25: xgpio_sinit.o] Error 1
In file included from xgpio_selftest.c:55:
xgpio.h:130:10: fatal error: xil_types.h: No such file or directory
 #include "xil_types.h"
          ^~~~~~~~~~~~~
compilation terminated.
make[1]: *** [Makefile:25: xgpio_selftest.o] Error 1
In file included from xgpio_extra.c:60:
xgpio.h:130:10: fatal error: xil_types.h: No such file or directory
 #include "xil_types.h"
          ^~~~~~~~~~~~~
compilation terminated.
make[1]: *** [Makefile:25: xgpio_extra.o] Error 1
In file included from xgpio_intr.c:59:
xgpio.h:130:10: fatal error: xil_types.h: No such file or directory
 #include "xil_types.h"
          ^~~~~~~~~~~~~
compilation terminated.
make[1]: *** [Makefile:25: xgpio_intr.o] Error 1
make[1]: Target 'libs' not remade because of errors.
make: *** [Makefile:30: microblaze_0/libsrc/gpio_v4_4/src/make.libs] Error 2
"Running Make libs in microblaze_0/libsrc/uartlite_v3_2/src"
make -C microblaze_0/libsrc/uartlite_v3_2/src -s libs  "SHELL=CMD" "COMPILER=mb-gcc" "ARCHIVER=mb-ar" "COMPILER_FLAGS=  -O2 -c -mcpu=v11.0 -mlittle-endian -mxl-soft-mul" "EXTRA_COMPILER_FLAGS=-ffunction-sections -fdata-sections -Wall -Wextra"
"Compiling uartlite"
In file included from xuartlite.c:80:
xuartlite.h:158:10: fatal error: xil_types.h: No such file or directory
 #include "xil_types.h"
          ^~~~~~~~~~~~~
compilation terminated.
In file included from xuartlite_g.c:52:
xuartlite.h:158:10: fatal error: xil_types.h: No such file or directory
 #include "xil_types.h"
          ^~~~~~~~~~~~~
compilation terminated.
In file included from xuartlite_intr.c:56:
xuartlite.h:158:10: fatal error: xil_types.h: No such file or directory
 #include "xil_types.h"
          ^~~~~~~~~~~~~
compilation terminated.
In file included from xuartlite_l.c:56:
xuartlite_l.h:67:10: fatal error: xil_types.h: No such file or directory
 #include "xil_types.h"
          ^~~~~~~~~~~~~
compilation terminated.
xuartlite_selftest.c:57:10: fatal error: xil_types.h: No such file or directory
 #include "xil_types.h"
          ^~~~~~~~~~~~~
compilation terminated.
xuartlite_sinit.c:51:10: fatal error: xstatus.h: No such file or directory
 #include "xstatus.h"
          ^~~~~~~~~~~
compilation terminated.
xuartlite_stats.c:53:10: fatal error: xil_types.h: No such file or directory
 #include "xil_types.h"
          ^~~~~~~~~~~~~
compilation terminated.
make[1]: *** [Makefile:20: libs] Error 1
make: *** [Makefile:30: microblaze_0/libsrc/uartlite_v3_2/src/make.libs] Error 2
make: Target 'all' not remade because of errors.

14:41:47 Build Finished (took 1s.425ms)

