15:33:45 **** Incremental Build of configuration Debug for project timer ****
make all 
make: Nothing to be done for 'all'.
15:34:15 **** Incremental Build of configuration Debug for project timer ****
make all 
make: Nothing to be done for 'all'.
15:35:53 **** Auto Build of configuration Debug for project timer ****
make all 
'Building file: ../src/helloworld.c'
'Invoking: MicroBlaze gcc compiler'
mb-gcc -Wall -O0 -g3 -c -fmessage-length=0 -MT"src/helloworld.o" -I../../timer_bsp/microblaze_0/include -mlittle-endian -mcpu=v11.0 -mxl-soft-mul -Wl,--no-relax -ffunction-sections -fdata-sections -MMD -MP -MF"src/helloworld.d" -MT"src/helloworld.o" -o "src/helloworld.o" "../src/helloworld.c"
'Finished building: ../src/helloworld.c'
' '
'Building target: timer.elf'
'Invoking: MicroBlaze gcc linker'
mb-gcc -Wl,-T -Wl,../src/lscript.ld -L../../timer_bsp/microblaze_0/lib -mlittle-endian -mcpu=v11.0 -mxl-soft-mul -Wl,--no-relax -Wl,--gc-sections -o "timer.elf"  ./src/helloworld.o ./src/platform.o   -Wl,--start-group,-lxil,-lgcc,-lc,--end-group
'Finished building target: timer.elf'
' '
'Invoking: MicroBlaze Print Size'
mb-size timer.elf  |tee "timer.elf.size"
   text	   data	    bss	    dec	    hex	filename
  12716	    704	   3316	  16736	   4160	timer.elf
'Finished building: timer.elf.size'
' '
15:36:01 **** Incremental Build of configuration Debug for project timer ****
make all 
make: Nothing to be done for 'all'.
15:37:44 **** Auto Build of configuration Debug for project upgrade_animer_hello ****
make all 
'Building file: ../src/main.c'
'Invoking: MicroBlaze gcc compiler'
mb-gcc -Wall -O0 -g3 -c -fmessage-length=0 -MT"src/main.o" -I../../upgrade_animer_hello_bsp/microblaze_0/include -mlittle-endian -mcpu=v11.0 -mxl-soft-mul -Wl,--no-relax -ffunction-sections -fdata-sections -MMD -MP -MF"src/main.d" -MT"src/main.o" -o "src/main.o" "../src/main.c"
'Finished building: ../src/main.c'
' '
'Building target: upgrade_animer_hello.elf'
'Invoking: MicroBlaze gcc linker'
mb-gcc -Wl,-T -Wl,../src/lscript.ld -L../../upgrade_animer_hello_bsp/microblaze_0/lib -mlittle-endian -mcpu=v11.0 -mxl-soft-mul -Wl,--no-relax -Wl,--gc-sections -o "upgrade_animer_hello.elf"  ./src/main.o ./src/platform.o   -Wl,--start-group,-lxil,-lgcc,-lc,--end-group
'Finished building target: upgrade_animer_hello.elf'
' '
'Invoking: MicroBlaze Print Size'
mb-size upgrade_animer_hello.elf  |tee "upgrade_animer_hello.elf.size"
   text	   data	    bss	    dec	    hex	filename
  12716	    704	   3396	  16816	   41b0	upgrade_animer_hello.elf
'Finished building: upgrade_animer_hello.elf.size'
' '
15:37:54 **** Auto Build of configuration Debug for project upgrade_animer_hello ****
make all 
'Building file: ../src/main.c'
'Invoking: MicroBlaze gcc compiler'
mb-gcc -Wall -O0 -g3 -c -fmessage-length=0 -MT"src/main.o" -I../../upgrade_animer_hello_bsp/microblaze_0/include -mlittle-endian -mcpu=v11.0 -mxl-soft-mul -Wl,--no-relax -ffunction-sections -fdata-sections -MMD -MP -MF"src/main.d" -MT"src/main.o" -o "src/main.o" "../src/main.c"
'Finished building: ../src/main.c'
' '
'Building target: upgrade_animer_hello.elf'
'Invoking: MicroBlaze gcc linker'
mb-gcc -Wl,-T -Wl,../src/lscript.ld -L../../upgrade_animer_hello_bsp/microblaze_0/lib -mlittle-endian -mcpu=v11.0 -mxl-soft-mul -Wl,--no-relax -Wl,--gc-sections -o "upgrade_animer_hello.elf"  ./src/main.o ./src/platform.o   -Wl,--start-group,-lxil,-lgcc,-lc,--end-group
'Finished building target: upgrade_animer_hello.elf'
' '
'Invoking: MicroBlaze Print Size'
mb-size upgrade_animer_hello.elf  |tee "upgrade_animer_hello.elf.size"
   text	   data	    bss	    dec	    hex	filename
  12716	    704	   3396	  16816	   41b0	upgrade_animer_hello.elf
'Finished building: upgrade_animer_hello.elf.size'
' '
15:37:58 **** Auto Build of configuration Debug for project upgrade_animer_hello ****
make all 
'Building file: ../src/main.c'
'Invoking: MicroBlaze gcc compiler'
mb-gcc -Wall -O0 -g3 -c -fmessage-length=0 -MT"src/main.o" -I../../upgrade_animer_hello_bsp/microblaze_0/include -mlittle-endian -mcpu=v11.0 -mxl-soft-mul -Wl,--no-relax -ffunction-sections -fdata-sections -MMD -MP -MF"src/main.d" -MT"src/main.o" -o "src/main.o" "../src/main.c"
'Finished building: ../src/main.c'
' '
'Building target: upgrade_animer_hello.elf'
'Invoking: MicroBlaze gcc linker'
mb-gcc -Wl,-T -Wl,../src/lscript.ld -L../../upgrade_animer_hello_bsp/microblaze_0/lib -mlittle-endian -mcpu=v11.0 -mxl-soft-mul -Wl,--no-relax -Wl,--gc-sections -o "upgrade_animer_hello.elf"  ./src/main.o ./src/platform.o   -Wl,--start-group,-lxil,-lgcc,-lc,--end-group
'Finished building target: upgrade_animer_hello.elf'
' '
'Invoking: MicroBlaze Print Size'
mb-size upgrade_animer_hello.elf  |tee "upgrade_animer_hello.elf.size"
   text	   data	    bss	    dec	    hex	filename
  12716	    704	   3396	  16816	   41b0	upgrade_animer_hello.elf
'Finished building: upgrade_animer_hello.elf.size'
' '
15:38:27 **** Auto Build of configuration Debug for project upgrade_animer_hello ****
make all 
'Building file: ../src/main.c'
'Invoking: MicroBlaze gcc compiler'
mb-gcc -Wall -O0 -g3 -c -fmessage-length=0 -MT"src/main.o" -I../../upgrade_animer_hello_bsp/microblaze_0/include -mlittle-endian -mcpu=v11.0 -mxl-soft-mul -Wl,--no-relax -ffunction-sections -fdata-sections -MMD -MP -MF"src/main.d" -MT"src/main.o" -o "src/main.o" "../src/main.c"
'Finished building: ../src/main.c'
' '
'Building target: upgrade_animer_hello.elf'
'Invoking: MicroBlaze gcc linker'
mb-gcc -Wl,-T -Wl,../src/lscript.ld -L../../upgrade_animer_hello_bsp/microblaze_0/lib -mlittle-endian -mcpu=v11.0 -mxl-soft-mul -Wl,--no-relax -Wl,--gc-sections -o "upgrade_animer_hello.elf"  ./src/main.o ./src/platform.o   -Wl,--start-group,-lxil,-lgcc,-lc,--end-group
'Finished building target: upgrade_animer_hello.elf'
' '
'Invoking: MicroBlaze Print Size'
mb-size upgrade_animer_hello.elf  |tee "upgrade_animer_hello.elf.size"
   text	   data	    bss	    dec	    hex	filename
  12716	    704	   3396	  16816	   41b0	upgrade_animer_hello.elf
'Finished building: upgrade_animer_hello.elf.size'
' '
15:38:36 **** Auto Build of configuration Debug for project upgrade_animer_hello ****
make all 
'Building file: ../src/main.c'
'Invoking: MicroBlaze gcc compiler'
mb-gcc -Wall -O0 -g3 -c -fmessage-length=0 -MT"src/main.o" -I../../upgrade_animer_hello_bsp/microblaze_0/include -mlittle-endian -mcpu=v11.0 -mxl-soft-mul -Wl,--no-relax -ffunction-sections -fdata-sections -MMD -MP -MF"src/main.d" -MT"src/main.o" -o "src/main.o" "../src/main.c"
'Finished building: ../src/main.c'
' '
'Building target: upgrade_animer_hello.elf'
'Invoking: MicroBlaze gcc linker'
mb-gcc -Wl,-T -Wl,../src/lscript.ld -L../../upgrade_animer_hello_bsp/microblaze_0/lib -mlittle-endian -mcpu=v11.0 -mxl-soft-mul -Wl,--no-relax -Wl,--gc-sections -o "upgrade_animer_hello.elf"  ./src/main.o ./src/platform.o   -Wl,--start-group,-lxil,-lgcc,-lc,--end-group
'Finished building target: upgrade_animer_hello.elf'
' '
'Invoking: MicroBlaze Print Size'
mb-size upgrade_animer_hello.elf  |tee "upgrade_animer_hello.elf.size"
   text	   data	    bss	    dec	    hex	filename
  12716	    704	   3396	  16816	   41b0	upgrade_animer_hello.elf
'Finished building: upgrade_animer_hello.elf.size'
' '
15:38:46 **** Auto Build of configuration Debug for project upgrade_animer_hello ****
make all 
'Building file: ../src/main.c'
'Invoking: MicroBlaze gcc compiler'
mb-gcc -Wall -O0 -g3 -c -fmessage-length=0 -MT"src/main.o" -I../../upgrade_animer_hello_bsp/microblaze_0/include -mlittle-endian -mcpu=v11.0 -mxl-soft-mul -Wl,--no-relax -ffunction-sections -fdata-sections -MMD -MP -MF"src/main.d" -MT"src/main.o" -o "src/main.o" "../src/main.c"
'Finished building: ../src/main.c'
' '
'Building target: upgrade_animer_hello.elf'
'Invoking: MicroBlaze gcc linker'
mb-gcc -Wl,-T -Wl,../src/lscript.ld -L../../upgrade_animer_hello_bsp/microblaze_0/lib -mlittle-endian -mcpu=v11.0 -mxl-soft-mul -Wl,--no-relax -Wl,--gc-sections -o "upgrade_animer_hello.elf"  ./src/main.o ./src/platform.o   -Wl,--start-group,-lxil,-lgcc,-lc,--end-group
'Finished building target: upgrade_animer_hello.elf'
' '
'Invoking: MicroBlaze Print Size'
mb-size upgrade_animer_hello.elf  |tee "upgrade_animer_hello.elf.size"
   text	   data	    bss	    dec	    hex	filename
  12716	    704	   3396	  16816	   41b0	upgrade_animer_hello.elf
'Finished building: upgrade_animer_hello.elf.size'
' '
15:39:08 **** Auto Build of configuration Debug for project upgrade_animer_hello ****
make all 
'Building file: ../src/main.c'
'Invoking: MicroBlaze gcc compiler'
mb-gcc -Wall -O0 -g3 -c -fmessage-length=0 -MT"src/main.o" -I../../upgrade_animer_hello_bsp/microblaze_0/include -mlittle-endian -mcpu=v11.0 -mxl-soft-mul -Wl,--no-relax -ffunction-sections -fdata-sections -MMD -MP -MF"src/main.d" -MT"src/main.o" -o "src/main.o" "../src/main.c"
'Finished building: ../src/main.c'
' '
'Building target: upgrade_animer_hello.elf'
'Invoking: MicroBlaze gcc linker'
mb-gcc -Wl,-T -Wl,../src/lscript.ld -L../../upgrade_animer_hello_bsp/microblaze_0/lib -mlittle-endian -mcpu=v11.0 -mxl-soft-mul -Wl,--no-relax -Wl,--gc-sections -o "upgrade_animer_hello.elf"  ./src/main.o ./src/platform.o   -Wl,--start-group,-lxil,-lgcc,-lc,--end-group
'Finished building target: upgrade_animer_hello.elf'
' '
'Invoking: MicroBlaze Print Size'
mb-size upgrade_animer_hello.elf  |tee "upgrade_animer_hello.elf.size"
   text	   data	    bss	    dec	    hex	filename
  12716	    704	   3396	  16816	   41b0	upgrade_animer_hello.elf
'Finished building: upgrade_animer_hello.elf.size'
' '
15:39:14 **** Auto Build of configuration Debug for project upgrade_animer_hello ****
make all 
'Building file: ../src/main.c'
'Invoking: MicroBlaze gcc compiler'
mb-gcc -Wall -O0 -g3 -c -fmessage-length=0 -MT"src/main.o" -I../../upgrade_animer_hello_bsp/microblaze_0/include -mlittle-endian -mcpu=v11.0 -mxl-soft-mul -Wl,--no-relax -ffunction-sections -fdata-sections -MMD -MP -MF"src/main.d" -MT"src/main.o" -o "src/main.o" "../src/main.c"
'Finished building: ../src/main.c'
' '
'Building target: upgrade_animer_hello.elf'
'Invoking: MicroBlaze gcc linker'
mb-gcc -Wl,-T -Wl,../src/lscript.ld -L../../upgrade_animer_hello_bsp/microblaze_0/lib -mlittle-endian -mcpu=v11.0 -mxl-soft-mul -Wl,--no-relax -Wl,--gc-sections -o "upgrade_animer_hello.elf"  ./src/main.o ./src/platform.o   -Wl,--start-group,-lxil,-lgcc,-lc,--end-group
'Finished building target: upgrade_animer_hello.elf'
' '
'Invoking: MicroBlaze Print Size'
mb-size upgrade_animer_hello.elf  |tee "upgrade_animer_hello.elf.size"
   text	   data	    bss	    dec	    hex	filename
  12716	    704	   3396	  16816	   41b0	upgrade_animer_hello.elf
'Finished building: upgrade_animer_hello.elf.size'
' '
15:39:22 **** Auto Build of configuration Debug for project upgrade_animer_hello ****
make all 
'Building file: ../src/main.c'
'Invoking: MicroBlaze gcc compiler'
mb-gcc -Wall -O0 -g3 -c -fmessage-length=0 -MT"src/main.o" -I../../upgrade_animer_hello_bsp/microblaze_0/include -mlittle-endian -mcpu=v11.0 -mxl-soft-mul -Wl,--no-relax -ffunction-sections -fdata-sections -MMD -MP -MF"src/main.d" -MT"src/main.o" -o "src/main.o" "../src/main.c"
'Finished building: ../src/main.c'
' '
'Building target: upgrade_animer_hello.elf'
'Invoking: MicroBlaze gcc linker'
mb-gcc -Wl,-T -Wl,../src/lscript.ld -L../../upgrade_animer_hello_bsp/microblaze_0/lib -mlittle-endian -mcpu=v11.0 -mxl-soft-mul -Wl,--no-relax -Wl,--gc-sections -o "upgrade_animer_hello.elf"  ./src/main.o ./src/platform.o   -Wl,--start-group,-lxil,-lgcc,-lc,--end-group
'Finished building target: upgrade_animer_hello.elf'
' '
'Invoking: MicroBlaze Print Size'
mb-size upgrade_animer_hello.elf  |tee "upgrade_animer_hello.elf.size"
   text	   data	    bss	    dec	    hex	filename
  12716	    704	   3396	  16816	   41b0	upgrade_animer_hello.elf
'Finished building: upgrade_animer_hello.elf.size'
' '
15:39:27 **** Auto Build of configuration Debug for project upgrade_animer_hello ****
make all 
'Building file: ../src/main.c'
'Invoking: MicroBlaze gcc compiler'
mb-gcc -Wall -O0 -g3 -c -fmessage-length=0 -MT"src/main.o" -I../../upgrade_animer_hello_bsp/microblaze_0/include -mlittle-endian -mcpu=v11.0 -mxl-soft-mul -Wl,--no-relax -ffunction-sections -fdata-sections -MMD -MP -MF"src/main.d" -MT"src/main.o" -o "src/main.o" "../src/main.c"
'Finished building: ../src/main.c'
' '
'Building target: upgrade_animer_hello.elf'
'Invoking: MicroBlaze gcc linker'
mb-gcc -Wl,-T -Wl,../src/lscript.ld -L../../upgrade_animer_hello_bsp/microblaze_0/lib -mlittle-endian -mcpu=v11.0 -mxl-soft-mul -Wl,--no-relax -Wl,--gc-sections -o "upgrade_animer_hello.elf"  ./src/main.o ./src/platform.o   -Wl,--start-group,-lxil,-lgcc,-lc,--end-group
'Finished building target: upgrade_animer_hello.elf'
' '
'Invoking: MicroBlaze Print Size'
mb-size upgrade_animer_hello.elf  |tee "upgrade_animer_hello.elf.size"
   text	   data	    bss	    dec	    hex	filename
  12716	    704	   3396	  16816	   41b0	upgrade_animer_hello.elf
'Finished building: upgrade_animer_hello.elf.size'
' '
15:39:48 **** Auto Build of configuration Debug for project upgrade_animer_hello ****
make all 
'Building file: ../src/main.c'
'Invoking: MicroBlaze gcc compiler'
mb-gcc -Wall -O0 -g3 -c -fmessage-length=0 -MT"src/main.o" -I../../upgrade_animer_hello_bsp/microblaze_0/include -mlittle-endian -mcpu=v11.0 -mxl-soft-mul -Wl,--no-relax -ffunction-sections -fdata-sections -MMD -MP -MF"src/main.d" -MT"src/main.o" -o "src/main.o" "../src/main.c"
'Finished building: ../src/main.c'
' '
'Building target: upgrade_animer_hello.elf'
'Invoking: MicroBlaze gcc linker'
mb-gcc -Wl,-T -Wl,../src/lscript.ld -L../../upgrade_animer_hello_bsp/microblaze_0/lib -mlittle-endian -mcpu=v11.0 -mxl-soft-mul -Wl,--no-relax -Wl,--gc-sections -o "upgrade_animer_hello.elf"  ./src/main.o ./src/platform.o   -Wl,--start-group,-lxil,-lgcc,-lc,--end-group
'Finished building target: upgrade_animer_hello.elf'
' '
'Invoking: MicroBlaze Print Size'
mb-size upgrade_animer_hello.elf  |tee "upgrade_animer_hello.elf.size"
   text	   data	    bss	    dec	    hex	filename
  12716	    704	   3396	  16816	   41b0	upgrade_animer_hello.elf
'Finished building: upgrade_animer_hello.elf.size'
' '
15:39:59 **** Auto Build of configuration Debug for project upgrade_animer_hello ****
make all 
'Building file: ../src/main.c'
'Invoking: MicroBlaze gcc compiler'
mb-gcc -Wall -O0 -g3 -c -fmessage-length=0 -MT"src/main.o" -I../../upgrade_animer_hello_bsp/microblaze_0/include -mlittle-endian -mcpu=v11.0 -mxl-soft-mul -Wl,--no-relax -ffunction-sections -fdata-sections -MMD -MP -MF"src/main.d" -MT"src/main.o" -o "src/main.o" "../src/main.c"
'Finished building: ../src/main.c'
' '
'Building target: upgrade_animer_hello.elf'
'Invoking: MicroBlaze gcc linker'
mb-gcc -Wl,-T -Wl,../src/lscript.ld -L../../upgrade_animer_hello_bsp/microblaze_0/lib -mlittle-endian -mcpu=v11.0 -mxl-soft-mul -Wl,--no-relax -Wl,--gc-sections -o "upgrade_animer_hello.elf"  ./src/main.o ./src/platform.o   -Wl,--start-group,-lxil,-lgcc,-lc,--end-group
'Finished building target: upgrade_animer_hello.elf'
' '
'Invoking: MicroBlaze Print Size'
mb-size upgrade_animer_hello.elf  |tee "upgrade_animer_hello.elf.size"
   text	   data	    bss	    dec	    hex	filename
  12716	    704	   3396	  16816	   41b0	upgrade_animer_hello.elf
'Finished building: upgrade_animer_hello.elf.size'
' '
15:40:11 **** Auto Build of configuration Debug for project upgrade_animer_hello ****
make all 
'Building file: ../src/main.c'
'Invoking: MicroBlaze gcc compiler'
mb-gcc -Wall -O0 -g3 -c -fmessage-length=0 -MT"src/main.o" -I../../upgrade_animer_hello_bsp/microblaze_0/include -mlittle-endian -mcpu=v11.0 -mxl-soft-mul -Wl,--no-relax -ffunction-sections -fdata-sections -MMD -MP -MF"src/main.d" -MT"src/main.o" -o "src/main.o" "../src/main.c"
'Finished building: ../src/main.c'
' '
'Building target: upgrade_animer_hello.elf'
'Invoking: MicroBlaze gcc linker'
mb-gcc -Wl,-T -Wl,../src/lscript.ld -L../../upgrade_animer_hello_bsp/microblaze_0/lib -mlittle-endian -mcpu=v11.0 -mxl-soft-mul -Wl,--no-relax -Wl,--gc-sections -o "upgrade_animer_hello.elf"  ./src/main.o ./src/platform.o   -Wl,--start-group,-lxil,-lgcc,-lc,--end-group
'Finished building target: upgrade_animer_hello.elf'
' '
'Invoking: MicroBlaze Print Size'
mb-size upgrade_animer_hello.elf  |tee "upgrade_animer_hello.elf.size"
   text	   data	    bss	    dec	    hex	filename
  12716	    704	   3396	  16816	   41b0	upgrade_animer_hello.elf
'Finished building: upgrade_animer_hello.elf.size'
' '
15:40:43 **** Incremental Build of configuration Debug for project upgrade_animer_hello ****
make all 
make: Nothing to be done for 'all'.
15:42:29 **** Auto Build of configuration Debug for project upgrade_animer_hello ****
make all 
'Building file: ../src/main.c'
'Invoking: MicroBlaze gcc compiler'
mb-gcc -Wall -O0 -g3 -c -fmessage-length=0 -MT"src/main.o" -I../../upgrade_animer_hello_bsp/microblaze_0/include -mlittle-endian -mcpu=v11.0 -mxl-soft-mul -Wl,--no-relax -ffunction-sections -fdata-sections -MMD -MP -MF"src/main.d" -MT"src/main.o" -o "src/main.o" "../src/main.c"
'Finished building: ../src/main.c'
' '
'Building target: upgrade_animer_hello.elf'
'Invoking: MicroBlaze gcc linker'
mb-gcc -Wl,-T -Wl,../src/lscript.ld -L../../upgrade_animer_hello_bsp/microblaze_0/lib -mlittle-endian -mcpu=v11.0 -mxl-soft-mul -Wl,--no-relax -Wl,--gc-sections -o "upgrade_animer_hello.elf"  ./src/main.o ./src/platform.o   -Wl,--start-group,-lxil,-lgcc,-lc,--end-group
'Finished building target: upgrade_animer_hello.elf'
' '
'Invoking: MicroBlaze Print Size'
mb-size upgrade_animer_hello.elf  |tee "upgrade_animer_hello.elf.size"
   text	   data	    bss	    dec	    hex	filename
  12716	    704	   3396	  16816	   41b0	upgrade_animer_hello.elf
'Finished building: upgrade_animer_hello.elf.size'
' '
15:42:46 **** Auto Build of configuration Debug for project upgrade_animer_hello ****
make all 
'Building file: ../src/main.c'
'Invoking: MicroBlaze gcc compiler'
mb-gcc -Wall -O0 -g3 -c -fmessage-length=0 -MT"src/main.o" -I../../upgrade_animer_hello_bsp/microblaze_0/include -mlittle-endian -mcpu=v11.0 -mxl-soft-mul -Wl,--no-relax -ffunction-sections -fdata-sections -MMD -MP -MF"src/main.d" -MT"src/main.o" -o "src/main.o" "../src/main.c"
'Finished building: ../src/main.c'
' '
'Building target: upgrade_animer_hello.elf'
'Invoking: MicroBlaze gcc linker'
mb-gcc -Wl,-T -Wl,../src/lscript.ld -L../../upgrade_animer_hello_bsp/microblaze_0/lib -mlittle-endian -mcpu=v11.0 -mxl-soft-mul -Wl,--no-relax -Wl,--gc-sections -o "upgrade_animer_hello.elf"  ./src/main.o ./src/platform.o   -Wl,--start-group,-lxil,-lgcc,-lc,--end-group
'Finished building target: upgrade_animer_hello.elf'
' '
'Invoking: MicroBlaze Print Size'
mb-size upgrade_animer_hello.elf  |tee "upgrade_animer_hello.elf.size"
   text	   data	    bss	    dec	    hex	filename
  12716	    704	   3396	  16816	   41b0	upgrade_animer_hello.elf
'Finished building: upgrade_animer_hello.elf.size'
' '
15:43:25 **** Auto Build of configuration Debug for project upgrade_animer_hello ****
make all 
'Building file: ../src/main.c'
'Invoking: MicroBlaze gcc compiler'
mb-gcc -Wall -O0 -g3 -c -fmessage-length=0 -MT"src/main.o" -I../../upgrade_animer_hello_bsp/microblaze_0/include -mlittle-endian -mcpu=v11.0 -mxl-soft-mul -Wl,--no-relax -ffunction-sections -fdata-sections -MMD -MP -MF"src/main.d" -MT"src/main.o" -o "src/main.o" "../src/main.c"
'Finished building: ../src/main.c'
' '
'Building target: upgrade_animer_hello.elf'
'Invoking: MicroBlaze gcc linker'
mb-gcc -Wl,-T -Wl,../src/lscript.ld -L../../upgrade_animer_hello_bsp/microblaze_0/lib -mlittle-endian -mcpu=v11.0 -mxl-soft-mul -Wl,--no-relax -Wl,--gc-sections -o "upgrade_animer_hello.elf"  ./src/main.o ./src/platform.o   -Wl,--start-group,-lxil,-lgcc,-lc,--end-group
'Finished building target: upgrade_animer_hello.elf'
' '
'Invoking: MicroBlaze Print Size'
mb-size upgrade_animer_hello.elf  |tee "upgrade_animer_hello.elf.size"
   text	   data	    bss	    dec	    hex	filename
  12716	    704	   3396	  16816	   41b0	upgrade_animer_hello.elf
'Finished building: upgrade_animer_hello.elf.size'
' '
15:43:35 **** Auto Build of configuration Debug for project upgrade_animer_hello ****
make all 
'Building file: ../src/main.c'
'Invoking: MicroBlaze gcc compiler'
mb-gcc -Wall -O0 -g3 -c -fmessage-length=0 -MT"src/main.o" -I../../upgrade_animer_hello_bsp/microblaze_0/include -mlittle-endian -mcpu=v11.0 -mxl-soft-mul -Wl,--no-relax -ffunction-sections -fdata-sections -MMD -MP -MF"src/main.d" -MT"src/main.o" -o "src/main.o" "../src/main.c"
../src/main.c: In function 'Timer_ISR_Handler':
../src/main.c:125:29: error: expected expression before ')' token
   XGpio_DiscreteWrite(&leds,)
                             ^
../src/main.c:125:3: error: too few arguments to function 'XGpio_DiscreteWrite'
   XGpio_DiscreteWrite(&leds,)
   ^~~~~~~~~~~~~~~~~~~
In file included from ../src/main.c:52:
../../upgrade_animer_hello_bsp/microblaze_0/include/xgpio.h:181:6: note: declared here
 void XGpio_DiscreteWrite(XGpio *InstancePtr, unsigned Channel, u32 Mask);
      ^~~~~~~~~~~~~~~~~~~
make: *** [src/subdir.mk:26: src/main.o] Error 1
15:44:08 **** Auto Build of configuration Debug for project upgrade_animer_hello ****
make all 
'Building file: ../src/main.c'
'Invoking: MicroBlaze gcc compiler'
mb-gcc -Wall -O0 -g3 -c -fmessage-length=0 -MT"src/main.o" -I../../upgrade_animer_hello_bsp/microblaze_0/include -mlittle-endian -mcpu=v11.0 -mxl-soft-mul -Wl,--no-relax -ffunction-sections -fdata-sections -MMD -MP -MF"src/main.d" -MT"src/main.o" -o "src/main.o" "../src/main.c"
../src/main.c: In function 'Timer_ISR_Handler':
../src/main.c:125:48: error: expected ')' before '}' token
   XGpio_DiscreteWrite(&leds,(0x1 << (count%16))
                                                ^
                                                )
 }
 ~                                               
../src/main.c:125:3: error: too few arguments to function 'XGpio_DiscreteWrite'
   XGpio_DiscreteWrite(&leds,(0x1 << (count%16))
   ^~~~~~~~~~~~~~~~~~~
In file included from ../src/main.c:52:
../../upgrade_animer_hello_bsp/microblaze_0/include/xgpio.h:181:6: note: declared here
 void XGpio_DiscreteWrite(XGpio *InstancePtr, unsigned Channel, u32 Mask);
      ^~~~~~~~~~~~~~~~~~~
../src/main.c:125:48: error: expected ';' before '}' token
   XGpio_DiscreteWrite(&leds,(0x1 << (count%16))
                                                ^
                                                ;
 }
 ~                                               
make: *** [src/subdir.mk:26: src/main.o] Error 1
15:44:10 **** Auto Build of configuration Debug for project upgrade_animer_hello ****
make all 
'Building file: ../src/main.c'
'Invoking: MicroBlaze gcc compiler'
mb-gcc -Wall -O0 -g3 -c -fmessage-length=0 -MT"src/main.o" -I../../upgrade_animer_hello_bsp/microblaze_0/include -mlittle-endian -mcpu=v11.0 -mxl-soft-mul -Wl,--no-relax -ffunction-sections -fdata-sections -MMD -MP -MF"src/main.d" -MT"src/main.o" -o "src/main.o" "../src/main.c"
../src/main.c: In function 'Timer_ISR_Handler':
../src/main.c:125:48: error: expected ')' before ';' token
   XGpio_DiscreteWrite(&leds,(0x1 << (count%16));
                                                ^
                                                )
../src/main.c:125:3: error: too few arguments to function 'XGpio_DiscreteWrite'
   XGpio_DiscreteWrite(&leds,(0x1 << (count%16));
   ^~~~~~~~~~~~~~~~~~~
In file included from ../src/main.c:52:
../../upgrade_animer_hello_bsp/microblaze_0/include/xgpio.h:181:6: note: declared here
 void XGpio_DiscreteWrite(XGpio *InstancePtr, unsigned Channel, u32 Mask);
      ^~~~~~~~~~~~~~~~~~~
../src/main.c:125:49: error: expected ';' before '}' token
   XGpio_DiscreteWrite(&leds,(0x1 << (count%16));
                                                 ^
                                                 ;
 }
 ~                                                
make: *** [src/subdir.mk:26: src/main.o] Error 1
15:44:21 **** Auto Build of configuration Debug for project upgrade_animer_hello ****
make all 
'Building file: ../src/main.c'
'Invoking: MicroBlaze gcc compiler'
mb-gcc -Wall -O0 -g3 -c -fmessage-length=0 -MT"src/main.o" -I../../upgrade_animer_hello_bsp/microblaze_0/include -mlittle-endian -mcpu=v11.0 -mxl-soft-mul -Wl,--no-relax -ffunction-sections -fdata-sections -MMD -MP -MF"src/main.d" -MT"src/main.o" -o "src/main.o" "../src/main.c"
../src/main.c: In function 'Timer_ISR_Handler':
../src/main.c:125:3: error: too few arguments to function 'XGpio_DiscreteWrite'
   XGpio_DiscreteWrite(&leds,(0x1 << (count%16)));
   ^~~~~~~~~~~~~~~~~~~
In file included from ../src/main.c:52:
../../upgrade_animer_hello_bsp/microblaze_0/include/xgpio.h:181:6: note: declared here
 void XGpio_DiscreteWrite(XGpio *InstancePtr, unsigned Channel, u32 Mask);
      ^~~~~~~~~~~~~~~~~~~
make: *** [src/subdir.mk:26: src/main.o] Error 1
15:44:37 **** Auto Build of configuration Debug for project upgrade_animer_hello ****
make all 
'Building file: ../src/main.c'
'Invoking: MicroBlaze gcc compiler'
mb-gcc -Wall -O0 -g3 -c -fmessage-length=0 -MT"src/main.o" -I../../upgrade_animer_hello_bsp/microblaze_0/include -mlittle-endian -mcpu=v11.0 -mxl-soft-mul -Wl,--no-relax -ffunction-sections -fdata-sections -MMD -MP -MF"src/main.d" -MT"src/main.o" -o "src/main.o" "../src/main.c"
'Finished building: ../src/main.c'
' '
'Building target: upgrade_animer_hello.elf'
'Invoking: MicroBlaze gcc linker'
mb-gcc -Wl,-T -Wl,../src/lscript.ld -L../../upgrade_animer_hello_bsp/microblaze_0/lib -mlittle-endian -mcpu=v11.0 -mxl-soft-mul -Wl,--no-relax -Wl,--gc-sections -o "upgrade_animer_hello.elf"  ./src/main.o ./src/platform.o   -Wl,--start-group,-lxil,-lgcc,-lc,--end-group
'Finished building target: upgrade_animer_hello.elf'
' '
'Invoking: MicroBlaze Print Size'
mb-size upgrade_animer_hello.elf  |tee "upgrade_animer_hello.elf.size"
   text	   data	    bss	    dec	    hex	filename
  13180	    704	   3396	  17280	   4380	upgrade_animer_hello.elf
'Finished building: upgrade_animer_hello.elf.size'
' '
15:45:03 **** Auto Build of configuration Debug for project upgrade_animer_hello ****
make all 
'Building file: ../src/main.c'
'Invoking: MicroBlaze gcc compiler'
mb-gcc -Wall -O0 -g3 -c -fmessage-length=0 -MT"src/main.o" -I../../upgrade_animer_hello_bsp/microblaze_0/include -mlittle-endian -mcpu=v11.0 -mxl-soft-mul -Wl,--no-relax -ffunction-sections -fdata-sections -MMD -MP -MF"src/main.d" -MT"src/main.o" -o "src/main.o" "../src/main.c"
'Finished building: ../src/main.c'
' '
'Building target: upgrade_animer_hello.elf'
'Invoking: MicroBlaze gcc linker'
mb-gcc -Wl,-T -Wl,../src/lscript.ld -L../../upgrade_animer_hello_bsp/microblaze_0/lib -mlittle-endian -mcpu=v11.0 -mxl-soft-mul -Wl,--no-relax -Wl,--gc-sections -o "upgrade_animer_hello.elf"  ./src/main.o ./src/platform.o   -Wl,--start-group,-lxil,-lgcc,-lc,--end-group
'Finished building target: upgrade_animer_hello.elf'
' '
'Invoking: MicroBlaze Print Size'
mb-size upgrade_animer_hello.elf  |tee "upgrade_animer_hello.elf.size"
   text	   data	    bss	    dec	    hex	filename
  13180	    704	   3396	  17280	   4380	upgrade_animer_hello.elf
'Finished building: upgrade_animer_hello.elf.size'
' '
15:45:11 **** Incremental Build of configuration Debug for project upgrade_animer_hello ****
make all 
make: Nothing to be done for 'all'.
15:45:55 **** Auto Build of configuration Debug for project upgrade_animer_hello ****
make all 
'Building file: ../src/main.c'
'Invoking: MicroBlaze gcc compiler'
mb-gcc -Wall -O0 -g3 -c -fmessage-length=0 -MT"src/main.o" -I../../upgrade_animer_hello_bsp/microblaze_0/include -mlittle-endian -mcpu=v11.0 -mxl-soft-mul -Wl,--no-relax -ffunction-sections -fdata-sections -MMD -MP -MF"src/main.d" -MT"src/main.o" -o "src/main.o" "../src/main.c"
../src/main.c: In function 'main':
../src/main.c:130:5: warning: implicit declaration of function 'initGpio'; did you mean 'initGPIO'? [-Wimplicit-function-declaration]
     initGpio();
     ^~~~~~~~
     initGPIO
'Finished building: ../src/main.c'
' '
'Building target: upgrade_animer_hello.elf'
'Invoking: MicroBlaze gcc linker'
mb-gcc -Wl,-T -Wl,../src/lscript.ld -L../../upgrade_animer_hello_bsp/microblaze_0/lib -mlittle-endian -mcpu=v11.0 -mxl-soft-mul -Wl,--no-relax -Wl,--gc-sections -o "upgrade_animer_hello.elf"  ./src/main.o ./src/platform.o   -Wl,--start-group,-lxil,-lgcc,-lc,--end-group
c:/programs/xilinx/sdk/2019.1/gnu/microblaze/nt/bin/../lib/gcc/microblaze-xilinx-elf/8.2.0/../../../../microblaze-xilinx-elf/bin/ld.exe: ./src/main.o: in function `main':
U:\Documents\SoC\TP\TP_ublaze_3IS\TP_ublaze_3IS.sdk\upgrade_animer_hello\Debug/../src/main.c:130: undefined reference to `initGpio'
collect2.exe: error: ld returned 1 exit status
make: *** [makefile:38: upgrade_animer_hello.elf] Error 1
15:45:59 **** Auto Build of configuration Debug for project upgrade_animer_hello ****
make all 
'Building file: ../src/main.c'
'Invoking: MicroBlaze gcc compiler'
mb-gcc -Wall -O0 -g3 -c -fmessage-length=0 -MT"src/main.o" -I../../upgrade_animer_hello_bsp/microblaze_0/include -mlittle-endian -mcpu=v11.0 -mxl-soft-mul -Wl,--no-relax -ffunction-sections -fdata-sections -MMD -MP -MF"src/main.d" -MT"src/main.o" -o "src/main.o" "../src/main.c"
../src/main.c: In function 'main':
../src/main.c:130:5: warning: implicit declaration of function 'initGpios'; did you mean 'initGPIO'? [-Wimplicit-function-declaration]
     initGpios();
     ^~~~~~~~~
     initGPIO
'Finished building: ../src/main.c'
' '
'Building target: upgrade_animer_hello.elf'
'Invoking: MicroBlaze gcc linker'
mb-gcc -Wl,-T -Wl,../src/lscript.ld -L../../upgrade_animer_hello_bsp/microblaze_0/lib -mlittle-endian -mcpu=v11.0 -mxl-soft-mul -Wl,--no-relax -Wl,--gc-sections -o "upgrade_animer_hello.elf"  ./src/main.o ./src/platform.o   -Wl,--start-group,-lxil,-lgcc,-lc,--end-group
c:/programs/xilinx/sdk/2019.1/gnu/microblaze/nt/bin/../lib/gcc/microblaze-xilinx-elf/8.2.0/../../../../microblaze-xilinx-elf/bin/ld.exe: ./src/main.o: in function `main':
U:\Documents\SoC\TP\TP_ublaze_3IS\TP_ublaze_3IS.sdk\upgrade_animer_hello\Debug/../src/main.c:130: undefined reference to `initGpios'
collect2.exe: error: ld returned 1 exit status
make: *** [makefile:38: upgrade_animer_hello.elf] Error 1
15:46:04 **** Auto Build of configuration Debug for project upgrade_animer_hello ****
make all 
'Building file: ../src/main.c'
'Invoking: MicroBlaze gcc compiler'
mb-gcc -Wall -O0 -g3 -c -fmessage-length=0 -MT"src/main.o" -I../../upgrade_animer_hello_bsp/microblaze_0/include -mlittle-endian -mcpu=v11.0 -mxl-soft-mul -Wl,--no-relax -ffunction-sections -fdata-sections -MMD -MP -MF"src/main.d" -MT"src/main.o" -o "src/main.o" "../src/main.c"
'Finished building: ../src/main.c'
' '
'Building target: upgrade_animer_hello.elf'
'Invoking: MicroBlaze gcc linker'
mb-gcc -Wl,-T -Wl,../src/lscript.ld -L../../upgrade_animer_hello_bsp/microblaze_0/lib -mlittle-endian -mcpu=v11.0 -mxl-soft-mul -Wl,--no-relax -Wl,--gc-sections -o "upgrade_animer_hello.elf"  ./src/main.o ./src/platform.o   -Wl,--start-group,-lxil,-lgcc,-lc,--end-group
'Finished building target: upgrade_animer_hello.elf'
' '
'Invoking: MicroBlaze Print Size'
mb-size upgrade_animer_hello.elf  |tee "upgrade_animer_hello.elf.size"
   text	   data	    bss	    dec	    hex	filename
  14084	    752	   3396	  18232	   4738	upgrade_animer_hello.elf
'Finished building: upgrade_animer_hello.elf.size'
' '
15:46:10 **** Incremental Build of configuration Debug for project upgrade_animer_hello ****
make all 
make: Nothing to be done for 'all'.
15:51:29 **** Auto Build of configuration Debug for project upgrade_animer_hello ****
make all 
'Building file: ../src/main.c'
'Invoking: MicroBlaze gcc compiler'
mb-gcc -Wall -O0 -g3 -c -fmessage-length=0 -MT"src/main.o" -I../../upgrade_animer_hello_bsp/microblaze_0/include -mlittle-endian -mcpu=v11.0 -mxl-soft-mul -Wl,--no-relax -ffunction-sections -fdata-sections -MMD -MP -MF"src/main.d" -MT"src/main.o" -o "src/main.o" "../src/main.c"
../src/main.c: In function 'animer_message':
../src/main.c:139:20: error: 'position' undeclared (first use in this function)
     afficher_hello(position);
                    ^~~~~~~~
../src/main.c:139:20: note: each undeclared identifier is reported only once for each function it appears in
make: *** [src/subdir.mk:26: src/main.o] Error 1
15:52:20 **** Auto Build of configuration Debug for project upgrade_animer_hello ****
make all 
'Building file: ../src/main.c'
'Invoking: MicroBlaze gcc compiler'
mb-gcc -Wall -O0 -g3 -c -fmessage-length=0 -MT"src/main.o" -I../../upgrade_animer_hello_bsp/microblaze_0/include -mlittle-endian -mcpu=v11.0 -mxl-soft-mul -Wl,--no-relax -ffunction-sections -fdata-sections -MMD -MP -MF"src/main.d" -MT"src/main.o" -o "src/main.o" "../src/main.c"
'Finished building: ../src/main.c'
' '
'Building target: upgrade_animer_hello.elf'
'Invoking: MicroBlaze gcc linker'
mb-gcc -Wl,-T -Wl,../src/lscript.ld -L../../upgrade_animer_hello_bsp/microblaze_0/lib -mlittle-endian -mcpu=v11.0 -mxl-soft-mul -Wl,--no-relax -Wl,--gc-sections -o "upgrade_animer_hello.elf"  ./src/main.o ./src/platform.o   -Wl,--start-group,-lxil,-lgcc,-lc,--end-group
'Finished building target: upgrade_animer_hello.elf'
' '
'Invoking: MicroBlaze Print Size'
mb-size upgrade_animer_hello.elf  |tee "upgrade_animer_hello.elf.size"
   text	   data	    bss	    dec	    hex	filename
  14084	    752	   3396	  18232	   4738	upgrade_animer_hello.elf
'Finished building: upgrade_animer_hello.elf.size'
' '
15:52:36 **** Auto Build of configuration Debug for project upgrade_animer_hello ****
make all 
'Building file: ../src/main.c'
'Invoking: MicroBlaze gcc compiler'
mb-gcc -Wall -O0 -g3 -c -fmessage-length=0 -MT"src/main.o" -I../../upgrade_animer_hello_bsp/microblaze_0/include -mlittle-endian -mcpu=v11.0 -mxl-soft-mul -Wl,--no-relax -ffunction-sections -fdata-sections -MMD -MP -MF"src/main.d" -MT"src/main.o" -o "src/main.o" "../src/main.c"
'Finished building: ../src/main.c'
' '
'Building target: upgrade_animer_hello.elf'
'Invoking: MicroBlaze gcc linker'
mb-gcc -Wl,-T -Wl,../src/lscript.ld -L../../upgrade_animer_hello_bsp/microblaze_0/lib -mlittle-endian -mcpu=v11.0 -mxl-soft-mul -Wl,--no-relax -Wl,--gc-sections -o "upgrade_animer_hello.elf"  ./src/main.o ./src/platform.o   -Wl,--start-group,-lxil,-lgcc,-lc,--end-group
'Finished building target: upgrade_animer_hello.elf'
' '
'Invoking: MicroBlaze Print Size'
mb-size upgrade_animer_hello.elf  |tee "upgrade_animer_hello.elf.size"
   text	   data	    bss	    dec	    hex	filename
  14688	    800	   3392	  18880	   49c0	upgrade_animer_hello.elf
'Finished building: upgrade_animer_hello.elf.size'
' '
15:53:05 **** Auto Build of configuration Debug for project upgrade_animer_hello ****
make all 
'Building file: ../src/main.c'
'Invoking: MicroBlaze gcc compiler'
mb-gcc -Wall -O0 -g3 -c -fmessage-length=0 -MT"src/main.o" -I../../upgrade_animer_hello_bsp/microblaze_0/include -mlittle-endian -mcpu=v11.0 -mxl-soft-mul -Wl,--no-relax -ffunction-sections -fdata-sections -MMD -MP -MF"src/main.d" -MT"src/main.o" -o "src/main.o" "../src/main.c"
'Finished building: ../src/main.c'
' '
'Building target: upgrade_animer_hello.elf'
'Invoking: MicroBlaze gcc linker'
mb-gcc -Wl,-T -Wl,../src/lscript.ld -L../../upgrade_animer_hello_bsp/microblaze_0/lib -mlittle-endian -mcpu=v11.0 -mxl-soft-mul -Wl,--no-relax -Wl,--gc-sections -o "upgrade_animer_hello.elf"  ./src/main.o ./src/platform.o   -Wl,--start-group,-lxil,-lgcc,-lc,--end-group
'Finished building target: upgrade_animer_hello.elf'
' '
'Invoking: MicroBlaze Print Size'
mb-size upgrade_animer_hello.elf  |tee "upgrade_animer_hello.elf.size"
   text	   data	    bss	    dec	    hex	filename
  14640	    800	   3392	  18832	   4990	upgrade_animer_hello.elf
'Finished building: upgrade_animer_hello.elf.size'
' '
15:53:26 **** Incremental Build of configuration Debug for project upgrade_animer_hello ****
make all 
make: Nothing to be done for 'all'.
15:53:42 **** Auto Build of configuration Debug for project upgrade_animer_hello ****
make all 
'Building file: ../src/main.c'
'Invoking: MicroBlaze gcc compiler'
mb-gcc -Wall -O0 -g3 -c -fmessage-length=0 -MT"src/main.o" -I../../upgrade_animer_hello_bsp/microblaze_0/include -mlittle-endian -mcpu=v11.0 -mxl-soft-mul -Wl,--no-relax -ffunction-sections -fdata-sections -MMD -MP -MF"src/main.d" -MT"src/main.o" -o "src/main.o" "../src/main.c"
'Finished building: ../src/main.c'
' '
'Building target: upgrade_animer_hello.elf'
'Invoking: MicroBlaze gcc linker'
mb-gcc -Wl,-T -Wl,../src/lscript.ld -L../../upgrade_animer_hello_bsp/microblaze_0/lib -mlittle-endian -mcpu=v11.0 -mxl-soft-mul -Wl,--no-relax -Wl,--gc-sections -o "upgrade_animer_hello.elf"  ./src/main.o ./src/platform.o   -Wl,--start-group,-lxil,-lgcc,-lc,--end-group
'Finished building target: upgrade_animer_hello.elf'
' '
'Invoking: MicroBlaze Print Size'
mb-size upgrade_animer_hello.elf  |tee "upgrade_animer_hello.elf.size"
   text	   data	    bss	    dec	    hex	filename
  14640	    800	   3392	  18832	   4990	upgrade_animer_hello.elf
'Finished building: upgrade_animer_hello.elf.size'
' '
15:53:56 **** Incremental Build of configuration Debug for project upgrade_animer_hello ****
make all 
make: Nothing to be done for 'all'.
15:54:36 **** Auto Build of configuration Debug for project upgrade_animer_hello ****
make all 
'Building file: ../src/main.c'
'Invoking: MicroBlaze gcc compiler'
mb-gcc -Wall -O0 -g3 -c -fmessage-length=0 -MT"src/main.o" -I../../upgrade_animer_hello_bsp/microblaze_0/include -mlittle-endian -mcpu=v11.0 -mxl-soft-mul -Wl,--no-relax -ffunction-sections -fdata-sections -MMD -MP -MF"src/main.d" -MT"src/main.o" -o "src/main.o" "../src/main.c"
'Finished building: ../src/main.c'
' '
'Building target: upgrade_animer_hello.elf'
'Invoking: MicroBlaze gcc linker'
mb-gcc -Wl,-T -Wl,../src/lscript.ld -L../../upgrade_animer_hello_bsp/microblaze_0/lib -mlittle-endian -mcpu=v11.0 -mxl-soft-mul -Wl,--no-relax -Wl,--gc-sections -o "upgrade_animer_hello.elf"  ./src/main.o ./src/platform.o   -Wl,--start-group,-lxil,-lgcc,-lc,--end-group
'Finished building target: upgrade_animer_hello.elf'
' '
'Invoking: MicroBlaze Print Size'
mb-size upgrade_animer_hello.elf  |tee "upgrade_animer_hello.elf.size"
   text	   data	    bss	    dec	    hex	filename
  14640	    800	   3392	  18832	   4990	upgrade_animer_hello.elf
'Finished building: upgrade_animer_hello.elf.size'
' '
15:55:47 **** Auto Build of configuration Debug for project upgrade_animer_hello ****
make all 
'Building file: ../src/main.c'
'Invoking: MicroBlaze gcc compiler'
mb-gcc -Wall -O0 -g3 -c -fmessage-length=0 -MT"src/main.o" -I../../upgrade_animer_hello_bsp/microblaze_0/include -mlittle-endian -mcpu=v11.0 -mxl-soft-mul -Wl,--no-relax -ffunction-sections -fdata-sections -MMD -MP -MF"src/main.d" -MT"src/main.o" -o "src/main.o" "../src/main.c"
'Finished building: ../src/main.c'
' '
'Building target: upgrade_animer_hello.elf'
'Invoking: MicroBlaze gcc linker'
mb-gcc -Wl,-T -Wl,../src/lscript.ld -L../../upgrade_animer_hello_bsp/microblaze_0/lib -mlittle-endian -mcpu=v11.0 -mxl-soft-mul -Wl,--no-relax -Wl,--gc-sections -o "upgrade_animer_hello.elf"  ./src/main.o ./src/platform.o   -Wl,--start-group,-lxil,-lgcc,-lc,--end-group
'Finished building target: upgrade_animer_hello.elf'
' '
'Invoking: MicroBlaze Print Size'
mb-size upgrade_animer_hello.elf  |tee "upgrade_animer_hello.elf.size"
   text	   data	    bss	    dec	    hex	filename
  14640	    800	   3392	  18832	   4990	upgrade_animer_hello.elf
'Finished building: upgrade_animer_hello.elf.size'
' '
15:56:29 **** Auto Build of configuration Debug for project upgrade_animer_hello ****
make all 
'Building file: ../src/main.c'
'Invoking: MicroBlaze gcc compiler'
mb-gcc -Wall -O0 -g3 -c -fmessage-length=0 -MT"src/main.o" -I../../upgrade_animer_hello_bsp/microblaze_0/include -mlittle-endian -mcpu=v11.0 -mxl-soft-mul -Wl,--no-relax -ffunction-sections -fdata-sections -MMD -MP -MF"src/main.d" -MT"src/main.o" -o "src/main.o" "../src/main.c"
../src/main.c: In function 'animer_message':
../src/main.c:140:28: error: 'i' undeclared (first use in this function)
   int position = (sens==0)?i:12-i
                            ^
../src/main.c:140:28: note: each undeclared identifier is reported only once for each function it appears in
../src/main.c:141:4: error: expected ',' or ';' before 'afficher_hello'
    afficher_hello(position);
    ^~~~~~~~~~~~~~
../src/main.c:140:7: warning: unused variable 'position' [-Wunused-variable]
   int position = (sens==0)?i:12-i
       ^~~~~~~~
make: *** [src/subdir.mk:26: src/main.o] Error 1
15:57:19 **** Auto Build of configuration Debug for project upgrade_animer_hello ****
make all 
'Building file: ../src/main.c'
'Invoking: MicroBlaze gcc compiler'
mb-gcc -Wall -O0 -g3 -c -fmessage-length=0 -MT"src/main.o" -I../../upgrade_animer_hello_bsp/microblaze_0/include -mlittle-endian -mcpu=v11.0 -mxl-soft-mul -Wl,--no-relax -ffunction-sections -fdata-sections -MMD -MP -MF"src/main.d" -MT"src/main.o" -o "src/main.o" "../src/main.c"
'Finished building: ../src/main.c'
' '
'Building target: upgrade_animer_hello.elf'
'Invoking: MicroBlaze gcc linker'
mb-gcc -Wl,-T -Wl,../src/lscript.ld -L../../upgrade_animer_hello_bsp/microblaze_0/lib -mlittle-endian -mcpu=v11.0 -mxl-soft-mul -Wl,--no-relax -Wl,--gc-sections -o "upgrade_animer_hello.elf"  ./src/main.o ./src/platform.o   -Wl,--start-group,-lxil,-lgcc,-lc,--end-group
'Finished building target: upgrade_animer_hello.elf'
' '
'Invoking: MicroBlaze Print Size'
mb-size upgrade_animer_hello.elf  |tee "upgrade_animer_hello.elf.size"
   text	   data	    bss	    dec	    hex	filename
  14288	    800	   3392	  18480	   4830	upgrade_animer_hello.elf
'Finished building: upgrade_animer_hello.elf.size'
' '
15:57:28 **** Incremental Build of configuration Debug for project upgrade_animer_hello ****
make all 
make: Nothing to be done for 'all'.
15:58:50 **** Auto Build of configuration Debug for project upgrade_animer_hello ****
make all 
'Building file: ../src/main.c'
'Invoking: MicroBlaze gcc compiler'
mb-gcc -Wall -O0 -g3 -c -fmessage-length=0 -MT"src/main.o" -I../../upgrade_animer_hello_bsp/microblaze_0/include -mlittle-endian -mcpu=v11.0 -mxl-soft-mul -Wl,--no-relax -ffunction-sections -fdata-sections -MMD -MP -MF"src/main.d" -MT"src/main.o" -o "src/main.o" "../src/main.c"
../src/main.c: In function 'animer_message':
../src/main.c:139:8: warning: unused variable 'position' [-Wunused-variable]
    int position = (sens==0)?count%12:12-(count%12);
        ^~~~~~~~
'Finished building: ../src/main.c'
' '
'Building target: upgrade_animer_hello.elf'
'Invoking: MicroBlaze gcc linker'
mb-gcc -Wl,-T -Wl,../src/lscript.ld -L../../upgrade_animer_hello_bsp/microblaze_0/lib -mlittle-endian -mcpu=v11.0 -mxl-soft-mul -Wl,--no-relax -Wl,--gc-sections -o "upgrade_animer_hello.elf"  ./src/main.o ./src/platform.o   -Wl,--start-group,-lxil,-lgcc,-lc,--end-group
'Finished building target: upgrade_animer_hello.elf'
' '
'Invoking: MicroBlaze Print Size'
mb-size upgrade_animer_hello.elf  |tee "upgrade_animer_hello.elf.size"
   text	   data	    bss	    dec	    hex	filename
  14368	    800	   3392	  18560	   4880	upgrade_animer_hello.elf
'Finished building: upgrade_animer_hello.elf.size'
' '
15:59:00 **** Incremental Build of configuration Debug for project upgrade_animer_hello ****
make all 
make: Nothing to be done for 'all'.
15:59:10 **** Auto Build of configuration Debug for project upgrade_animer_hello ****
make all 
'Building file: ../src/main.c'
'Invoking: MicroBlaze gcc compiler'
mb-gcc -Wall -O0 -g3 -c -fmessage-length=0 -MT"src/main.o" -I../../upgrade_animer_hello_bsp/microblaze_0/include -mlittle-endian -mcpu=v11.0 -mxl-soft-mul -Wl,--no-relax -ffunction-sections -fdata-sections -MMD -MP -MF"src/main.d" -MT"src/main.o" -o "src/main.o" "../src/main.c"
../src/main.c: In function 'animer_message':
../src/main.c:139:8: warning: unused variable 'position' [-Wunused-variable]
    int position = (sens==0)?count%12:12-(count%12);
        ^~~~~~~~
'Finished building: ../src/main.c'
' '
'Building target: upgrade_animer_hello.elf'
'Invoking: MicroBlaze gcc linker'
mb-gcc -Wl,-T -Wl,../src/lscript.ld -L../../upgrade_animer_hello_bsp/microblaze_0/lib -mlittle-endian -mcpu=v11.0 -mxl-soft-mul -Wl,--no-relax -Wl,--gc-sections -o "upgrade_animer_hello.elf"  ./src/main.o ./src/platform.o   -Wl,--start-group,-lxil,-lgcc,-lc,--end-group
'Finished building target: upgrade_animer_hello.elf'
' '
'Invoking: MicroBlaze Print Size'
mb-size upgrade_animer_hello.elf  |tee "upgrade_animer_hello.elf.size"
   text	   data	    bss	    dec	    hex	filename
  14368	    800	   3392	  18560	   4880	upgrade_animer_hello.elf
'Finished building: upgrade_animer_hello.elf.size'
' '
15:59:16 **** Incremental Build of configuration Debug for project upgrade_animer_hello ****
make all 
make: Nothing to be done for 'all'.
16:00:14 **** Auto Build of configuration Debug for project upgrade_animer_hello ****
make all 
'Building file: ../src/main.c'
'Invoking: MicroBlaze gcc compiler'
mb-gcc -Wall -O0 -g3 -c -fmessage-length=0 -MT"src/main.o" -I../../upgrade_animer_hello_bsp/microblaze_0/include -mlittle-endian -mcpu=v11.0 -mxl-soft-mul -Wl,--no-relax -ffunction-sections -fdata-sections -MMD -MP -MF"src/main.d" -MT"src/main.o" -o "src/main.o" "../src/main.c"
'Finished building: ../src/main.c'
' '
'Building target: upgrade_animer_hello.elf'
'Invoking: MicroBlaze gcc linker'
mb-gcc -Wl,-T -Wl,../src/lscript.ld -L../../upgrade_animer_hello_bsp/microblaze_0/lib -mlittle-endian -mcpu=v11.0 -mxl-soft-mul -Wl,--no-relax -Wl,--gc-sections -o "upgrade_animer_hello.elf"  ./src/main.o ./src/platform.o   -Wl,--start-group,-lxil,-lgcc,-lc,--end-group
'Finished building target: upgrade_animer_hello.elf'
' '
'Invoking: MicroBlaze Print Size'
mb-size upgrade_animer_hello.elf  |tee "upgrade_animer_hello.elf.size"
   text	   data	    bss	    dec	    hex	filename
  14360	    800	   3392	  18552	   4878	upgrade_animer_hello.elf
'Finished building: upgrade_animer_hello.elf.size'
' '
16:00:21 **** Auto Build of configuration Debug for project upgrade_animer_hello ****
make all 
'Building file: ../src/main.c'
'Invoking: MicroBlaze gcc compiler'
mb-gcc -Wall -O0 -g3 -c -fmessage-length=0 -MT"src/main.o" -I../../upgrade_animer_hello_bsp/microblaze_0/include -mlittle-endian -mcpu=v11.0 -mxl-soft-mul -Wl,--no-relax -ffunction-sections -fdata-sections -MMD -MP -MF"src/main.d" -MT"src/main.o" -o "src/main.o" "../src/main.c"
'Finished building: ../src/main.c'
' '
'Building target: upgrade_animer_hello.elf'
'Invoking: MicroBlaze gcc linker'
mb-gcc -Wl,-T -Wl,../src/lscript.ld -L../../upgrade_animer_hello_bsp/microblaze_0/lib -mlittle-endian -mcpu=v11.0 -mxl-soft-mul -Wl,--no-relax -Wl,--gc-sections -o "upgrade_animer_hello.elf"  ./src/main.o ./src/platform.o   -Wl,--start-group,-lxil,-lgcc,-lc,--end-group
'Finished building target: upgrade_animer_hello.elf'
' '
'Invoking: MicroBlaze Print Size'
mb-size upgrade_animer_hello.elf  |tee "upgrade_animer_hello.elf.size"
   text	   data	    bss	    dec	    hex	filename
  14360	    800	   3392	  18552	   4878	upgrade_animer_hello.elf
'Finished building: upgrade_animer_hello.elf.size'
' '
16:00:29 **** Incremental Build of configuration Debug for project upgrade_animer_hello ****
make all 
make: Nothing to be done for 'all'.
16:01:02 **** Auto Build of configuration Debug for project upgrade_animer_hello ****
make all 
'Building file: ../src/main.c'
'Invoking: MicroBlaze gcc compiler'
mb-gcc -Wall -O0 -g3 -c -fmessage-length=0 -MT"src/main.o" -I../../upgrade_animer_hello_bsp/microblaze_0/include -mlittle-endian -mcpu=v11.0 -mxl-soft-mul -Wl,--no-relax -ffunction-sections -fdata-sections -MMD -MP -MF"src/main.d" -MT"src/main.o" -o "src/main.o" "../src/main.c"
'Finished building: ../src/main.c'
' '
'Building target: upgrade_animer_hello.elf'
'Invoking: MicroBlaze gcc linker'
mb-gcc -Wl,-T -Wl,../src/lscript.ld -L../../upgrade_animer_hello_bsp/microblaze_0/lib -mlittle-endian -mcpu=v11.0 -mxl-soft-mul -Wl,--no-relax -Wl,--gc-sections -o "upgrade_animer_hello.elf"  ./src/main.o ./src/platform.o   -Wl,--start-group,-lxil,-lgcc,-lc,--end-group
'Finished building target: upgrade_animer_hello.elf'
' '
'Invoking: MicroBlaze Print Size'
mb-size upgrade_animer_hello.elf  |tee "upgrade_animer_hello.elf.size"
   text	   data	    bss	    dec	    hex	filename
  14360	    800	   3392	  18552	   4878	upgrade_animer_hello.elf
'Finished building: upgrade_animer_hello.elf.size'
' '
16:01:18 **** Auto Build of configuration Debug for project upgrade_animer_hello ****
make all 
'Building file: ../src/main.c'
'Invoking: MicroBlaze gcc compiler'
mb-gcc -Wall -O0 -g3 -c -fmessage-length=0 -MT"src/main.o" -I../../upgrade_animer_hello_bsp/microblaze_0/include -mlittle-endian -mcpu=v11.0 -mxl-soft-mul -Wl,--no-relax -ffunction-sections -fdata-sections -MMD -MP -MF"src/main.d" -MT"src/main.o" -o "src/main.o" "../src/main.c"
'Finished building: ../src/main.c'
' '
'Building target: upgrade_animer_hello.elf'
'Invoking: MicroBlaze gcc linker'
mb-gcc -Wl,-T -Wl,../src/lscript.ld -L../../upgrade_animer_hello_bsp/microblaze_0/lib -mlittle-endian -mcpu=v11.0 -mxl-soft-mul -Wl,--no-relax -Wl,--gc-sections -o "upgrade_animer_hello.elf"  ./src/main.o ./src/platform.o   -Wl,--start-group,-lxil,-lgcc,-lc,--end-group
'Finished building target: upgrade_animer_hello.elf'
' '
'Invoking: MicroBlaze Print Size'
mb-size upgrade_animer_hello.elf  |tee "upgrade_animer_hello.elf.size"
   text	   data	    bss	    dec	    hex	filename
  14360	    800	   3392	  18552	   4878	upgrade_animer_hello.elf
'Finished building: upgrade_animer_hello.elf.size'
' '
16:01:23 **** Auto Build of configuration Debug for project upgrade_animer_hello ****
make all 
'Building file: ../src/main.c'
'Invoking: MicroBlaze gcc compiler'
mb-gcc -Wall -O0 -g3 -c -fmessage-length=0 -MT"src/main.o" -I../../upgrade_animer_hello_bsp/microblaze_0/include -mlittle-endian -mcpu=v11.0 -mxl-soft-mul -Wl,--no-relax -ffunction-sections -fdata-sections -MMD -MP -MF"src/main.d" -MT"src/main.o" -o "src/main.o" "../src/main.c"
'Finished building: ../src/main.c'
' '
'Building target: upgrade_animer_hello.elf'
'Invoking: MicroBlaze gcc linker'
mb-gcc -Wl,-T -Wl,../src/lscript.ld -L../../upgrade_animer_hello_bsp/microblaze_0/lib -mlittle-endian -mcpu=v11.0 -mxl-soft-mul -Wl,--no-relax -Wl,--gc-sections -o "upgrade_animer_hello.elf"  ./src/main.o ./src/platform.o   -Wl,--start-group,-lxil,-lgcc,-lc,--end-group
'Finished building target: upgrade_animer_hello.elf'
' '
'Invoking: MicroBlaze Print Size'
mb-size upgrade_animer_hello.elf  |tee "upgrade_animer_hello.elf.size"
   text	   data	    bss	    dec	    hex	filename
  14360	    800	   3392	  18552	   4878	upgrade_animer_hello.elf
'Finished building: upgrade_animer_hello.elf.size'
' '
16:03:54 **** Auto Build of configuration Debug for project upgrade_animer_hello ****
make all 
'Building file: ../src/main.c'
'Invoking: MicroBlaze gcc compiler'
mb-gcc -Wall -O0 -g3 -c -fmessage-length=0 -MT"src/main.o" -I../../upgrade_animer_hello_bsp/microblaze_0/include -mlittle-endian -mcpu=v11.0 -mxl-soft-mul -Wl,--no-relax -ffunction-sections -fdata-sections -MMD -MP -MF"src/main.d" -MT"src/main.o" -o "src/main.o" "../src/main.c"
../src/main.c: In function 'update_speed':
../src/main.c:145:11: warning: unused variable 'i' [-Wunused-variable]
  uint32_t i = XGpio_DiscreteRead(&switches,2);
           ^
'Finished building: ../src/main.c'
' '
'Building target: upgrade_animer_hello.elf'
'Invoking: MicroBlaze gcc linker'
mb-gcc -Wl,-T -Wl,../src/lscript.ld -L../../upgrade_animer_hello_bsp/microblaze_0/lib -mlittle-endian -mcpu=v11.0 -mxl-soft-mul -Wl,--no-relax -Wl,--gc-sections -o "upgrade_animer_hello.elf"  ./src/main.o ./src/platform.o   -Wl,--start-group,-lxil,-lgcc,-lc,--end-group
'Finished building target: upgrade_animer_hello.elf'
' '
'Invoking: MicroBlaze Print Size'
mb-size upgrade_animer_hello.elf  |tee "upgrade_animer_hello.elf.size"
   text	   data	    bss	    dec	    hex	filename
  14360	    800	   3392	  18552	   4878	upgrade_animer_hello.elf
'Finished building: upgrade_animer_hello.elf.size'
' '
16:04:01 **** Auto Build of configuration Debug for project upgrade_animer_hello ****
make all 
'Building file: ../src/main.c'
'Invoking: MicroBlaze gcc compiler'
mb-gcc -Wall -O0 -g3 -c -fmessage-length=0 -MT"src/main.o" -I../../upgrade_animer_hello_bsp/microblaze_0/include -mlittle-endian -mcpu=v11.0 -mxl-soft-mul -Wl,--no-relax -ffunction-sections -fdata-sections -MMD -MP -MF"src/main.d" -MT"src/main.o" -o "src/main.o" "../src/main.c"
../src/main.c: In function 'update_speed':
../src/main.c:145:11: warning: unused variable 'i' [-Wunused-variable]
  uint32_t i = XGpio_DiscreteRead(&switches,2);
           ^
'Finished building: ../src/main.c'
' '
'Building target: upgrade_animer_hello.elf'
'Invoking: MicroBlaze gcc linker'
mb-gcc -Wl,-T -Wl,../src/lscript.ld -L../../upgrade_animer_hello_bsp/microblaze_0/lib -mlittle-endian -mcpu=v11.0 -mxl-soft-mul -Wl,--no-relax -Wl,--gc-sections -o "upgrade_animer_hello.elf"  ./src/main.o ./src/platform.o   -Wl,--start-group,-lxil,-lgcc,-lc,--end-group
'Finished building target: upgrade_animer_hello.elf'
' '
'Invoking: MicroBlaze Print Size'
mb-size upgrade_animer_hello.elf  |tee "upgrade_animer_hello.elf.size"
   text	   data	    bss	    dec	    hex	filename
  14360	    800	   3392	  18552	   4878	upgrade_animer_hello.elf
'Finished building: upgrade_animer_hello.elf.size'
' '
16:04:05 **** Auto Build of configuration Debug for project upgrade_animer_hello ****
make all 
'Building file: ../src/main.c'
'Invoking: MicroBlaze gcc compiler'
mb-gcc -Wall -O0 -g3 -c -fmessage-length=0 -MT"src/main.o" -I../../upgrade_animer_hello_bsp/microblaze_0/include -mlittle-endian -mcpu=v11.0 -mxl-soft-mul -Wl,--no-relax -ffunction-sections -fdata-sections -MMD -MP -MF"src/main.d" -MT"src/main.o" -o "src/main.o" "../src/main.c"
../src/main.c: In function 'update_speed':
../src/main.c:145:11: warning: unused variable 'i' [-Wunused-variable]
  uint32_t i = XGpio_DiscreteRead(&switches,2);
           ^
'Finished building: ../src/main.c'
' '
'Building target: upgrade_animer_hello.elf'
'Invoking: MicroBlaze gcc linker'
mb-gcc -Wl,-T -Wl,../src/lscript.ld -L../../upgrade_animer_hello_bsp/microblaze_0/lib -mlittle-endian -mcpu=v11.0 -mxl-soft-mul -Wl,--no-relax -Wl,--gc-sections -o "upgrade_animer_hello.elf"  ./src/main.o ./src/platform.o   -Wl,--start-group,-lxil,-lgcc,-lc,--end-group
'Finished building target: upgrade_animer_hello.elf'
' '
'Invoking: MicroBlaze Print Size'
mb-size upgrade_animer_hello.elf  |tee "upgrade_animer_hello.elf.size"
   text	   data	    bss	    dec	    hex	filename
  14360	    800	   3392	  18552	   4878	upgrade_animer_hello.elf
'Finished building: upgrade_animer_hello.elf.size'
' '
16:05:05 **** Auto Build of configuration Debug for project upgrade_animer_hello ****
make all 
'Building file: ../src/main.c'
'Invoking: MicroBlaze gcc compiler'
mb-gcc -Wall -O0 -g3 -c -fmessage-length=0 -MT"src/main.o" -I../../upgrade_animer_hello_bsp/microblaze_0/include -mlittle-endian -mcpu=v11.0 -mxl-soft-mul -Wl,--no-relax -ffunction-sections -fdata-sections -MMD -MP -MF"src/main.d" -MT"src/main.o" -o "src/main.o" "../src/main.c"
../src/main.c: In function 'update_speed':
../src/main.c:145:11: warning: unused variable 'i' [-Wunused-variable]
  uint32_t i = XGpio_DiscreteRead(&switches,2);
           ^
'Finished building: ../src/main.c'
' '
'Building target: upgrade_animer_hello.elf'
'Invoking: MicroBlaze gcc linker'
mb-gcc -Wl,-T -Wl,../src/lscript.ld -L../../upgrade_animer_hello_bsp/microblaze_0/lib -mlittle-endian -mcpu=v11.0 -mxl-soft-mul -Wl,--no-relax -Wl,--gc-sections -o "upgrade_animer_hello.elf"  ./src/main.o ./src/platform.o   -Wl,--start-group,-lxil,-lgcc,-lc,--end-group
'Finished building target: upgrade_animer_hello.elf'
' '
'Invoking: MicroBlaze Print Size'
mb-size upgrade_animer_hello.elf  |tee "upgrade_animer_hello.elf.size"
   text	   data	    bss	    dec	    hex	filename
  14360	    800	   3392	  18552	   4878	upgrade_animer_hello.elf
'Finished building: upgrade_animer_hello.elf.size'
' '
16:05:33 **** Auto Build of configuration Debug for project upgrade_animer_hello ****
make all 
'Building file: ../src/main.c'
'Invoking: MicroBlaze gcc compiler'
mb-gcc -Wall -O0 -g3 -c -fmessage-length=0 -MT"src/main.o" -I../../upgrade_animer_hello_bsp/microblaze_0/include -mlittle-endian -mcpu=v11.0 -mxl-soft-mul -Wl,--no-relax -ffunction-sections -fdata-sections -MMD -MP -MF"src/main.d" -MT"src/main.o" -o "src/main.o" "../src/main.c"
../src/main.c: In function 'update_speed':
../src/main.c:146:11: warning: unused variable 'divider' [-Wunused-variable]
  uint32_t divider = i & 0xf;
           ^~~~~~~
'Finished building: ../src/main.c'
' '
'Building target: upgrade_animer_hello.elf'
'Invoking: MicroBlaze gcc linker'
mb-gcc -Wl,-T -Wl,../src/lscript.ld -L../../upgrade_animer_hello_bsp/microblaze_0/lib -mlittle-endian -mcpu=v11.0 -mxl-soft-mul -Wl,--no-relax -Wl,--gc-sections -o "upgrade_animer_hello.elf"  ./src/main.o ./src/platform.o   -Wl,--start-group,-lxil,-lgcc,-lc,--end-group
'Finished building target: upgrade_animer_hello.elf'
' '
'Invoking: MicroBlaze Print Size'
mb-size upgrade_animer_hello.elf  |tee "upgrade_animer_hello.elf.size"
   text	   data	    bss	    dec	    hex	filename
  14360	    800	   3392	  18552	   4878	upgrade_animer_hello.elf
'Finished building: upgrade_animer_hello.elf.size'
' '
16:06:23 **** Auto Build of configuration Debug for project upgrade_animer_hello ****
make all 
'Building file: ../src/main.c'
'Invoking: MicroBlaze gcc compiler'
mb-gcc -Wall -O0 -g3 -c -fmessage-length=0 -MT"src/main.o" -I../../upgrade_animer_hello_bsp/microblaze_0/include -mlittle-endian -mcpu=v11.0 -mxl-soft-mul -Wl,--no-relax -ffunction-sections -fdata-sections -MMD -MP -MF"src/main.d" -MT"src/main.o" -o "src/main.o" "../src/main.c"
../src/main.c: In function 'update_speed':
../src/main.c:146:5: error: expected '(' before 'i'
  if i == 0;
     ^
     (
../src/main.c:146:5: warning: statement with no effect [-Wunused-value]
../src/main.c:148:11: warning: unused variable 'divider' [-Wunused-variable]
  uint32_t divider = i & 0xf;
           ^~~~~~~
make: *** [src/subdir.mk:26: src/main.o] Error 1
16:06:31 **** Auto Build of configuration Debug for project upgrade_animer_hello ****
make all 
'Building file: ../src/main.c'
'Invoking: MicroBlaze gcc compiler'
mb-gcc -Wall -O0 -g3 -c -fmessage-length=0 -MT"src/main.o" -I../../upgrade_animer_hello_bsp/microblaze_0/include -mlittle-endian -mcpu=v11.0 -mxl-soft-mul -Wl,--no-relax -ffunction-sections -fdata-sections -MMD -MP -MF"src/main.d" -MT"src/main.o" -o "src/main.o" "../src/main.c"
../src/main.c: In function 'update_speed':
../src/main.c:146:2: warning: this 'if' clause does not guard... [-Wmisleading-indentation]
  if (i == 0);
  ^~
../src/main.c:147:3: note: ...this statement, but the latter is misleadingly indented as if it were guarded by the 'if'
   i =1;
   ^
../src/main.c:148:11: warning: unused variable 'divider' [-Wunused-variable]
  uint32_t divider = i & 0xf;
           ^~~~~~~
'Finished building: ../src/main.c'
' '
'Building target: upgrade_animer_hello.elf'
'Invoking: MicroBlaze gcc linker'
mb-gcc -Wl,-T -Wl,../src/lscript.ld -L../../upgrade_animer_hello_bsp/microblaze_0/lib -mlittle-endian -mcpu=v11.0 -mxl-soft-mul -Wl,--no-relax -Wl,--gc-sections -o "upgrade_animer_hello.elf"  ./src/main.o ./src/platform.o   -Wl,--start-group,-lxil,-lgcc,-lc,--end-group
'Finished building target: upgrade_animer_hello.elf'
' '
'Invoking: MicroBlaze Print Size'
mb-size upgrade_animer_hello.elf  |tee "upgrade_animer_hello.elf.size"
   text	   data	    bss	    dec	    hex	filename
  14360	    800	   3392	  18552	   4878	upgrade_animer_hello.elf
'Finished building: upgrade_animer_hello.elf.size'
' '
16:06:34 **** Auto Build of configuration Debug for project upgrade_animer_hello ****
make all 
'Building file: ../src/main.c'
'Invoking: MicroBlaze gcc compiler'
mb-gcc -Wall -O0 -g3 -c -fmessage-length=0 -MT"src/main.o" -I../../upgrade_animer_hello_bsp/microblaze_0/include -mlittle-endian -mcpu=v11.0 -mxl-soft-mul -Wl,--no-relax -ffunction-sections -fdata-sections -MMD -MP -MF"src/main.d" -MT"src/main.o" -o "src/main.o" "../src/main.c"
../src/main.c: In function 'update_speed':
../src/main.c:146:2: warning: this 'if' clause does not guard... [-Wmisleading-indentation]
  if (i == 0);
  ^~
../src/main.c:147:3: note: ...this statement, but the latter is misleadingly indented as if it were guarded by the 'if'
   i = 1;
   ^
../src/main.c:148:11: warning: unused variable 'divider' [-Wunused-variable]
  uint32_t divider = i & 0xf;
           ^~~~~~~
'Finished building: ../src/main.c'
' '
'Building target: upgrade_animer_hello.elf'
'Invoking: MicroBlaze gcc linker'
mb-gcc -Wl,-T -Wl,../src/lscript.ld -L../../upgrade_animer_hello_bsp/microblaze_0/lib -mlittle-endian -mcpu=v11.0 -mxl-soft-mul -Wl,--no-relax -Wl,--gc-sections -o "upgrade_animer_hello.elf"  ./src/main.o ./src/platform.o   -Wl,--start-group,-lxil,-lgcc,-lc,--end-group
'Finished building target: upgrade_animer_hello.elf'
' '
'Invoking: MicroBlaze Print Size'
mb-size upgrade_animer_hello.elf  |tee "upgrade_animer_hello.elf.size"
   text	   data	    bss	    dec	    hex	filename
  14360	    800	   3392	  18552	   4878	upgrade_animer_hello.elf
'Finished building: upgrade_animer_hello.elf.size'
' '
16:06:48 **** Auto Build of configuration Debug for project upgrade_animer_hello ****
make all 
'Building file: ../src/main.c'
'Invoking: MicroBlaze gcc compiler'
mb-gcc -Wall -O0 -g3 -c -fmessage-length=0 -MT"src/main.o" -I../../upgrade_animer_hello_bsp/microblaze_0/include -mlittle-endian -mcpu=v11.0 -mxl-soft-mul -Wl,--no-relax -ffunction-sections -fdata-sections -MMD -MP -MF"src/main.d" -MT"src/main.o" -o "src/main.o" "../src/main.c"
../src/main.c: In function 'update_speed':
../src/main.c:149:11: warning: unused variable 'divider' [-Wunused-variable]
  uint32_t divider = i & 0xf;
           ^~~~~~~
'Finished building: ../src/main.c'
' '
'Building target: upgrade_animer_hello.elf'
'Invoking: MicroBlaze gcc linker'
mb-gcc -Wl,-T -Wl,../src/lscript.ld -L../../upgrade_animer_hello_bsp/microblaze_0/lib -mlittle-endian -mcpu=v11.0 -mxl-soft-mul -Wl,--no-relax -Wl,--gc-sections -o "upgrade_animer_hello.elf"  ./src/main.o ./src/platform.o   -Wl,--start-group,-lxil,-lgcc,-lc,--end-group
'Finished building target: upgrade_animer_hello.elf'
' '
'Invoking: MicroBlaze Print Size'
mb-size upgrade_animer_hello.elf  |tee "upgrade_animer_hello.elf.size"
   text	   data	    bss	    dec	    hex	filename
  14360	    800	   3392	  18552	   4878	upgrade_animer_hello.elf
'Finished building: upgrade_animer_hello.elf.size'
' '
16:07:44 **** Auto Build of configuration Debug for project upgrade_animer_hello ****
make all 
'Building file: ../src/main.c'
'Invoking: MicroBlaze gcc compiler'
mb-gcc -Wall -O0 -g3 -c -fmessage-length=0 -MT"src/main.o" -I../../upgrade_animer_hello_bsp/microblaze_0/include -mlittle-endian -mcpu=v11.0 -mxl-soft-mul -Wl,--no-relax -ffunction-sections -fdata-sections -MMD -MP -MF"src/main.d" -MT"src/main.o" -o "src/main.o" "../src/main.c"
../src/main.c:76:18: error: expected declaration specifiers or '...' before numeric constant
 int reset_value (100000000/speed_divider);
                  ^~~~~~~~~
../src/main.c: In function 'init_timer':
../src/main.c:102:48: error: 'RESET_VALUE' undeclared (first use in this function)
  XTmrCtr_SetResetValue(&TimerInst, TIMER_CNTR, RESET_VALUE);
                                                ^~~~~~~~~~~
../src/main.c:102:48: note: each undeclared identifier is reported only once for each function it appears in
../src/main.c: In function 'update_speed':
../src/main.c:150:11: warning: unused variable 'divider' [-Wunused-variable]
  uint32_t divider = i & 0xf;
           ^~~~~~~
make: *** [src/subdir.mk:26: src/main.o] Error 1
16:07:53 **** Auto Build of configuration Debug for project upgrade_animer_hello ****
make all 
'Building file: ../src/main.c'
'Invoking: MicroBlaze gcc compiler'
mb-gcc -Wall -O0 -g3 -c -fmessage-length=0 -MT"src/main.o" -I../../upgrade_animer_hello_bsp/microblaze_0/include -mlittle-endian -mcpu=v11.0 -mxl-soft-mul -Wl,--no-relax -ffunction-sections -fdata-sections -MMD -MP -MF"src/main.d" -MT"src/main.o" -o "src/main.o" "../src/main.c"
../src/main.c:76:19: error: initializer element is not constant
 int reset_value = (100000000/speed_divider);
                   ^
../src/main.c: In function 'init_timer':
../src/main.c:102:48: error: 'RESET_VALUE' undeclared (first use in this function)
  XTmrCtr_SetResetValue(&TimerInst, TIMER_CNTR, RESET_VALUE);
                                                ^~~~~~~~~~~
../src/main.c:102:48: note: each undeclared identifier is reported only once for each function it appears in
../src/main.c: In function 'update_speed':
../src/main.c:150:11: warning: unused variable 'divider' [-Wunused-variable]
  uint32_t divider = i & 0xf;
           ^~~~~~~
make: *** [src/subdir.mk:26: src/main.o] Error 1
16:08:29 **** Auto Build of configuration Debug for project upgrade_animer_hello ****
make all 
'Building file: ../src/main.c'
'Invoking: MicroBlaze gcc compiler'
mb-gcc -Wall -O0 -g3 -c -fmessage-length=0 -MT"src/main.o" -I../../upgrade_animer_hello_bsp/microblaze_0/include -mlittle-endian -mcpu=v11.0 -mxl-soft-mul -Wl,--no-relax -ffunction-sections -fdata-sections -MMD -MP -MF"src/main.d" -MT"src/main.o" -o "src/main.o" "../src/main.c"
../src/main.c:76:19: error: initializer element is not constant
 int reset_value = (100000000/speed_divider);
                   ^
../src/main.c: In function 'update_speed':
../src/main.c:150:11: warning: unused variable 'divider' [-Wunused-variable]
  uint32_t divider = i & 0xf;
           ^~~~~~~
make: *** [src/subdir.mk:26: src/main.o] Error 1
16:08:57 **** Auto Build of configuration Debug for project upgrade_animer_hello ****
make all 
'Building file: ../src/main.c'
'Invoking: MicroBlaze gcc compiler'
mb-gcc -Wall -O0 -g3 -c -fmessage-length=0 -MT"src/main.o" -I../../upgrade_animer_hello_bsp/microblaze_0/include -mlittle-endian -mcpu=v11.0 -mxl-soft-mul -Wl,--no-relax -ffunction-sections -fdata-sections -MMD -MP -MF"src/main.d" -MT"src/main.o" -o "src/main.o" "../src/main.c"
../src/main.c:78:1: error: expected ',' or ';' before 'int'
 int message_in_hex[12] = {0xff, 0x89, 0x86, 0xc7, 0xc7, 0xc0, 0xff, 0xa4, 0xc0, 0xa4, 0x92, 0xff};
 ^~~
../src/main.c: In function 'afficher_hello':
../src/main.c:133:36: error: 'message_in_hex' undeclared (first use in this function)
   XGpio_DiscreteWrite(&seg_disp, 2,message_in_hex[(position+j)%12]);
                                    ^~~~~~~~~~~~~~
../src/main.c:133:36: note: each undeclared identifier is reported only once for each function it appears in
../src/main.c: In function 'update_speed':
../src/main.c:150:11: warning: unused variable 'divider' [-Wunused-variable]
  uint32_t divider = i & 0xf;
           ^~~~~~~
make: *** [src/subdir.mk:26: src/main.o] Error 1
16:09:01 **** Auto Build of configuration Debug for project upgrade_animer_hello ****
make all 
'Building file: ../src/main.c'
'Invoking: MicroBlaze gcc compiler'
mb-gcc -Wall -O0 -g3 -c -fmessage-length=0 -MT"src/main.o" -I../../upgrade_animer_hello_bsp/microblaze_0/include -mlittle-endian -mcpu=v11.0 -mxl-soft-mul -Wl,--no-relax -ffunction-sections -fdata-sections -MMD -MP -MF"src/main.d" -MT"src/main.o" -o "src/main.o" "../src/main.c"
../src/main.c: In function 'update_speed':
../src/main.c:150:11: warning: unused variable 'divider' [-Wunused-variable]
  uint32_t divider = i & 0xf;
           ^~~~~~~
'Finished building: ../src/main.c'
' '
'Building target: upgrade_animer_hello.elf'
'Invoking: MicroBlaze gcc linker'
mb-gcc -Wl,-T -Wl,../src/lscript.ld -L../../upgrade_animer_hello_bsp/microblaze_0/lib -mlittle-endian -mcpu=v11.0 -mxl-soft-mul -Wl,--no-relax -Wl,--gc-sections -o "upgrade_animer_hello.elf"  ./src/main.o ./src/platform.o   -Wl,--start-group,-lxil,-lgcc,-lc,--end-group
'Finished building target: upgrade_animer_hello.elf'
' '
'Invoking: MicroBlaze Print Size'
mb-size upgrade_animer_hello.elf  |tee "upgrade_animer_hello.elf.size"
   text	   data	    bss	    dec	    hex	filename
  14548	    808	   3396	  18752	   4940	upgrade_animer_hello.elf
'Finished building: upgrade_animer_hello.elf.size'
' '
16:09:12 **** Auto Build of configuration Debug for project upgrade_animer_hello ****
make all 
'Building file: ../src/main.c'
'Invoking: MicroBlaze gcc compiler'
mb-gcc -Wall -O0 -g3 -c -fmessage-length=0 -MT"src/main.o" -I../../upgrade_animer_hello_bsp/microblaze_0/include -mlittle-endian -mcpu=v11.0 -mxl-soft-mul -Wl,--no-relax -ffunction-sections -fdata-sections -MMD -MP -MF"src/main.d" -MT"src/main.o" -o "src/main.o" "../src/main.c"
'Finished building: ../src/main.c'
' '
'Building target: upgrade_animer_hello.elf'
'Invoking: MicroBlaze gcc linker'
mb-gcc -Wl,-T -Wl,../src/lscript.ld -L../../upgrade_animer_hello_bsp/microblaze_0/lib -mlittle-endian -mcpu=v11.0 -mxl-soft-mul -Wl,--no-relax -Wl,--gc-sections -o "upgrade_animer_hello.elf"  ./src/main.o ./src/platform.o   -Wl,--start-group,-lxil,-lgcc,-lc,--end-group
'Finished building target: upgrade_animer_hello.elf'
' '
'Invoking: MicroBlaze Print Size'
mb-size upgrade_animer_hello.elf  |tee "upgrade_animer_hello.elf.size"
   text	   data	    bss	    dec	    hex	filename
  14548	    808	   3396	  18752	   4940	upgrade_animer_hello.elf
'Finished building: upgrade_animer_hello.elf.size'
' '
16:09:34 **** Auto Build of configuration Debug for project upgrade_animer_hello ****
make all 
'Building file: ../src/main.c'
'Invoking: MicroBlaze gcc compiler'
mb-gcc -Wall -O0 -g3 -c -fmessage-length=0 -MT"src/main.o" -I../../upgrade_animer_hello_bsp/microblaze_0/include -mlittle-endian -mcpu=v11.0 -mxl-soft-mul -Wl,--no-relax -ffunction-sections -fdata-sections -MMD -MP -MF"src/main.d" -MT"src/main.o" -o "src/main.o" "../src/main.c"
'Finished building: ../src/main.c'
' '
'Building target: upgrade_animer_hello.elf'
'Invoking: MicroBlaze gcc linker'
mb-gcc -Wl,-T -Wl,../src/lscript.ld -L../../upgrade_animer_hello_bsp/microblaze_0/lib -mlittle-endian -mcpu=v11.0 -mxl-soft-mul -Wl,--no-relax -Wl,--gc-sections -o "upgrade_animer_hello.elf"  ./src/main.o ./src/platform.o   -Wl,--start-group,-lxil,-lgcc,-lc,--end-group
'Finished building target: upgrade_animer_hello.elf'
' '
'Invoking: MicroBlaze Print Size'
mb-size upgrade_animer_hello.elf  |tee "upgrade_animer_hello.elf.size"
   text	   data	    bss	    dec	    hex	filename
  14924	    808	   3396	  19128	   4ab8	upgrade_animer_hello.elf
'Finished building: upgrade_animer_hello.elf.size'
' '
16:10:09 **** Auto Build of configuration Debug for project upgrade_animer_hello ****
make all 
'Building file: ../src/main.c'
'Invoking: MicroBlaze gcc compiler'
mb-gcc -Wall -O0 -g3 -c -fmessage-length=0 -MT"src/main.o" -I../../upgrade_animer_hello_bsp/microblaze_0/include -mlittle-endian -mcpu=v11.0 -mxl-soft-mul -Wl,--no-relax -ffunction-sections -fdata-sections -MMD -MP -MF"src/main.d" -MT"src/main.o" -o "src/main.o" "../src/main.c"
'Finished building: ../src/main.c'
' '
'Building target: upgrade_animer_hello.elf'
'Invoking: MicroBlaze gcc linker'
mb-gcc -Wl,-T -Wl,../src/lscript.ld -L../../upgrade_animer_hello_bsp/microblaze_0/lib -mlittle-endian -mcpu=v11.0 -mxl-soft-mul -Wl,--no-relax -Wl,--gc-sections -o "upgrade_animer_hello.elf"  ./src/main.o ./src/platform.o   -Wl,--start-group,-lxil,-lgcc,-lc,--end-group
'Finished building target: upgrade_animer_hello.elf'
' '
'Invoking: MicroBlaze Print Size'
mb-size upgrade_animer_hello.elf  |tee "upgrade_animer_hello.elf.size"
   text	   data	    bss	    dec	    hex	filename
  14988	    808	   3396	  19192	   4af8	upgrade_animer_hello.elf
'Finished building: upgrade_animer_hello.elf.size'
' '
16:10:37 **** Auto Build of configuration Debug for project upgrade_animer_hello ****
make all 
'Building file: ../src/main.c'
'Invoking: MicroBlaze gcc compiler'
mb-gcc -Wall -O0 -g3 -c -fmessage-length=0 -MT"src/main.o" -I../../upgrade_animer_hello_bsp/microblaze_0/include -mlittle-endian -mcpu=v11.0 -mxl-soft-mul -Wl,--no-relax -ffunction-sections -fdata-sections -MMD -MP -MF"src/main.d" -MT"src/main.o" -o "src/main.o" "../src/main.c"
'Finished building: ../src/main.c'
' '
'Building target: upgrade_animer_hello.elf'
'Invoking: MicroBlaze gcc linker'
mb-gcc -Wl,-T -Wl,../src/lscript.ld -L../../upgrade_animer_hello_bsp/microblaze_0/lib -mlittle-endian -mcpu=v11.0 -mxl-soft-mul -Wl,--no-relax -Wl,--gc-sections -o "upgrade_animer_hello.elf"  ./src/main.o ./src/platform.o   -Wl,--start-group,-lxil,-lgcc,-lc,--end-group
'Finished building target: upgrade_animer_hello.elf'
' '
'Invoking: MicroBlaze Print Size'
mb-size upgrade_animer_hello.elf  |tee "upgrade_animer_hello.elf.size"
   text	   data	    bss	    dec	    hex	filename
  14976	    808	   3392	  19176	   4ae8	upgrade_animer_hello.elf
'Finished building: upgrade_animer_hello.elf.size'
' '
16:10:46 **** Incremental Build of configuration Debug for project upgrade_animer_hello ****
make all 
make: Nothing to be done for 'all'.
16:12:30 **** Auto Build of configuration Debug for project upgrade_animer_hello ****
make all 
'Building file: ../src/main.c'
'Invoking: MicroBlaze gcc compiler'
mb-gcc -Wall -O0 -g3 -c -fmessage-length=0 -MT"src/main.o" -I../../upgrade_animer_hello_bsp/microblaze_0/include -mlittle-endian -mcpu=v11.0 -mxl-soft-mul -Wl,--no-relax -ffunction-sections -fdata-sections -MMD -MP -MF"src/main.d" -MT"src/main.o" -o "src/main.o" "../src/main.c"
'Finished building: ../src/main.c'
' '
'Building target: upgrade_animer_hello.elf'
'Invoking: MicroBlaze gcc linker'
mb-gcc -Wl,-T -Wl,../src/lscript.ld -L../../upgrade_animer_hello_bsp/microblaze_0/lib -mlittle-endian -mcpu=v11.0 -mxl-soft-mul -Wl,--no-relax -Wl,--gc-sections -o "upgrade_animer_hello.elf"  ./src/main.o ./src/platform.o   -Wl,--start-group,-lxil,-lgcc,-lc,--end-group
'Finished building target: upgrade_animer_hello.elf'
' '
'Invoking: MicroBlaze Print Size'
mb-size upgrade_animer_hello.elf  |tee "upgrade_animer_hello.elf.size"
   text	   data	    bss	    dec	    hex	filename
  15256	    808	   3392	  19456	   4c00	upgrade_animer_hello.elf
'Finished building: upgrade_animer_hello.elf.size'
' '
16:12:32 **** Auto Build of configuration Debug for project upgrade_animer_hello ****
make all 
'Building file: ../src/main.c'
'Invoking: MicroBlaze gcc compiler'
mb-gcc -Wall -O0 -g3 -c -fmessage-length=0 -MT"src/main.o" -I../../upgrade_animer_hello_bsp/microblaze_0/include -mlittle-endian -mcpu=v11.0 -mxl-soft-mul -Wl,--no-relax -ffunction-sections -fdata-sections -MMD -MP -MF"src/main.d" -MT"src/main.o" -o "src/main.o" "../src/main.c"
'Finished building: ../src/main.c'
' '
'Building target: upgrade_animer_hello.elf'
'Invoking: MicroBlaze gcc linker'
mb-gcc -Wl,-T -Wl,../src/lscript.ld -L../../upgrade_animer_hello_bsp/microblaze_0/lib -mlittle-endian -mcpu=v11.0 -mxl-soft-mul -Wl,--no-relax -Wl,--gc-sections -o "upgrade_animer_hello.elf"  ./src/main.o ./src/platform.o   -Wl,--start-group,-lxil,-lgcc,-lc,--end-group
'Finished building target: upgrade_animer_hello.elf'
' '
'Invoking: MicroBlaze Print Size'
mb-size upgrade_animer_hello.elf  |tee "upgrade_animer_hello.elf.size"
   text	   data	    bss	    dec	    hex	filename
  15256	    808	   3392	  19456	   4c00	upgrade_animer_hello.elf
'Finished building: upgrade_animer_hello.elf.size'
' '
16:13:23 **** Auto Build of configuration Debug for project upgrade_animer_hello ****
make all 
'Building file: ../src/main.c'
'Invoking: MicroBlaze gcc compiler'
mb-gcc -Wall -O0 -g3 -c -fmessage-length=0 -MT"src/main.o" -I../../upgrade_animer_hello_bsp/microblaze_0/include -mlittle-endian -mcpu=v11.0 -mxl-soft-mul -Wl,--no-relax -ffunction-sections -fdata-sections -MMD -MP -MF"src/main.d" -MT"src/main.o" -o "src/main.o" "../src/main.c"
'Finished building: ../src/main.c'
' '
'Building target: upgrade_animer_hello.elf'
'Invoking: MicroBlaze gcc linker'
mb-gcc -Wl,-T -Wl,../src/lscript.ld -L../../upgrade_animer_hello_bsp/microblaze_0/lib -mlittle-endian -mcpu=v11.0 -mxl-soft-mul -Wl,--no-relax -Wl,--gc-sections -o "upgrade_animer_hello.elf"  ./src/main.o ./src/platform.o   -Wl,--start-group,-lxil,-lgcc,-lc,--end-group
'Finished building target: upgrade_animer_hello.elf'
' '
'Invoking: MicroBlaze Print Size'
mb-size upgrade_animer_hello.elf  |tee "upgrade_animer_hello.elf.size"
   text	   data	    bss	    dec	    hex	filename
  15284	    808	   3396	  19488	   4c20	upgrade_animer_hello.elf
'Finished building: upgrade_animer_hello.elf.size'
' '
16:13:50 **** Auto Build of configuration Debug for project upgrade_animer_hello ****
make all 
'Building file: ../src/main.c'
'Invoking: MicroBlaze gcc compiler'
mb-gcc -Wall -O0 -g3 -c -fmessage-length=0 -MT"src/main.o" -I../../upgrade_animer_hello_bsp/microblaze_0/include -mlittle-endian -mcpu=v11.0 -mxl-soft-mul -Wl,--no-relax -ffunction-sections -fdata-sections -MMD -MP -MF"src/main.d" -MT"src/main.o" -o "src/main.o" "../src/main.c"
'Finished building: ../src/main.c'
' '
'Building target: upgrade_animer_hello.elf'
'Invoking: MicroBlaze gcc linker'
mb-gcc -Wl,-T -Wl,../src/lscript.ld -L../../upgrade_animer_hello_bsp/microblaze_0/lib -mlittle-endian -mcpu=v11.0 -mxl-soft-mul -Wl,--no-relax -Wl,--gc-sections -o "upgrade_animer_hello.elf"  ./src/main.o ./src/platform.o   -Wl,--start-group,-lxil,-lgcc,-lc,--end-group
'Finished building target: upgrade_animer_hello.elf'
' '
'Invoking: MicroBlaze Print Size'
mb-size upgrade_animer_hello.elf  |tee "upgrade_animer_hello.elf.size"
   text	   data	    bss	    dec	    hex	filename
  15284	    808	   3396	  19488	   4c20	upgrade_animer_hello.elf
'Finished building: upgrade_animer_hello.elf.size'
' '
16:14:01 **** Auto Build of configuration Debug for project upgrade_animer_hello ****
make all 
'Building file: ../src/main.c'
'Invoking: MicroBlaze gcc compiler'
mb-gcc -Wall -O0 -g3 -c -fmessage-length=0 -MT"src/main.o" -I../../upgrade_animer_hello_bsp/microblaze_0/include -mlittle-endian -mcpu=v11.0 -mxl-soft-mul -Wl,--no-relax -ffunction-sections -fdata-sections -MMD -MP -MF"src/main.d" -MT"src/main.o" -o "src/main.o" "../src/main.c"
'Finished building: ../src/main.c'
' '
'Building target: upgrade_animer_hello.elf'
'Invoking: MicroBlaze gcc linker'
mb-gcc -Wl,-T -Wl,../src/lscript.ld -L../../upgrade_animer_hello_bsp/microblaze_0/lib -mlittle-endian -mcpu=v11.0 -mxl-soft-mul -Wl,--no-relax -Wl,--gc-sections -o "upgrade_animer_hello.elf"  ./src/main.o ./src/platform.o   -Wl,--start-group,-lxil,-lgcc,-lc,--end-group
'Finished building target: upgrade_animer_hello.elf'
' '
'Invoking: MicroBlaze Print Size'
mb-size upgrade_animer_hello.elf  |tee "upgrade_animer_hello.elf.size"
   text	   data	    bss	    dec	    hex	filename
  15296	    808	   3392	  19496	   4c28	upgrade_animer_hello.elf
'Finished building: upgrade_animer_hello.elf.size'
' '
16:14:19 **** Auto Build of configuration Debug for project upgrade_animer_hello ****
make all 
'Building file: ../src/main.c'
'Invoking: MicroBlaze gcc compiler'
mb-gcc -Wall -O0 -g3 -c -fmessage-length=0 -MT"src/main.o" -I../../upgrade_animer_hello_bsp/microblaze_0/include -mlittle-endian -mcpu=v11.0 -mxl-soft-mul -Wl,--no-relax -ffunction-sections -fdata-sections -MMD -MP -MF"src/main.d" -MT"src/main.o" -o "src/main.o" "../src/main.c"
'Finished building: ../src/main.c'
' '
'Building target: upgrade_animer_hello.elf'
'Invoking: MicroBlaze gcc linker'
mb-gcc -Wl,-T -Wl,../src/lscript.ld -L../../upgrade_animer_hello_bsp/microblaze_0/lib -mlittle-endian -mcpu=v11.0 -mxl-soft-mul -Wl,--no-relax -Wl,--gc-sections -o "upgrade_animer_hello.elf"  ./src/main.o ./src/platform.o   -Wl,--start-group,-lxil,-lgcc,-lc,--end-group
'Finished building target: upgrade_animer_hello.elf'
' '
'Invoking: MicroBlaze Print Size'
[...]
'Finished building: ../src/main.c'
' '
'Building target: Test_SEG7.elf'
'Invoking: MicroBlaze gcc linker'
mb-gcc -Wl,-T -Wl,../src/lscript.ld -L../../Test_SEG7_bsp/microblaze_0/lib -mlittle-endian -mcpu=v11.0 -mxl-soft-mul -Wl,--no-relax -Wl,--gc-sections -o "Test_SEG7.elf"  ./src/main.o ./src/platform.o   -Wl,--start-group,-lxil,-lgcc,-lc,--end-group
'Finished building target: Test_SEG7.elf'
' '
'Invoking: MicroBlaze Print Size'
mb-size Test_SEG7.elf  |tee "Test_SEG7.elf.size"
   text	   data	    bss	    dec	    hex	filename
   4632	    436	   3196	   8264	   2048	Test_SEG7.elf
'Finished building: Test_SEG7.elf.size'
' '
16:02:43 **** Auto Build of configuration Debug for project Test_SEG7 ****
make all 
'Building file: ../src/main.c'
'Invoking: MicroBlaze gcc compiler'
mb-gcc -Wall -O0 -g3 -c -fmessage-length=0 -MT"src/main.o" -I../../Test_SEG7_bsp/microblaze_0/include -mlittle-endian -mcpu=v11.0 -mxl-soft-mul -Wl,--no-relax -ffunction-sections -fdata-sections -MMD -MP -MF"src/main.d" -MT"src/main.o" -o "src/main.o" "../src/main.c"
'Finished building: ../src/main.c'
' '
'Building target: Test_SEG7.elf'
'Invoking: MicroBlaze gcc linker'
mb-gcc -Wl,-T -Wl,../src/lscript.ld -L../../Test_SEG7_bsp/microblaze_0/lib -mlittle-endian -mcpu=v11.0 -mxl-soft-mul -Wl,--no-relax -Wl,--gc-sections -o "Test_SEG7.elf"  ./src/main.o ./src/platform.o   -Wl,--start-group,-lxil,-lgcc,-lc,--end-group
'Finished building target: Test_SEG7.elf'
' '
'Invoking: MicroBlaze Print Size'
mb-size Test_SEG7.elf  |tee "Test_SEG7.elf.size"
   text	   data	    bss	    dec	    hex	filename
   4632	    436	   3196	   8264	   2048	Test_SEG7.elf
'Finished building: Test_SEG7.elf.size'
' '
16:02:56 **** Auto Build of configuration Debug for project Test_SEG7 ****
make all 
'Building file: ../src/main.c'
'Invoking: MicroBlaze gcc compiler'
mb-gcc -Wall -O0 -g3 -c -fmessage-length=0 -MT"src/main.o" -I../../Test_SEG7_bsp/microblaze_0/include -mlittle-endian -mcpu=v11.0 -mxl-soft-mul -Wl,--no-relax -ffunction-sections -fdata-sections -MMD -MP -MF"src/main.d" -MT"src/main.o" -o "src/main.o" "../src/main.c"
'Finished building: ../src/main.c'
' '
'Building target: Test_SEG7.elf'
'Invoking: MicroBlaze gcc linker'
mb-gcc -Wl,-T -Wl,../src/lscript.ld -L../../Test_SEG7_bsp/microblaze_0/lib -mlittle-endian -mcpu=v11.0 -mxl-soft-mul -Wl,--no-relax -Wl,--gc-sections -o "Test_SEG7.elf"  ./src/main.o ./src/platform.o   -Wl,--start-group,-lxil,-lgcc,-lc,--end-group
'Finished building target: Test_SEG7.elf'
' '
'Invoking: MicroBlaze Print Size'
mb-size Test_SEG7.elf  |tee "Test_SEG7.elf.size"
   text	   data	    bss	    dec	    hex	filename
   4632	    436	   3196	   8264	   2048	Test_SEG7.elf
'Finished building: Test_SEG7.elf.size'
' '
16:03:15 **** Auto Build of configuration Debug for project Test_SEG7 ****
make all 
'Building file: ../src/main.c'
'Invoking: MicroBlaze gcc compiler'
mb-gcc -Wall -O0 -g3 -c -fmessage-length=0 -MT"src/main.o" -I../../Test_SEG7_bsp/microblaze_0/include -mlittle-endian -mcpu=v11.0 -mxl-soft-mul -Wl,--no-relax -ffunction-sections -fdata-sections -MMD -MP -MF"src/main.d" -MT"src/main.o" -o "src/main.o" "../src/main.c"
'Finished building: ../src/main.c'
' '
'Building target: Test_SEG7.elf'
'Invoking: MicroBlaze gcc linker'
mb-gcc -Wl,-T -Wl,../src/lscript.ld -L../../Test_SEG7_bsp/microblaze_0/lib -mlittle-endian -mcpu=v11.0 -mxl-soft-mul -Wl,--no-relax -Wl,--gc-sections -o "Test_SEG7.elf"  ./src/main.o ./src/platform.o   -Wl,--start-group,-lxil,-lgcc,-lc,--end-group
'Finished building target: Test_SEG7.elf'
' '
'Invoking: MicroBlaze Print Size'
mb-size Test_SEG7.elf  |tee "Test_SEG7.elf.size"
   text	   data	    bss	    dec	    hex	filename
   4632	    436	   3196	   8264	   2048	Test_SEG7.elf
'Finished building: Test_SEG7.elf.size'
' '
16:03:39 **** Auto Build of configuration Debug for project animer_hello ****
make all 
'Building file: ../src/main.c'
'Invoking: MicroBlaze gcc compiler'
mb-gcc -Wall -O0 -g3 -c -fmessage-length=0 -MT"src/main.o" -I../../animer_hello_bsp/microblaze_0/include -mlittle-endian -mcpu=v11.0 -mxl-soft-mul -Wl,--no-relax -ffunction-sections -fdata-sections -MMD -MP -MF"src/main.d" -MT"src/main.o" -o "src/main.o" "../src/main.c"
'Finished building: ../src/main.c'
' '
'Building target: animer_hello.elf'
'Invoking: MicroBlaze gcc linker'
mb-gcc -Wl,-T -Wl,../src/lscript.ld -L../../animer_hello_bsp/microblaze_0/lib -mlittle-endian -mcpu=v11.0 -mxl-soft-mul -Wl,--no-relax -Wl,--gc-sections -o "animer_hello.elf"  ./src/main.o ./src/platform.o   -Wl,--start-group,-lxil,-lgcc,-lc,--end-group
'Finished building target: animer_hello.elf'
' '
'Invoking: MicroBlaze Print Size'
mb-size animer_hello.elf  |tee "animer_hello.elf.size"
   text	   data	    bss	    dec	    hex	filename
   4644	    420	   3200	   8264	   2048	animer_hello.elf
'Finished building: animer_hello.elf.size'
' '
16:06:08 **** Auto Build of configuration Debug for project animer_hello ****
make all 
'Building file: ../src/main.c'
'Invoking: MicroBlaze gcc compiler'
mb-gcc -Wall -O0 -g3 -c -fmessage-length=0 -MT"src/main.o" -I../../animer_hello_bsp/microblaze_0/include -mlittle-endian -mcpu=v11.0 -mxl-soft-mul -Wl,--no-relax -ffunction-sections -fdata-sections -MMD -MP -MF"src/main.d" -MT"src/main.o" -o "src/main.o" "../src/main.c"
'Finished building: ../src/main.c'
' '
'Building target: animer_hello.elf'
'Invoking: MicroBlaze gcc linker'
mb-gcc -Wl,-T -Wl,../src/lscript.ld -L../../animer_hello_bsp/microblaze_0/lib -mlittle-endian -mcpu=v11.0 -mxl-soft-mul -Wl,--no-relax -Wl,--gc-sections -o "animer_hello.elf"  ./src/main.o ./src/platform.o   -Wl,--start-group,-lxil,-lgcc,-lc,--end-group
'Finished building target: animer_hello.elf'
' '
'Invoking: MicroBlaze Print Size'
mb-size animer_hello.elf  |tee "animer_hello.elf.size"
   text	   data	    bss	    dec	    hex	filename
   4620	    420	   3200	   8240	   2030	animer_hello.elf
'Finished building: animer_hello.elf.size'
' '
16:06:54 **** Auto Build of configuration Debug for project animer_hello ****
make all 
'Building file: ../src/main.c'
'Invoking: MicroBlaze gcc compiler'
mb-gcc -Wall -O0 -g3 -c -fmessage-length=0 -MT"src/main.o" -I../../animer_hello_bsp/microblaze_0/include -mlittle-endian -mcpu=v11.0 -mxl-soft-mul -Wl,--no-relax -ffunction-sections -fdata-sections -MMD -MP -MF"src/main.d" -MT"src/main.o" -o "src/main.o" "../src/main.c"
../src/main.c: In function 'main':
../src/main.c:86:30: error: 'dirction' undeclared (first use in this function); did you mean 'direction'?
      infinite_animer_message(dirction);
                              ^~~~~~~~
                              direction
../src/main.c:86:30: note: each undeclared identifier is reported only once for each function it appears in
make: *** [src/subdir.mk:26: src/main.o] Error 1
16:07:23 **** Auto Build of configuration Debug for project animer_hello ****
make all 
'Building file: ../src/main.c'
'Invoking: MicroBlaze gcc compiler'
mb-gcc -Wall -O0 -g3 -c -fmessage-length=0 -MT"src/main.o" -I../../animer_hello_bsp/microblaze_0/include -mlittle-endian -mcpu=v11.0 -mxl-soft-mul -Wl,--no-relax -ffunction-sections -fdata-sections -MMD -MP -MF"src/main.d" -MT"src/main.o" -o "src/main.o" "../src/main.c"
'Finished building: ../src/main.c'
' '
'Building target: animer_hello.elf'
'Invoking: MicroBlaze gcc linker'
mb-gcc -Wl,-T -Wl,../src/lscript.ld -L../../animer_hello_bsp/microblaze_0/lib -mlittle-endian -mcpu=v11.0 -mxl-soft-mul -Wl,--no-relax -Wl,--gc-sections -o "animer_hello.elf"  ./src/main.o ./src/platform.o   -Wl,--start-group,-lxil,-lgcc,-lc,--end-group
'Finished building target: animer_hello.elf'
' '
'Invoking: MicroBlaze Print Size'
mb-size animer_hello.elf  |tee "animer_hello.elf.size"
   text	   data	    bss	    dec	    hex	filename
   4984	    420	   3196	   8600	   2198	animer_hello.elf
'Finished building: animer_hello.elf.size'
' '
16:07:26 **** Auto Build of configuration Debug for project animer_hello ****
make all 
'Building file: ../src/main.c'
'Invoking: MicroBlaze gcc compiler'
mb-gcc -Wall -O0 -g3 -c -fmessage-length=0 -MT"src/main.o" -I../../animer_hello_bsp/microblaze_0/include -mlittle-endian -mcpu=v11.0 -mxl-soft-mul -Wl,--no-relax -ffunction-sections -fdata-sections -MMD -MP -MF"src/main.d" -MT"src/main.o" -o "src/main.o" "../src/main.c"
'Finished building: ../src/main.c'
' '
'Building target: animer_hello.elf'
'Invoking: MicroBlaze gcc linker'
mb-gcc -Wl,-T -Wl,../src/lscript.ld -L../../animer_hello_bsp/microblaze_0/lib -mlittle-endian -mcpu=v11.0 -mxl-soft-mul -Wl,--no-relax -Wl,--gc-sections -o "animer_hello.elf"  ./src/main.o ./src/platform.o   -Wl,--start-group,-lxil,-lgcc,-lc,--end-group
'Finished building target: animer_hello.elf'
' '
'Invoking: MicroBlaze Print Size'
mb-size animer_hello.elf  |tee "animer_hello.elf.size"
   text	   data	    bss	    dec	    hex	filename
   4816	    420	   3196	   8432	   20f0	animer_hello.elf
'Finished building: animer_hello.elf.size'
' '
16:07:41 **** Incremental Build of configuration Debug for project animer_hello ****
make all 
make: Nothing to be done for 'all'.
16:08:03 **** Auto Build of configuration Debug for project animer_hello ****
make all 
'Building file: ../src/main.c'
'Invoking: MicroBlaze gcc compiler'
mb-gcc -Wall -O0 -g3 -c -fmessage-length=0 -MT"src/main.o" -I../../animer_hello_bsp/microblaze_0/include -mlittle-endian -mcpu=v11.0 -mxl-soft-mul -Wl,--no-relax -ffunction-sections -fdata-sections -MMD -MP -MF"src/main.d" -MT"src/main.o" -o "src/main.o" "../src/main.c"
'Finished building: ../src/main.c'
' '
'Building target: animer_hello.elf'
'Invoking: MicroBlaze gcc linker'
mb-gcc -Wl,-T -Wl,../src/lscript.ld -L../../animer_hello_bsp/microblaze_0/lib -mlittle-endian -mcpu=v11.0 -mxl-soft-mul -Wl,--no-relax -Wl,--gc-sections -o "animer_hello.elf"  ./src/main.o ./src/platform.o   -Wl,--start-group,-lxil,-lgcc,-lc,--end-group
'Finished building target: animer_hello.elf'
' '
'Invoking: MicroBlaze Print Size'
mb-size animer_hello.elf  |tee "animer_hello.elf.size"
   text	   data	    bss	    dec	    hex	filename
   4824	    420	   3196	   8440	   20f8	animer_hello.elf
'Finished building: animer_hello.elf.size'
' '
16:08:16 **** Incremental Build of configuration Debug for project animer_hello ****
make all 
make: Nothing to be done for 'all'.
16:08:46 **** Auto Build of configuration Debug for project animer_hello_upgrade ****
make all 
'Building file: ../src/main.c'
'Invoking: MicroBlaze gcc compiler'
mb-gcc -Wall -O0 -g3 -c -fmessage-length=0 -MT"src/main.o" -I../../animer_hello_upgrade_bsp/microblaze_0/include -mlittle-endian -mcpu=v11.0 -mxl-soft-mul -Wl,--no-relax -ffunction-sections -fdata-sections -MMD -MP -MF"src/main.d" -MT"src/main.o" -o "src/main.o" "../src/main.c"
'Finished building: ../src/main.c'
' '
'Building target: animer_hello_upgrade.elf'
'Invoking: MicroBlaze gcc linker'
mb-gcc -Wl,-T -Wl,../src/lscript.ld -L../../animer_hello_upgrade_bsp/microblaze_0/lib -mlittle-endian -mcpu=v11.0 -mxl-soft-mul -Wl,--no-relax -Wl,--gc-sections -o "animer_hello_upgrade.elf"  ./src/main.o ./src/platform.o   -Wl,--start-group,-lxil,-lgcc,-lc,--end-group
'Finished building target: animer_hello_upgrade.elf'
' '
'Invoking: MicroBlaze Print Size'
mb-size animer_hello_upgrade.elf  |tee "animer_hello_upgrade.elf.size"
   text	   data	    bss	    dec	    hex	filename
  15532	    808	   3404	  19744	   4d20	animer_hello_upgrade.elf
'Finished building: animer_hello_upgrade.elf.size'
' '
16:09:30 **** Auto Build of configuration Debug for project SEG7_IP ****
make all 
'Building file: ../src/main.c'
'Invoking: MicroBlaze gcc compiler'
mb-gcc -Wall -O0 -g3 -c -fmessage-length=0 -MT"src/main.o" -I../../SEG7_IP_bsp/microblaze_0/include -mlittle-endian -mcpu=v11.0 -mxl-soft-mul -Wl,--no-relax -ffunction-sections -fdata-sections -MMD -MP -MF"src/main.d" -MT"src/main.o" -o "src/main.o" "../src/main.c"
'Finished building: ../src/main.c'
' '
'Building target: SEG7_IP.elf'
'Invoking: MicroBlaze gcc linker'
mb-gcc -Wl,-T -Wl,../src/lscript.ld -L../../SEG7_IP_bsp/microblaze_0/lib -mlittle-endian -mcpu=v11.0 -mxl-soft-mul -Wl,--no-relax -Wl,--gc-sections -o "SEG7_IP.elf"  ./src/main.o ./src/platform.o   -Wl,--start-group,-lxil,-lgcc,-lc,--end-group
'Finished building target: SEG7_IP.elf'
' '
'Invoking: MicroBlaze Print Size'
mb-size SEG7_IP.elf  |tee "SEG7_IP.elf.size"
   text	   data	    bss	    dec	    hex	filename
  16240	    792	   3368	  20400	   4fb0	SEG7_IP.elf
'Finished building: SEG7_IP.elf.size'
' '
16:09:35 **** Auto Build of configuration Debug for project SEG7_IP ****
make all 
'Building file: ../src/main.c'
'Invoking: MicroBlaze gcc compiler'
mb-gcc -Wall -O0 -g3 -c -fmessage-length=0 -MT"src/main.o" -I../../SEG7_IP_bsp/microblaze_0/include -mlittle-endian -mcpu=v11.0 -mxl-soft-mul -Wl,--no-relax -ffunction-sections -fdata-sections -MMD -MP -MF"src/main.d" -MT"src/main.o" -o "src/main.o" "../src/main.c"
'Finished building: ../src/main.c'
' '
'Building target: SEG7_IP.elf'
'Invoking: MicroBlaze gcc linker'
mb-gcc -Wl,-T -Wl,../src/lscript.ld -L../../SEG7_IP_bsp/microblaze_0/lib -mlittle-endian -mcpu=v11.0 -mxl-soft-mul -Wl,--no-relax -Wl,--gc-sections -o "SEG7_IP.elf"  ./src/main.o ./src/platform.o   -Wl,--start-group,-lxil,-lgcc,-lc,--end-group
'Finished building target: SEG7_IP.elf'
' '
'Invoking: MicroBlaze Print Size'
mb-size SEG7_IP.elf  |tee "SEG7_IP.elf.size"
   text	   data	    bss	    dec	    hex	filename
  16240	    792	   3368	  20400	   4fb0	SEG7_IP.elf
'Finished building: SEG7_IP.elf.size'
' '
16:09:42 **** Auto Build of configuration Debug for project animer_hello_upgrade ****
make all 
'Building file: ../src/main.c'
'Invoking: MicroBlaze gcc compiler'
mb-gcc -Wall -O0 -g3 -c -fmessage-length=0 -MT"src/main.o" -I../../animer_hello_upgrade_bsp/microblaze_0/include -mlittle-endian -mcpu=v11.0 -mxl-soft-mul -Wl,--no-relax -ffunction-sections -fdata-sections -MMD -MP -MF"src/main.d" -MT"src/main.o" -o "src/main.o" "../src/main.c"
'Finished building: ../src/main.c'
' '
'Building target: animer_hello_upgrade.elf'
'Invoking: MicroBlaze gcc linker'
mb-gcc -Wl,-T -Wl,../src/lscript.ld -L../../animer_hello_upgrade_bsp/microblaze_0/lib -mlittle-endian -mcpu=v11.0 -mxl-soft-mul -Wl,--no-relax -Wl,--gc-sections -o "animer_hello_upgrade.elf"  ./src/main.o ./src/platform.o   -Wl,--start-group,-lxil,-lgcc,-lc,--end-group
'Finished building target: animer_hello_upgrade.elf'
' '
'Invoking: MicroBlaze Print Size'
mb-size animer_hello_upgrade.elf  |tee "animer_hello_upgrade.elf.size"
   text	   data	    bss	    dec	    hex	filename
  15532	    808	   3404	  19744	   4d20	animer_hello_upgrade.elf
'Finished building: animer_hello_upgrade.elf.size'
' '
16:09:44 **** Auto Build of configuration Debug for project animer_hello_upgrade ****
make all 
'Building file: ../src/main.c'
'Invoking: MicroBlaze gcc compiler'
mb-gcc -Wall -O0 -g3 -c -fmessage-length=0 -MT"src/main.o" -I../../animer_hello_upgrade_bsp/microblaze_0/include -mlittle-endian -mcpu=v11.0 -mxl-soft-mul -Wl,--no-relax -ffunction-sections -fdata-sections -MMD -MP -MF"src/main.d" -MT"src/main.o" -o "src/main.o" "../src/main.c"
'Finished building: ../src/main.c'
' '
'Building target: animer_hello_upgrade.elf'
'Invoking: MicroBlaze gcc linker'
mb-gcc -Wl,-T -Wl,../src/lscript.ld -L../../animer_hello_upgrade_bsp/microblaze_0/lib -mlittle-endian -mcpu=v11.0 -mxl-soft-mul -Wl,--no-relax -Wl,--gc-sections -o "animer_hello_upgrade.elf"  ./src/main.o ./src/platform.o   -Wl,--start-group,-lxil,-lgcc,-lc,--end-group
'Finished building target: animer_hello_upgrade.elf'
' '
'Invoking: MicroBlaze Print Size'
mb-size animer_hello_upgrade.elf  |tee "animer_hello_upgrade.elf.size"
   text	   data	    bss	    dec	    hex	filename
  15532	    808	   3404	  19744	   4d20	animer_hello_upgrade.elf
'Finished building: animer_hello_upgrade.elf.size'
' '
16:11:14 **** Auto Build of configuration Debug for project SEG7_IP ****
make all 
'Building file: ../src/main.c'
'Invoking: MicroBlaze gcc compiler'
mb-gcc -Wall -O0 -g3 -c -fmessage-length=0 -MT"src/main.o" -I../../SEG7_IP_bsp/microblaze_0/include -mlittle-endian -mcpu=v11.0 -mxl-soft-mul -Wl,--no-relax -ffunction-sections -fdata-sections -MMD -MP -MF"src/main.d" -MT"src/main.o" -o "src/main.o" "../src/main.c"
'Finished building: ../src/main.c'
' '
'Building target: SEG7_IP.elf'
'Invoking: MicroBlaze gcc linker'
mb-gcc -Wl,-T -Wl,../src/lscript.ld -L../../SEG7_IP_bsp/microblaze_0/lib -mlittle-endian -mcpu=v11.0 -mxl-soft-mul -Wl,--no-relax -Wl,--gc-sections -o "SEG7_IP.elf"  ./src/main.o ./src/platform.o   -Wl,--start-group,-lxil,-lgcc,-lc,--end-group
'Finished building target: SEG7_IP.elf'
' '
'Invoking: MicroBlaze Print Size'
mb-size SEG7_IP.elf  |tee "SEG7_IP.elf.size"
   text	   data	    bss	    dec	    hex	filename
  16204	    792	   3372	  20368	   4f90	SEG7_IP.elf
'Finished building: SEG7_IP.elf.size'
' '
16:13:59 **** Auto Build of configuration Debug for project SEG7_IP ****
make all 
'Building file: ../src/main.c'
'Invoking: MicroBlaze gcc compiler'
mb-gcc -Wall -O0 -g3 -c -fmessage-length=0 -MT"src/main.o" -I../../SEG7_IP_bsp/microblaze_0/include -mlittle-endian -mcpu=v11.0 -mxl-soft-mul -Wl,--no-relax -ffunction-sections -fdata-sections -MMD -MP -MF"src/main.d" -MT"src/main.o" -o "src/main.o" "../src/main.c"
'Finished building: ../src/main.c'
' '
'Building target: SEG7_IP.elf'
'Invoking: MicroBlaze gcc linker'
mb-gcc -Wl,-T -Wl,../src/lscript.ld -L../../SEG7_IP_bsp/microblaze_0/lib -mlittle-endian -mcpu=v11.0 -mxl-soft-mul -Wl,--no-relax -Wl,--gc-sections -o "SEG7_IP.elf"  ./src/main.o ./src/platform.o   -Wl,--start-group,-lxil,-lgcc,-lc,--end-group
'Finished building target: SEG7_IP.elf'
' '
'Invoking: MicroBlaze Print Size'
mb-size SEG7_IP.elf  |tee "SEG7_IP.elf.size"
   text	   data	    bss	    dec	    hex	filename
  16168	    792	   3368	  20328	   4f68	SEG7_IP.elf
'Finished building: SEG7_IP.elf.size'
' '
16:14:24 **** Auto Build of configuration Debug for project SEG7_IP ****
make all 
'Building file: ../src/main.c'
'Invoking: MicroBlaze gcc compiler'
mb-gcc -Wall -O0 -g3 -c -fmessage-length=0 -MT"src/main.o" -I../../SEG7_IP_bsp/microblaze_0/include -mlittle-endian -mcpu=v11.0 -mxl-soft-mul -Wl,--no-relax -ffunction-sections -fdata-sections -MMD -MP -MF"src/main.d" -MT"src/main.o" -o "src/main.o" "../src/main.c"
'Finished building: ../src/main.c'
' '
'Building target: SEG7_IP.elf'
'Invoking: MicroBlaze gcc linker'
mb-gcc -Wl,-T -Wl,../src/lscript.ld -L../../SEG7_IP_bsp/microblaze_0/lib -mlittle-endian -mcpu=v11.0 -mxl-soft-mul -Wl,--no-relax -Wl,--gc-sections -o "SEG7_IP.elf"  ./src/main.o ./src/platform.o   -Wl,--start-group,-lxil,-lgcc,-lc,--end-group
'Finished building target: SEG7_IP.elf'
' '
'Invoking: MicroBlaze Print Size'
mb-size SEG7_IP.elf  |tee "SEG7_IP.elf.size"
   text	   data	    bss	    dec	    hex	filename
  16168	    792	   3368	  20328	   4f68	SEG7_IP.elf
'Finished building: SEG7_IP.elf.size'
' '
16:14:28 **** Auto Build of configuration Debug for project SEG7_IP ****
make all 
'Building file: ../src/main.c'
'Invoking: MicroBlaze gcc compiler'
mb-gcc -Wall -O0 -g3 -c -fmessage-length=0 -MT"src/main.o" -I../../SEG7_IP_bsp/microblaze_0/include -mlittle-endian -mcpu=v11.0 -mxl-soft-mul -Wl,--no-relax -ffunction-sections -fdata-sections -MMD -MP -MF"src/main.d" -MT"src/main.o" -o "src/main.o" "../src/main.c"
'Finished building: ../src/main.c'
' '
'Building target: SEG7_IP.elf'
'Invoking: MicroBlaze gcc linker'
mb-gcc -Wl,-T -Wl,../src/lscript.ld -L../../SEG7_IP_bsp/microblaze_0/lib -mlittle-endian -mcpu=v11.0 -mxl-soft-mul -Wl,--no-relax -Wl,--gc-sections -o "SEG7_IP.elf"  ./src/main.o ./src/platform.o   -Wl,--start-group,-lxil,-lgcc,-lc,--end-group
'Finished building target: SEG7_IP.elf'
' '
'Invoking: MicroBlaze Print Size'
mb-size SEG7_IP.elf  |tee "SEG7_IP.elf.size"
   text	   data	    bss	    dec	    hex	filename
  16168	    792	   3368	  20328	   4f68	SEG7_IP.elf
'Finished building: SEG7_IP.elf.size'
' '
