16:14:28 **** Auto Build of configuration Debug for project SEG7_IP ****
make all 
'Building file: ../src/main.c'
'Invoking: MicroBlaze gcc compiler'
mb-gcc -Wall -O0 -g3 -c -fmessage-length=0 -MT"src/main.o" -I../../SEG7_IP_bsp/microblaze_0/include -mlittle-endian -mcpu=v11.0 -mxl-soft-mul -Wl,--no-relax -ffunction-sections -fdata-sections -MMD -MP -MF"src/main.d" -MT"src/main.o" -o "src/main.o" "../src/main.c"
'Finished building: ../src/main.c'
' '
'Building target: SEG7_IP.elf'
'Invoking: MicroBlaze gcc linker'
mb-gcc -Wl,-T -Wl,../src/lscript.ld -L../../SEG7_IP_bsp/microblaze_0/lib -mlittle-endian -mcpu=v11.0 -mxl-soft-mul -Wl,--no-relax -Wl,--gc-sections -o "SEG7_IP.elf"  ./src/main.o ./src/platform.o   -Wl,--start-group,-lxil,-lgcc,-lc,--end-group
'Finished building target: SEG7_IP.elf'
' '
'Invoking: MicroBlaze Print Size'
mb-size SEG7_IP.elf  |tee "SEG7_IP.elf.size"
   text	   data	    bss	    dec	    hex	filename
  16168	    792	   3368	  20328	   4f68	SEG7_IP.elf
'Finished building: SEG7_IP.elf.size'
' '

16:14:29 Build Finished (took 985ms)

